stm32wbxx_ll_system.h:2221:26:LL_FLASH_GetUDN	4	static
stm32wbxx_ll_system.h:2233:26:LL_FLASH_GetDeviceID	4	static
stm32wbxx_ll_system.h:2245:26:LL_FLASH_GetSTCompanyID	4	static
app_ble.c:375:6:APP_BLE_Init	72	static
app_ble.c:506:28:SVCCTL_App_Notification	48	static
app_ble.c:704:22:APP_BLE_Get_Server_Connection_Status	4	static
app_ble.c:717:13:Ble_Tl_Init	16	static
app_ble.c:728:13:Ble_Hci_Gap_Gatt_Init	72	static
app_ble.c:918:13:Adv_Request	56	static
app_ble.c:1003:16:BleGetBdAddress	32	static
app_ble.c:1060:13:Adv_Cancel	16	static
app_ble.c:1092:13:Adv_Cancel_Req	8	static
app_ble.c:1104:13:Switch_OFF_GPIO	4	static
app_ble.c:1163:6:hci_notify_asynch_evt	16	static
app_ble.c:1169:6:hci_cmd_resp_release	16	static
app_ble.c:1175:6:hci_cmd_resp_wait	16	static
app_ble.c:1181:13:BLE_UserEvtRx	24	static
app_ble.c:1201:13:BLE_StatusNot	24	static
app_ble.c:1232:6:SVCCTL_ResumeUserEventFlow	8	static
