Archive member included to satisfy reference by file (symbol)

/home/sarbjeet/gnuarmemb/gcc-arm-none-eabi-6-2017-q2-update/bin/../lib/gcc/arm-none-eabi/6.3.1/../../../../arm-none-eabi/lib/thumb/v7e-m/fpv4-sp/hard/libc_nano.a(lib_a-exit.o)
                              /home/sarbjeet/gnuarmemb/gcc-arm-none-eabi-6-2017-q2-update/bin/../lib/gcc/arm-none-eabi/6.3.1/../../../../arm-none-eabi/lib/thumb/v7e-m/fpv4-sp/hard/crt0.o (exit)
/home/sarbjeet/gnuarmemb/gcc-arm-none-eabi-6-2017-q2-update/bin/../lib/gcc/arm-none-eabi/6.3.1/../../../../arm-none-eabi/lib/thumb/v7e-m/fpv4-sp/hard/libc_nano.a(lib_a-impure.o)
                              /home/sarbjeet/gnuarmemb/gcc-arm-none-eabi-6-2017-q2-update/bin/../lib/gcc/arm-none-eabi/6.3.1/../../../../arm-none-eabi/lib/thumb/v7e-m/fpv4-sp/hard/libc_nano.a(lib_a-exit.o) (_global_impure_ptr)
/home/sarbjeet/gnuarmemb/gcc-arm-none-eabi-6-2017-q2-update/bin/../lib/gcc/arm-none-eabi/6.3.1/../../../../arm-none-eabi/lib/thumb/v7e-m/fpv4-sp/hard/libc_nano.a(lib_a-init.o)
                              /home/sarbjeet/gnuarmemb/gcc-arm-none-eabi-6-2017-q2-update/bin/../lib/gcc/arm-none-eabi/6.3.1/../../../../arm-none-eabi/lib/thumb/v7e-m/fpv4-sp/hard/crt0.o (__libc_init_array)
/home/sarbjeet/gnuarmemb/gcc-arm-none-eabi-6-2017-q2-update/bin/../lib/gcc/arm-none-eabi/6.3.1/../../../../arm-none-eabi/lib/thumb/v7e-m/fpv4-sp/hard/libc_nano.a(lib_a-locale.o)
                              _build/nrf52840_xxaa/nrf_log_str_formatter.c.o (__locale_ctype_ptr)
/home/sarbjeet/gnuarmemb/gcc-arm-none-eabi-6-2017-q2-update/bin/../lib/gcc/arm-none-eabi/6.3.1/../../../../arm-none-eabi/lib/thumb/v7e-m/fpv4-sp/hard/libc_nano.a(lib_a-mbtowc_r.o)
                              /home/sarbjeet/gnuarmemb/gcc-arm-none-eabi-6-2017-q2-update/bin/../lib/gcc/arm-none-eabi/6.3.1/../../../../arm-none-eabi/lib/thumb/v7e-m/fpv4-sp/hard/libc_nano.a(lib_a-locale.o) (__ascii_mbtowc)
/home/sarbjeet/gnuarmemb/gcc-arm-none-eabi-6-2017-q2-update/bin/../lib/gcc/arm-none-eabi/6.3.1/../../../../arm-none-eabi/lib/thumb/v7e-m/fpv4-sp/hard/libc_nano.a(lib_a-memcmp.o)
                              _build/nrf52840_xxaa/ble_advdata.c.o (memcmp)
/home/sarbjeet/gnuarmemb/gcc-arm-none-eabi-6-2017-q2-update/bin/../lib/gcc/arm-none-eabi/6.3.1/../../../../arm-none-eabi/lib/thumb/v7e-m/fpv4-sp/hard/libc_nano.a(lib_a-memcpy-stub.o)
                              _build/nrf52840_xxaa/nrf_log_frontend.c.o (memcpy)
/home/sarbjeet/gnuarmemb/gcc-arm-none-eabi-6-2017-q2-update/bin/../lib/gcc/arm-none-eabi/6.3.1/../../../../arm-none-eabi/lib/thumb/v7e-m/fpv4-sp/hard/libc_nano.a(lib_a-memset.o)
                              /home/sarbjeet/gnuarmemb/gcc-arm-none-eabi-6-2017-q2-update/bin/../lib/gcc/arm-none-eabi/6.3.1/../../../../arm-none-eabi/lib/thumb/v7e-m/fpv4-sp/hard/crt0.o (memset)
/home/sarbjeet/gnuarmemb/gcc-arm-none-eabi-6-2017-q2-update/bin/../lib/gcc/arm-none-eabi/6.3.1/../../../../arm-none-eabi/lib/thumb/v7e-m/fpv4-sp/hard/libc_nano.a(lib_a-strcmp.o)
                              /home/sarbjeet/gnuarmemb/gcc-arm-none-eabi-6-2017-q2-update/bin/../lib/gcc/arm-none-eabi/6.3.1/../../../../arm-none-eabi/lib/thumb/v7e-m/fpv4-sp/hard/libc_nano.a(lib_a-locale.o) (strcmp)
/home/sarbjeet/gnuarmemb/gcc-arm-none-eabi-6-2017-q2-update/bin/../lib/gcc/arm-none-eabi/6.3.1/../../../../arm-none-eabi/lib/thumb/v7e-m/fpv4-sp/hard/libc_nano.a(lib_a-strcpy.o)
                              _build/nrf52840_xxaa/SEGGER_RTT.c.o (strcpy)
/home/sarbjeet/gnuarmemb/gcc-arm-none-eabi-6-2017-q2-update/bin/../lib/gcc/arm-none-eabi/6.3.1/../../../../arm-none-eabi/lib/thumb/v7e-m/fpv4-sp/hard/libc_nano.a(lib_a-strlen.o)
                              _build/nrf52840_xxaa/nrf_log_frontend.c.o (strlen)
/home/sarbjeet/gnuarmemb/gcc-arm-none-eabi-6-2017-q2-update/bin/../lib/gcc/arm-none-eabi/6.3.1/../../../../arm-none-eabi/lib/thumb/v7e-m/fpv4-sp/hard/libc_nano.a(lib_a-wctomb_r.o)
                              /home/sarbjeet/gnuarmemb/gcc-arm-none-eabi-6-2017-q2-update/bin/../lib/gcc/arm-none-eabi/6.3.1/../../../../arm-none-eabi/lib/thumb/v7e-m/fpv4-sp/hard/libc_nano.a(lib_a-locale.o) (__ascii_wctomb)
/home/sarbjeet/gnuarmemb/gcc-arm-none-eabi-6-2017-q2-update/bin/../lib/gcc/arm-none-eabi/6.3.1/../../../../arm-none-eabi/lib/thumb/v7e-m/fpv4-sp/hard/libc_nano.a(lib_a-ctype_.o)
                              /home/sarbjeet/gnuarmemb/gcc-arm-none-eabi-6-2017-q2-update/bin/../lib/gcc/arm-none-eabi/6.3.1/../../../../arm-none-eabi/lib/thumb/v7e-m/fpv4-sp/hard/libc_nano.a(lib_a-locale.o) (_ctype_)
/home/sarbjeet/gnuarmemb/gcc-arm-none-eabi-6-2017-q2-update/bin/../lib/gcc/arm-none-eabi/6.3.1/../../../../arm-none-eabi/lib/thumb/v7e-m/fpv4-sp/hard/libnosys.a(_exit.o)
                              /home/sarbjeet/gnuarmemb/gcc-arm-none-eabi-6-2017-q2-update/bin/../lib/gcc/arm-none-eabi/6.3.1/../../../../arm-none-eabi/lib/thumb/v7e-m/fpv4-sp/hard/libc_nano.a(lib_a-exit.o) (_exit)
[...]
Memory Configuration

Name             Origin             Length             Attributes
FLASH            0x0000000000027000 0x00000000000d9000 xr
RAM              0x0000000020002300 0x000000000003dd00 xrw
*default*        0x0000000000000000 0xffffffffffffffff

Linker script and memory map


.text           0x0000000000027000     0x7224
 *(.isr_vector)
 .isr_vector    0x0000000000027000      0x200 _build/nrf52840_xxaa/gcc_startup_nrf52840.S.o
                0x0000000000027000                __isr_vector
 *(.text*)
 .text          0x0000000000027200       0x6c /home/sarbjeet/gnuarmemb/gcc-arm-none-eabi-6-2017-q2-update/bin/../lib/gcc/arm-none-eabi/6.3.1/thumb/v7e-m/fpv4-sp/hard/crtbegin.o
 .text          0x000000000002726c       0x74 /home/sarbjeet/gnuarmemb/gcc-arm-none-eabi-6-2017-q2-update/bin/../lib/gcc/arm-none-eabi/6.3.1/../../../../arm-none-eabi/lib/thumb/v7e-m/fpv4-sp/hard/crt0.o
                0x000000000002726c                _mainCRTStartup
                0x000000000002726c                _start
 .text          0x00000000000272e0       0x3c _build/nrf52840_xxaa/gcc_startup_nrf52840.S.o
                0x00000000000272e0                Reset_Handler
                0x0000000000027308                NMI_Handler
                0x000000000002730a                HardFault_Handler
                0x000000000002730c                MemoryManagement_Handler
                0x000000000002730e                BusFault_Handler
                0x0000000000027310                UsageFault_Handler
                0x0000000000027312                SVC_Handler
                0x0000000000027314                DebugMon_Handler
                0x0000000000027316                PendSV_Handler
                0x0000000000027318                SysTick_Handler
                0x000000000002731a                TIMER2_IRQHandler
                0x000000000002731a                RTC0_IRQHandler
                0x000000000002731a                SWI0_EGU0_IRQHandler
                0x000000000002731a                PWM1_IRQHandler
                0x000000000002731a                RADIO_IRQHandler
                0x000000000002731a                PDM_IRQHandler
                0x000000000002731a                TEMP_IRQHandler
                0x000000000002731a                QDEC_IRQHandler
                0x000000000002731a                TIMER3_IRQHandler
                0x000000000002731a                PWM3_IRQHandler
                0x000000000002731a                FPU_IRQHandler
                0x000000000002731a                USBD_IRQHandler
                0x000000000002731a                SPIM0_SPIS0_TWIM0_TWIS0_SPI0_TWI0_IRQHandler
                0x000000000002731a                TIMER4_IRQHandler
                0x000000000002731a                CRYPTOCELL_IRQHandler
                0x000000000002731a                I2S_IRQHandler
                0x000000000002731a                SWI4_EGU4_IRQHandler
                0x000000000002731a                TIMER0_IRQHandler
                0x000000000002731a                UARTE1_IRQHandler
                0x000000000002731a                TIMER1_IRQHandler
                0x000000000002731a                SPIM3_IRQHandler
                0x000000000002731a                PWM2_IRQHandler
                0x000000000002731a                ECB_IRQHandler
                0x000000000002731a                SPIM1_SPIS1_TWIM1_TWIS1_SPI1_TWI1_IRQHandler
                0x000000000002731a                Default_Handler
                0x000000000002731a                SAADC_IRQHandler
                0x000000000002731a                CCM_AAR_IRQHandler
                0x000000000002731a                WDT_IRQHandler
                0x000000000002731a                SWI5_EGU5_IRQHandler
                0x000000000002731a                RNG_IRQHandler
                0x000000000002731a                RTC2_IRQHandler
                0x000000000002731a                PWM0_IRQHandler
                0x000000000002731a                SWI3_EGU3_IRQHandler
                0x000000000002731a                SWI1_EGU1_IRQHandler
                0x000000000002731a                SPIM2_SPIS2_SPI2_IRQHandler
                0x000000000002731a                NFCT_IRQHandler
                0x000000000002731a                MWU_IRQHandler
                0x000000000002731a                QSPI_IRQHandler
                0x000000000002731a                COMP_LPCOMP_IRQHandler
 .text.ble_evt_handler
                0x000000000002731c       0xb0 _build/nrf52840_xxaa/bsp_btn_ble.c.o
 .text.bsp_btn_ble_sleep_mode_prepare
                0x00000000000273cc       0x24 _build/nrf52840_xxaa/bsp_btn_ble.c.o
                0x00000000000273cc                bsp_btn_ble_sleep_mode_prepare
 .text.bsp_btn_ble_init
                0x00000000000273f0       0x70 _build/nrf52840_xxaa/bsp_btn_ble.c.o
                0x00000000000273f0                bsp_btn_ble_init
 .text.alert_timer_handler
                0x0000000000027460        0x8 _build/nrf52840_xxaa/bsp.c.o
 .text.bsp_button_event_handler
                0x0000000000027468       0x80 _build/nrf52840_xxaa/bsp.c.o
 .text.button_timer_handler
                0x00000000000274e8       0x28 _build/nrf52840_xxaa/bsp.c.o
 .text.leds_timer_handler
                0x0000000000027510      0x2ec _build/nrf52840_xxaa/bsp.c.o
 .text.bsp_button_is_pressed
                0x00000000000277fc        0xc _build/nrf52840_xxaa/bsp.c.o
                0x00000000000277fc                bsp_button_is_pressed
 .text.bsp_indication_set
                0x0000000000027808      0x334 _build/nrf52840_xxaa/bsp.c.o
                0x0000000000027808                bsp_indication_set
 .text.bsp_init
                0x0000000000027b3c       0xb4 _build/nrf52840_xxaa/bsp.c.o
                0x0000000000027b3c                bsp_init
 .text.bsp_event_to_button_action_assign
                0x0000000000027bf0       0x3c _build/nrf52840_xxaa/bsp.c.o
                0x0000000000027bf0                bsp_event_to_button_action_assign
 .text.bsp_wakeup_button_enable
                0x0000000000027c2c       0x40 _build/nrf52840_xxaa/bsp.c.o
                0x0000000000027c2c                bsp_wakeup_button_enable
 .text.nrf_log_backend_serial_put
                0x0000000000027c6c       0xcc _build/nrf52840_xxaa/nrf_log_backend_serial.c.o
                0x0000000000027c6c                nrf_log_backend_serial_put
 .text.uart_evt_handler
                0x0000000000027d38        0xc _build/nrf52840_xxaa/nrf_log_backend_uart.c.o
 .text.nrf_log_backend_uart_flush
                0x0000000000027d44        0x4 _build/nrf52840_xxaa/nrf_log_backend_uart.c.o
 .text.nrf_log_backend_uart_put
                0x0000000000027d48       0x20 _build/nrf52840_xxaa/nrf_log_backend_uart.c.o
 .text.serial_tx
                0x0000000000027d68       0x4c _build/nrf52840_xxaa/nrf_log_backend_uart.c.o
 .text.nrf_log_backend_uart_panic_set
                0x0000000000027db4       0x60 _build/nrf52840_xxaa/nrf_log_backend_uart.c.o
 .text.nrf_log_backend_uart_init
                0x0000000000027e14       0x48 _build/nrf52840_xxaa/nrf_log_backend_uart.c.o
                0x0000000000027e14                nrf_log_backend_uart_init
 .text.nrf_log_default_backends_init
                0x0000000000027e5c       0x20 _build/nrf52840_xxaa/nrf_log_default_backends.c.o
                0x0000000000027e5c                nrf_log_default_backends_init
 .text.log_skip
                0x0000000000027e7c       0xd4 _build/nrf52840_xxaa/nrf_log_frontend.c.o
 .text.nrf_log_init
                0x0000000000027f50       0x28 _build/nrf52840_xxaa/nrf_log_frontend.c.o
                0x0000000000027f50                nrf_log_init
 .text.nrf_log_module_name_get
                0x0000000000027f78       0x54 _build/nrf52840_xxaa/nrf_log_frontend.c.o
                0x0000000000027f78                nrf_log_module_name_get
 .text.nrf_log_color_id_get
                0x0000000000027fcc       0x2c _build/nrf52840_xxaa/nrf_log_frontend.c.o
                0x0000000000027fcc                nrf_log_color_id_get
 .text.log_pending_hook
                0x0000000000027ff8        0x4 _build/nrf52840_xxaa/nrf_log_frontend.c.o
                0x0000000000027ff8                log_pending_hook
 .text.nrf_log_frontend_dequeue
                0x0000000000027ffc      0x24c _build/nrf52840_xxaa/nrf_log_frontend.c.o
                0x0000000000027ffc                nrf_log_frontend_dequeue
 .text.nrf_log_frontend_std_0
                0x0000000000028248       0xe0 _build/nrf52840_xxaa/nrf_log_frontend.c.o
                0x0000000000028248                nrf_log_frontend_std_0
 .text.nrf_log_frontend_std_1
                0x0000000000028328       0xf4 _build/nrf52840_xxaa/nrf_log_frontend.c.o
                0x0000000000028328                nrf_log_frontend_std_1
 .text.nrf_log_frontend_std_2
                0x000000000002841c      0x104 _build/nrf52840_xxaa/nrf_log_frontend.c.o
                0x000000000002841c                nrf_log_frontend_std_2
 .text.nrf_log_frontend_std_3
                0x0000000000028520      0x110 _build/nrf52840_xxaa/nrf_log_frontend.c.o
                0x0000000000028520                nrf_log_frontend_std_3
 .text.nrf_log_backend_add
                0x0000000000028630       0x64 _build/nrf52840_xxaa/nrf_log_frontend.c.o
                0x0000000000028630                nrf_log_backend_add
 .text.nrf_log_panic
                0x0000000000028694       0x28 _build/nrf52840_xxaa/nrf_log_frontend.c.o
                0x0000000000028694                nrf_log_panic
 .text.nrf_log_std_entry_process
                0x00000000000286bc      0x14c _build/nrf52840_xxaa/nrf_log_str_formatter.c.o
                0x00000000000286bc                nrf_log_std_entry_process
 .text.nrf_log_hexdump_entry_process
                0x0000000000028808      0x164 _build/nrf52840_xxaa/nrf_log_str_formatter.c.o
                0x0000000000028808                nrf_log_hexdump_entry_process
 .text.gpiote_event_handler
                0x000000000002896c       0x80 _build/nrf52840_xxaa/app_button.c.o
 .text.detection_delay_timeout_handler
                0x00000000000289ec      0x290 _build/nrf52840_xxaa/app_button.c.o
 .text.app_button_init
                0x0000000000028c7c       0xb4 _build/nrf52840_xxaa/app_button.c.o
                0x0000000000028c7c                app_button_init
 .text.app_button_enable
                0x0000000000028d30       0x2c _build/nrf52840_xxaa/app_button.c.o
                0x0000000000028d30                app_button_enable
 .text.app_error_handler_bare
                0x0000000000028d5c       0x20 _build/nrf52840_xxaa/app_error.c.o
                0x0000000000028d5c                app_error_handler_bare
 .text.app_error_fault_handler
                0x0000000000028d7c       0x70 _build/nrf52840_xxaa/app_error_weak.c.o
                0x0000000000028d7c                app_error_fault_handler
 .text.compare_func
                0x0000000000028dec       0x18 _build/nrf52840_xxaa/app_timer2.c.o
 .text.rtc_irq  0x0000000000028e04      0x3d8 _build/nrf52840_xxaa/app_timer2.c.o
 .text.app_timer_init
                0x00000000000291dc       0x6c _build/nrf52840_xxaa/app_timer2.c.o
                0x00000000000291dc                app_timer_init
 .text.app_timer_create
                0x0000000000029248       0x2c _build/nrf52840_xxaa/app_timer2.c.o
                0x0000000000029248                app_timer_create
 .text.app_timer_start
                0x0000000000029274       0xcc _build/nrf52840_xxaa/app_timer2.c.o
                0x0000000000029274                app_timer_start
 .text.app_timer_stop
                0x0000000000029340       0x78 _build/nrf52840_xxaa/app_timer2.c.o
                0x0000000000029340                app_timer_stop
 .text.app_util_critical_region_enter
                0x00000000000293b8       0x4c _build/nrf52840_xxaa/app_util_platform.c.o
                0x00000000000293b8                app_util_critical_region_enter
 .text.app_util_critical_region_exit
                0x0000000000029404       0x30 _build/nrf52840_xxaa/app_util_platform.c.o
                0x0000000000029404                app_util_critical_region_exit
 .text.drv_rtc_init
                0x0000000000029434       0xbc _build/nrf52840_xxaa/drv_rtc.c.o
                0x0000000000029434                drv_rtc_init
 .text.drv_rtc_start
                0x00000000000294f0        0x8 _build/nrf52840_xxaa/drv_rtc.c.o
                0x00000000000294f0                drv_rtc_start
 .text.drv_rtc_stop
                0x00000000000294f8        0x8 _build/nrf52840_xxaa/drv_rtc.c.o
                0x00000000000294f8                drv_rtc_stop
 .text.drv_rtc_compare_set
                0x0000000000029500       0x4c _build/nrf52840_xxaa/drv_rtc.c.o
                0x0000000000029500                drv_rtc_compare_set
 .text.drv_rtc_windowed_compare_set
                0x000000000002954c       0xfc _build/nrf52840_xxaa/drv_rtc.c.o
                0x000000000002954c                drv_rtc_windowed_compare_set
 .text.drv_rtc_overflow_enable
                0x0000000000029648       0x14 _build/nrf52840_xxaa/drv_rtc.c.o
                0x0000000000029648                drv_rtc_overflow_enable
 .text.drv_rtc_overflow_pending
                0x000000000002965c       0x20 _build/nrf52840_xxaa/drv_rtc.c.o
                0x000000000002965c                drv_rtc_overflow_pending
 .text.drv_rtc_compare_disable
                0x000000000002967c       0x18 _build/nrf52840_xxaa/drv_rtc.c.o
                0x000000000002967c                drv_rtc_compare_disable
 .text.drv_rtc_compare_pending
                0x0000000000029694       0x20 _build/nrf52840_xxaa/drv_rtc.c.o
                0x0000000000029694                drv_rtc_compare_pending
 .text.drv_rtc_counter_get
                0x00000000000296b4        0x8 _build/nrf52840_xxaa/drv_rtc.c.o
                0x00000000000296b4                drv_rtc_counter_get
 .text.drv_rtc_irq_trigger
                0x00000000000296bc       0x24 _build/nrf52840_xxaa/drv_rtc.c.o
                0x00000000000296bc                drv_rtc_irq_trigger
 .text.RTC1_IRQHandler
                0x00000000000296e0       0x14 _build/nrf52840_xxaa/drv_rtc.c.o
                0x00000000000296e0                RTC1_IRQHandler
 .text.nrf_atfifo_init
                0x00000000000296f4       0x30 _build/nrf52840_xxaa/nrf_atfifo.c.o
                0x00000000000296f4                nrf_atfifo_init
 .text.nrf_atfifo_item_alloc
                0x0000000000029724       0x5c _build/nrf52840_xxaa/nrf_atfifo.c.o
                0x0000000000029724                nrf_atfifo_item_alloc
 .text.nrf_atfifo_item_put
                0x0000000000029780       0x20 _build/nrf52840_xxaa/nrf_atfifo.c.o
                0x0000000000029780                nrf_atfifo_item_put
 .text.nrf_atfifo_item_get
                0x00000000000297a0       0x60 _build/nrf52840_xxaa/nrf_atfifo.c.o
                0x00000000000297a0                nrf_atfifo_item_get
 .text.nrf_atfifo_item_free
                0x0000000000029800       0x20 _build/nrf52840_xxaa/nrf_atfifo.c.o
                0x0000000000029800                nrf_atfifo_item_free
 .text.nrf_atflags_set
                0x0000000000029820       0x14 _build/nrf52840_xxaa/nrf_atflags.c.o
                0x0000000000029820                nrf_atflags_set
 .text.nrf_atflags_clear
                0x0000000000029834       0x14 _build/nrf52840_xxaa/nrf_atflags.c.o
                0x0000000000029834                nrf_atflags_clear
 .text.nrf_atflags_get
                0x0000000000029848       0x14 _build/nrf52840_xxaa/nrf_atflags.c.o
                0x0000000000029848                nrf_atflags_get
 .text.nrf_atomic_u32_fetch_store
                0x000000000002985c       0x18 _build/nrf52840_xxaa/nrf_atomic.c.o
                0x000000000002985c                nrf_atomic_u32_fetch_store
 .text.nrf_atomic_u32_or
                0x0000000000029874       0x1c _build/nrf52840_xxaa/nrf_atomic.c.o
                0x0000000000029874                nrf_atomic_u32_or
 .text.nrf_atomic_u32_and
                0x0000000000029890       0x1c _build/nrf52840_xxaa/nrf_atomic.c.o
                0x0000000000029890                nrf_atomic_u32_and
 .text.nrf_atomic_u32_add
                0x00000000000298ac       0x1c _build/nrf52840_xxaa/nrf_atomic.c.o
                0x00000000000298ac                nrf_atomic_u32_add
 .text.nrf_atomic_u32_sub
                0x00000000000298c8       0x1c _build/nrf52840_xxaa/nrf_atomic.c.o
                0x00000000000298c8                nrf_atomic_u32_sub
 .text.nrf_atomic_flag_set
                0x00000000000298e4       0x1c _build/nrf52840_xxaa/nrf_atomic.c.o
                0x00000000000298e4                nrf_atomic_flag_set
 .text.nrf_atomic_flag_clear_fetch
                0x0000000000029900       0x1c _build/nrf52840_xxaa/nrf_atomic.c.o
                0x0000000000029900                nrf_atomic_flag_clear_fetch
 .text.nrf_balloc_init
                0x000000000002991c       0x38 _build/nrf52840_xxaa/nrf_balloc.c.o
                0x000000000002991c                nrf_balloc_init
 .text.nrf_balloc_alloc
                0x0000000000029954       0x50 _build/nrf52840_xxaa/nrf_balloc.c.o
                0x0000000000029954                nrf_balloc_alloc
 .text.nrf_balloc_free
                0x00000000000299a4       0x38 _build/nrf52840_xxaa/nrf_balloc.c.o
                0x00000000000299a4                nrf_balloc_free
 .text.nrf_fprintf_buffer_flush
                0x00000000000299dc       0x18 _build/nrf52840_xxaa/nrf_fprintf.c.o
                0x00000000000299dc                nrf_fprintf_buffer_flush
 .text.nrf_fprintf
                0x00000000000299f4       0x20 _build/nrf52840_xxaa/nrf_fprintf.c.o
                0x00000000000299f4                nrf_fprintf
 .text.unsigned_print
                0x0000000000029a14      0x13c _build/nrf52840_xxaa/nrf_fprintf_format.c.o
 .text.nrf_fprintf_fmt
                0x0000000000029b50      0x580 _build/nrf52840_xxaa/nrf_fprintf_format.c.o
                0x0000000000029b50                nrf_fprintf_fmt
 .text.nrf_memobj_pool_init
                0x000000000002a0d0        0x4 _build/nrf52840_xxaa/nrf_memobj.c.o
                0x000000000002a0d0                nrf_memobj_pool_init
 .text.nrf_memobj_alloc
                0x000000000002a0d4       0x90 _build/nrf52840_xxaa/nrf_memobj.c.o
                0x000000000002a0d4                nrf_memobj_alloc
 .text.nrf_memobj_get
                0x000000000002a164        0x8 _build/nrf52840_xxaa/nrf_memobj.c.o
                0x000000000002a164                nrf_memobj_get
 .text.nrf_memobj_put
                0x000000000002a16c       0x44 _build/nrf52840_xxaa/nrf_memobj.c.o
                0x000000000002a16c                nrf_memobj_put
 .text.nrf_memobj_write
                0x000000000002a1b0       0x6c _build/nrf52840_xxaa/nrf_memobj.c.o
                0x000000000002a1b0                nrf_memobj_write
 .text.nrf_memobj_read
                0x000000000002a21c       0x6c _build/nrf52840_xxaa/nrf_memobj.c.o
                0x000000000002a21c                nrf_memobj_read
 .text.sd_app_evt_wait
                0x000000000002a288        0x4 _build/nrf52840_xxaa/nrf_pwr_mgmt.c.o
 .text.nrf_pwr_mgmt_init
                0x000000000002a28c       0x2c _build/nrf52840_xxaa/nrf_pwr_mgmt.c.o
                0x000000000002a28c                nrf_pwr_mgmt_init
 .text.nrf_pwr_mgmt_run
                0x000000000002a2b8       0x50 _build/nrf52840_xxaa/nrf_pwr_mgmt.c.o
                0x000000000002a2b8                nrf_pwr_mgmt_run
 .text.nrf_ringbuf_init
                0x000000000002a308       0x1c _build/nrf52840_xxaa/nrf_ringbuf.c.o
                0x000000000002a308                nrf_ringbuf_init
 .text.nrf_section_iter_init
                0x000000000002a324       0x14 _build/nrf52840_xxaa/nrf_section_iter.c.o
                0x000000000002a324                nrf_section_iter_init
 .text.nrf_section_iter_next
                0x000000000002a338       0x18 _build/nrf52840_xxaa/nrf_section_iter.c.o
                0x000000000002a338                nrf_section_iter_next
 .text.nrf_sortlist_add
                0x000000000002a350       0x28 _build/nrf52840_xxaa/nrf_sortlist.c.o
                0x000000000002a350                nrf_sortlist_add
 .text.nrf_sortlist_pop
                0x000000000002a378        0xc _build/nrf52840_xxaa/nrf_sortlist.c.o
                0x000000000002a378                nrf_sortlist_pop
 .text.nrf_sortlist_peek
                0x000000000002a384        0x8 _build/nrf52840_xxaa/nrf_sortlist.c.o
                0x000000000002a384                nrf_sortlist_peek
 .text.nrf_sortlist_remove
                0x000000000002a38c       0x28 _build/nrf52840_xxaa/nrf_sortlist.c.o
                0x000000000002a38c                nrf_sortlist_remove
 .text.nrf_strerror_get
                0x000000000002a3b4       0x6c _build/nrf52840_xxaa/nrf_strerror.c.o
                0x000000000002a3b4                nrf_strerror_get
 .text.SystemInit
                0x000000000002a420      0x274 _build/nrf52840_xxaa/system_nrf52840.c.o
                0x000000000002a420                SystemInit
 .text.bsp_board_led_state_get
                0x000000000002a694       0x28 _build/nrf52840_xxaa/boards.c.o
                0x000000000002a694                bsp_board_led_state_get
 .text.bsp_board_led_on
                0x000000000002a6bc       0x28 _build/nrf52840_xxaa/boards.c.o
                0x000000000002a6bc                bsp_board_led_on
 .text.bsp_board_led_off
                0x000000000002a6e4       0x28 _build/nrf52840_xxaa/boards.c.o
                0x000000000002a6e4                bsp_board_led_off
 .text.bsp_board_leds_off
                0x000000000002a70c       0x30 _build/nrf52840_xxaa/boards.c.o
                0x000000000002a70c                bsp_board_leds_off
 .text.bsp_board_leds_on
                0x000000000002a73c       0x30 _build/nrf52840_xxaa/boards.c.o
                0x000000000002a73c                bsp_board_leds_on
 .text.bsp_board_led_invert
                0x000000000002a76c       0x34 _build/nrf52840_xxaa/boards.c.o
                0x000000000002a76c                bsp_board_led_invert
 .text.bsp_board_button_state_get
                0x000000000002a7a0       0x14 _build/nrf52840_xxaa/boards.c.o
                0x000000000002a7a0                bsp_board_button_state_get
 .text.bsp_board_pin_to_button_idx
                0x000000000002a7b4        0xc _build/nrf52840_xxaa/boards.c.o
                0x000000000002a7b4                bsp_board_pin_to_button_idx
 .text.bsp_board_button_idx_to_pin
                0x000000000002a7c0        0x4 _build/nrf52840_xxaa/boards.c.o
                0x000000000002a7c0                bsp_board_button_idx_to_pin
 .text.bsp_board_init
                0x000000000002a7c4       0xd4 _build/nrf52840_xxaa/boards.c.o
                0x000000000002a7c4                bsp_board_init
 .text.clock_irq_handler
                0x000000000002a898       0x40 _build/nrf52840_xxaa/nrf_drv_clock.c.o
 .text.soc_evt_handler
                0x000000000002a8d8       0x24 _build/nrf52840_xxaa/nrf_drv_clock.c.o
 .text.sd_state_evt_handler
                0x000000000002a8fc       0xbc _build/nrf52840_xxaa/nrf_drv_clock.c.o
 .text.uarte_evt_handler
                0x000000000002a9b8       0x34 _build/nrf52840_xxaa/nrf_drv_uart.c.o
 .text.uart_evt_handler
                0x000000000002a9ec       0x34 _build/nrf52840_xxaa/nrf_drv_uart.c.o
 .text.nrf_drv_uart_init
                0x000000000002aa20       0x88 _build/nrf52840_xxaa/nrf_drv_uart.c.o
                0x000000000002aa20                nrf_drv_uart_init
 .text.nrfx_clock_init
                0x000000000002aaa8       0x1c _build/nrf52840_xxaa/nrfx_clock.c.o
                0x000000000002aaa8                nrfx_clock_init
 .text.nrfx_clock_enable
                0x000000000002aac4       0x24 _build/nrf52840_xxaa/nrfx_clock.c.o
                0x000000000002aac4                nrfx_clock_enable
 .text.nrfx_clock_lfclk_stop
                0x000000000002aae8       0x38 _build/nrf52840_xxaa/nrfx_clock.c.o
                0x000000000002aae8                nrfx_clock_lfclk_stop
 .text.POWER_CLOCK_IRQHandler
                0x000000000002ab20       0x60 _build/nrf52840_xxaa/nrfx_clock.c.o
                0x000000000002ab20                POWER_CLOCK_IRQHandler
 .text.nrfx_gpiote_init
                0x000000000002ab80       0xbc _build/nrf52840_xxaa/nrfx_gpiote.c.o
                0x000000000002ab80                nrfx_gpiote_init
 .text.nrfx_gpiote_is_init
                0x000000000002ac3c       0x14 _build/nrf52840_xxaa/nrfx_gpiote.c.o
                0x000000000002ac3c                nrfx_gpiote_is_init
 .text.nrfx_gpiote_in_init
                0x000000000002ac50      0x1c4 _build/nrf52840_xxaa/nrfx_gpiote.c.o
                0x000000000002ac50                nrfx_gpiote_in_init
 .text.nrfx_gpiote_in_event_enable
                0x000000000002ae14       0xf8 _build/nrf52840_xxaa/nrfx_gpiote.c.o
                0x000000000002ae14                nrfx_gpiote_in_event_enable
 .text.nrfx_gpiote_in_is_set
                0x000000000002af0c       0x20 _build/nrf52840_xxaa/nrfx_gpiote.c.o
                0x000000000002af0c                nrfx_gpiote_in_is_set
 .text.GPIOTE_IRQHandler
                0x000000000002af2c      0x4d4 _build/nrf52840_xxaa/nrfx_gpiote.c.o
                0x000000000002af2c                GPIOTE_IRQHandler
 .text.UARTE0_UART0_IRQHandler
                0x000000000002b400        0xc _build/nrf52840_xxaa/nrfx_prs.c.o
                0x000000000002b400                UARTE0_UART0_IRQHandler
 .text.nrfx_prs_acquire
                0x000000000002b40c       0x4c _build/nrf52840_xxaa/nrfx_prs.c.o
                0x000000000002b40c                nrfx_prs_acquire
 .text.nrfx_prs_release
                0x000000000002b458       0x18 _build/nrf52840_xxaa/nrfx_prs.c.o
                0x000000000002b458                nrfx_prs_release
 .text.nrfx_uart_0_irq_handler
                0x000000000002b470      0x1c8 _build/nrf52840_xxaa/nrfx_uart.c.o
                0x000000000002b470                nrfx_uart_0_irq_handler
 .text.nrfx_uart_init
                0x000000000002b638      0x1e0 _build/nrf52840_xxaa/nrfx_uart.c.o
                0x000000000002b638                nrfx_uart_init
 .text.nrfx_uart_uninit
                0x000000000002b818      0x108 _build/nrf52840_xxaa/nrfx_uart.c.o
                0x000000000002b818                nrfx_uart_uninit
 .text.nrfx_uart_tx
                0x000000000002b920       0xc8 _build/nrf52840_xxaa/nrfx_uart.c.o
                0x000000000002b920                nrfx_uart_tx
 .text.nrfx_uarte_0_irq_handler
                0x000000000002b9e8      0x16c _build/nrf52840_xxaa/nrfx_uarte.c.o
                0x000000000002b9e8                nrfx_uarte_0_irq_handler
 .text.nrfx_uarte_init
                0x000000000002bb54      0x230 _build/nrf52840_xxaa/nrfx_uarte.c.o
                0x000000000002bb54                nrfx_uarte_init
 .text.nrfx_uarte_uninit
                0x000000000002bd84      0x168 _build/nrf52840_xxaa/nrfx_uarte.c.o
                0x000000000002bd84                nrfx_uarte_uninit
 .text.nrfx_uarte_tx
                0x000000000002beec       0xa4 _build/nrf52840_xxaa/nrfx_uarte.c.o
                0x000000000002beec                nrfx_uarte_tx
 .text.sd_ble_gap_disconnect
                0x000000000002bf90        0x4 _build/nrf52840_xxaa/main.c.o
 .text.sd_ble_gap_ppcp_set
                0x000000000002bf94        0x4 _build/nrf52840_xxaa/main.c.o
 .text.sd_ble_gap_device_name_set
                0x000000000002bf98        0x4 _build/nrf52840_xxaa/main.c.o
 .text.sd_ble_gap_phy_update
                0x000000000002bf9c        0x4 _build/nrf52840_xxaa/main.c.o
 .text.sd_power_system_off
                0x000000000002bfa0        0x4 _build/nrf52840_xxaa/main.c.o
 .text.conn_params_error_handler
                0x000000000002bfa4        0x4 _build/nrf52840_xxaa/main.c.o
 .text.ble_evt_handler
                0x000000000002bfa8       0xb0 _build/nrf52840_xxaa/main.c.o
 .text.on_conn_params_evt
                0x000000000002c058       0x24 _build/nrf52840_xxaa/main.c.o
 .text.bsp_event_handler
                0x000000000002c07c       0x70 _build/nrf52840_xxaa/main.c.o
 .text.nrf_qwr_error_handler
                0x000000000002c0ec        0x4 _build/nrf52840_xxaa/main.c.o
 .text.pm_evt_handler
                0x000000000002c0f0       0xbc _build/nrf52840_xxaa/main.c.o
 .text.on_adv_evt
                0x000000000002c1ac       0x5c _build/nrf52840_xxaa/main.c.o
 .text.startup.main
                0x000000000002c208      0x248 _build/nrf52840_xxaa/main.c.o
                0x000000000002c208                main
 .text.sd_ble_gap_conn_param_update
                0x000000000002c450        0x4 _build/nrf52840_xxaa/ble_conn_params.c.o
 .text.sd_ble_gap_disconnect
                0x000000000002c454        0x4 _build/nrf52840_xxaa/ble_conn_params.c.o
 .text.sd_ble_gap_ppcp_set
                0x000000000002c458        0x4 _build/nrf52840_xxaa/ble_conn_params.c.o
 .text.sd_ble_gap_ppcp_get
                0x000000000002c45c        0x4 _build/nrf52840_xxaa/ble_conn_params.c.o
 .text.update_timeout_handler
                0x000000000002c460       0x80 _build/nrf52840_xxaa/ble_conn_params.c.o
 .text.ble_evt_handler
                0x000000000002c4e0      0x1c4 _build/nrf52840_xxaa/ble_conn_params.c.o
 .text.ble_conn_params_init
                0x000000000002c6a4       0x7c _build/nrf52840_xxaa/ble_conn_params.c.o
                0x000000000002c6a4                ble_conn_params_init
 .text.ble_evt_handler
                0x000000000002c720      0x168 _build/nrf52840_xxaa/ble_conn_state.c.o
 .text.ble_conn_state_role
                0x000000000002c888       0x34 _build/nrf52840_xxaa/ble_conn_state.c.o
                0x000000000002c888                ble_conn_state_role
 .text.ble_srv_is_notification_enabled
                0x000000000002c8bc        0x8 _build/nrf52840_xxaa/ble_srv_common.c.o
                0x000000000002c8bc                ble_srv_is_notification_enabled
 .text.sd_ble_gap_data_length_update
                0x000000000002c8c4        0x4 _build/nrf52840_xxaa/nrf_ble_gatt.c.o
 .text.sd_ble_gattc_exchange_mtu_request
                0x000000000002c8c8        0x4 _build/nrf52840_xxaa/nrf_ble_gatt.c.o
 .text.sd_ble_gatts_exchange_mtu_reply
                0x000000000002c8cc        0x4 _build/nrf52840_xxaa/nrf_ble_gatt.c.o
 .text.nrf_ble_gatt_init
                0x000000000002c8d0       0x2c _build/nrf52840_xxaa/nrf_ble_gatt.c.o
                0x000000000002c8d0                nrf_ble_gatt_init
 .text.nrf_ble_gatt_on_ble_evt
                0x000000000002c8fc      0x268 _build/nrf52840_xxaa/nrf_ble_gatt.c.o
                0x000000000002c8fc                nrf_ble_gatt_on_ble_evt
 .text.sd_ble_gatts_rw_authorize_reply
                0x000000000002cb64        0x4 _build/nrf52840_xxaa/nrf_ble_qwr.c.o
 .text.sd_ble_user_mem_reply
                0x000000000002cb68        0x4 _build/nrf52840_xxaa/nrf_ble_qwr.c.o
 .text.nrf_ble_qwr_init
                0x000000000002cb6c       0x24 _build/nrf52840_xxaa/nrf_ble_qwr.c.o
                0x000000000002cb6c                nrf_ble_qwr_init
 .text.nrf_ble_qwr_conn_handle_assign
                0x000000000002cb90       0x18 _build/nrf52840_xxaa/nrf_ble_qwr.c.o
                0x000000000002cb90                nrf_ble_qwr_conn_handle_assign
 .text.nrf_ble_qwr_on_ble_evt
                0x000000000002cba8       0xec _build/nrf52840_xxaa/nrf_ble_qwr.c.o
                0x000000000002cba8                nrf_ble_qwr_on_ble_evt
 .text.sd_softdevice_enable
                0x000000000002cc94        0x4 _build/nrf52840_xxaa/nrf_sdh.c.o
 .text.nrf_sdh_enable_request
                0x000000000002cc98      0x110 _build/nrf52840_xxaa/nrf_sdh.c.o
                0x000000000002cc98                nrf_sdh_enable_request
 .text.nrf_sdh_is_enabled
                0x000000000002cda8        0xc _build/nrf52840_xxaa/nrf_sdh.c.o
                0x000000000002cda8                nrf_sdh_is_enabled
 .text.SWI2_EGU2_IRQHandler
                0x000000000002cdb4       0x2c _build/nrf52840_xxaa/nrf_sdh.c.o
                0x000000000002cdb4                SWI2_EGU2_IRQHandler
 .text.sd_ble_enable
                0x000000000002cde0        0x4 _build/nrf52840_xxaa/nrf_sdh_ble.c.o
 .text.sd_ble_cfg_set
                0x000000000002cde4        0x4 _build/nrf52840_xxaa/nrf_sdh_ble.c.o
 .text.sd_ble_evt_get
                0x000000000002cde8        0x4 _build/nrf52840_xxaa/nrf_sdh_ble.c.o
 .text.nrf_sdh_ble_evts_poll
                0x000000000002cdec       0x58 _build/nrf52840_xxaa/nrf_sdh_ble.c.o
 .text.nrf_sdh_ble_default_cfg_set
                0x000000000002ce44      0x178 _build/nrf52840_xxaa/nrf_sdh_ble.c.o
                0x000000000002ce44                nrf_sdh_ble_default_cfg_set
 .text.nrf_sdh_ble_enable
                0x000000000002cfbc       0x9c _build/nrf52840_xxaa/nrf_sdh_ble.c.o
                0x000000000002cfbc                nrf_sdh_ble_enable
 .text.sd_evt_get
                0x000000000002d058        0x4 _build/nrf52840_xxaa/nrf_sdh_soc.c.o
 .text.nrf_sdh_soc_evts_poll
                0x000000000002d05c       0x4c _build/nrf52840_xxaa/nrf_sdh_soc.c.o
 .text.exit     0x000000000002d0a8       0x28 /home/sarbjeet/gnuarmemb/gcc-arm-none-eabi-6-2017-q2-update/bin/../lib/gcc/arm-none-eabi/6.3.1/../../../../arm-none-eabi/lib/thumb/v7e-m/fpv4-sp/hard/libc_nano.a(lib_a-exit.o)
                0x000000000002d0a8                exit
 .text.__libc_init_array
                0x000000000002d0d0       0x48 /home/sarbjeet/gnuarmemb/gcc-arm-none-eabi-6-2017-q2-update/bin/../lib/gcc/arm-none-eabi/6.3.1/../../../../arm-none-eabi/lib/thumb/v7e-m/fpv4-sp/hard/libc_nano.a(lib_a-init.o)
                0x000000000002d0d0                __libc_init_array
 .text.__locale_ctype_ptr
                0x000000000002d118       0x1c /home/sarbjeet/gnuarmemb/gcc-arm-none-eabi-6-2017-q2-update/bin/../lib/gcc/arm-none-eabi/6.3.1/../../../../arm-none-eabi/lib/thumb/v7e-m/fpv4-sp/hard/libc_nano.a(lib_a-locale.o)
                0x000000000002d118                __locale_ctype_ptr
 .text.__ascii_mbtowc
                0x000000000002d134       0x24 /home/sarbjeet/gnuarmemb/gcc-arm-none-eabi-6-2017-q2-update/bin/../lib/gcc/arm-none-eabi/6.3.1/../../../../arm-none-eabi/lib/thumb/v7e-m/fpv4-sp/hard/libc_nano.a(lib_a-mbtowc_r.o)
                0x000000000002d134                __ascii_mbtowc
 .text.memcpy   0x000000000002d158       0x16 /home/sarbjeet/gnuarmemb/gcc-arm-none-eabi-6-2017-q2-update/bin/../lib/gcc/arm-none-eabi/6.3.1/../../../../arm-none-eabi/lib/thumb/v7e-m/fpv4-sp/hard/libc_nano.a(lib_a-memcpy-stub.o)
                0x000000000002d158                memcpy
 .text.memset   0x000000000002d16e       0x10 /home/sarbjeet/gnuarmemb/gcc-arm-none-eabi-6-2017-q2-update/bin/../lib/gcc/arm-none-eabi/6.3.1/../../../../arm-none-eabi/lib/thumb/v7e-m/fpv4-sp/hard/libc_nano.a(lib_a-memset.o)
                0x000000000002d16e                memset
 .text          0x000000000002d17e       0x10 /home/sarbjeet/gnuarmemb/gcc-arm-none-eabi-6-2017-q2-update/bin/../lib/gcc/arm-none-eabi/6.3.1/../../../../arm-none-eabi/lib/thumb/v7e-m/fpv4-sp/hard/libc_nano.a(lib_a-strlen.o)
                0x000000000002d17e                strlen
 .text.__ascii_wctomb
                0x000000000002d18e       0x1a /home/sarbjeet/gnuarmemb/gcc-arm-none-eabi-6-2017-q2-update/bin/../lib/gcc/arm-none-eabi/6.3.1/../../../../arm-none-eabi/lib/thumb/v7e-m/fpv4-sp/hard/libc_nano.a(lib_a-wctomb_r.o)
                0x000000000002d18e                __ascii_wctomb
 .text._exit    0x000000000002d1a8        0x4 /home/sarbjeet/gnuarmemb/gcc-arm-none-eabi-6-2017-q2-update/bin/../lib/gcc/arm-none-eabi/6.3.1/../../../../arm-none-eabi/lib/thumb/v7e-m/fpv4-sp/hard/libnosys.a(_exit.o)
                0x000000000002d1a8                _exit
 .text          0x000000000002d1ac       0x30 /home/sarbjeet/gnuarmemb/gcc-arm-none-eabi-6-2017-q2-update/bin/../lib/gcc/arm-none-eabi/6.3.1/thumb/v7e-m/fpv4-sp/hard/libgcc.a(_aeabi_uldivmod.o)
                0x000000000002d1ac                __aeabi_uldivmod
 .text          0x000000000002d1dc      0x2dc /home/sarbjeet/gnuarmemb/gcc-arm-none-eabi-6-2017-q2-update/bin/../lib/gcc/arm-none-eabi/6.3.1/thumb/v7e-m/fpv4-sp/hard/libgcc.a(_udivmoddi4.o)
                0x000000000002d1dc                __udivmoddi4
 .text          0x000000000002d4b8        0x4 /home/sarbjeet/gnuarmemb/gcc-arm-none-eabi-6-2017-q2-update/bin/../lib/gcc/arm-none-eabi/6.3.1/thumb/v7e-m/fpv4-sp/hard/libgcc.a(_dvmd_tls.o)
                0x000000000002d4b8                __aeabi_ldiv0
                0x000000000002d4b8                __aeabi_idiv0
 *(.init)
 .init          0x000000000002d4bc        0x4 /home/sarbjeet/gnuarmemb/gcc-arm-none-eabi-6-2017-q2-update/bin/../lib/gcc/arm-none-eabi/6.3.1/thumb/v7e-m/fpv4-sp/hard/crti.o
                0x000000000002d4bc                _init
 .init          0x000000000002d4c0        0x8 /home/sarbjeet/gnuarmemb/gcc-arm-none-eabi-6-2017-q2-update/bin/../lib/gcc/arm-none-eabi/6.3.1/thumb/v7e-m/fpv4-sp/hard/crtn.o
 *(.fini)
 .fini          0x000000000002d4c8        0x4 /home/sarbjeet/gnuarmemb/gcc-arm-none-eabi-6-2017-q2-update/bin/../lib/gcc/arm-none-eabi/6.3.1/thumb/v7e-m/fpv4-sp/hard/crti.o
                0x000000000002d4c8                _fini
 .fini          0x000000000002d4cc        0x8 /home/sarbjeet/gnuarmemb/gcc-arm-none-eabi-6-2017-q2-update/bin/../lib/gcc/arm-none-eabi/6.3.1/thumb/v7e-m/fpv4-sp/hard/crtn.o
 *crtbegin.o(.ctors)
 *crtbegin?.o(.ctors)
 *(EXCLUDE_FILE(*crtend.o *crtend?.o) .ctors)
 *(SORT(.ctors.*))
 *(.ctors)
 *crtbegin.o(.dtors)
 *crtbegin?.o(.dtors)
 *(EXCLUDE_FILE(*crtend.o *crtend?.o) .dtors)
 *(SORT(.dtors.*))
 *(.dtors)
 *(.rodata*)
 .rodata.app_buttons
                0x000000000002d4d4        0x8 _build/nrf52840_xxaa/bsp.c.o
 .rodata.m_bsp_alert_tmr
                0x000000000002d4dc        0x4 _build/nrf52840_xxaa/bsp.c.o
 .rodata.m_bsp_button_tmr
                0x000000000002d4e0        0x4 _build/nrf52840_xxaa/bsp.c.o
 .rodata.m_bsp_leds_tmr
                0x000000000002d4e4        0x4 _build/nrf52840_xxaa/bsp.c.o
 .rodata        0x000000000002d4e8       0x20 _build/nrf52840_xxaa/nrf_log_backend_uart.c.o
 .rodata.nrf_log_backend_uart_api
                0x000000000002d508        0xc _build/nrf52840_xxaa/nrf_log_backend_uart.c.o
                0x000000000002d508                nrf_log_backend_uart_api
 .rodata.str1.4
                0x000000000002d514       0x11 _build/nrf52840_xxaa/nrf_log_default_backends.c.o
 *fill*         0x000000000002d525        0x3 
 .rodata.m_log_push_ringbuf
                0x000000000002d528        0xc _build/nrf52840_xxaa/nrf_log_frontend.c.o
 .rodata.nrf_log_frontend_dequeue.str1.4
                0x000000000002d534       0x11 _build/nrf52840_xxaa/nrf_log_frontend.c.o
 *fill*         0x000000000002d545        0x3 
 .rodata.str1.4
                0x000000000002d548        0x4 _build/nrf52840_xxaa/nrf_log_frontend.c.o
 .rodata.m_colors
                0x000000000002d54c       0x24 _build/nrf52840_xxaa/nrf_log_str_formatter.c.o
 .rodata.nrf_log_hexdump_entry_process.str1.4
                0x000000000002d570       0x13 _build/nrf52840_xxaa/nrf_log_str_formatter.c.o
                                         0x16 (size before relaxing)
 *fill*         0x000000000002d583        0x1 
 .rodata.nrf_log_std_entry_process.str1.4
                0x000000000002d584       0x3b _build/nrf52840_xxaa/nrf_log_str_formatter.c.o
 *fill*         0x000000000002d5bf        0x1 
 .rodata.severity_names
                0x000000000002d5c0       0x14 _build/nrf52840_xxaa/nrf_log_str_formatter.c.o
 .rodata.str1.4
                0x000000000002d5d4       0x56 _build/nrf52840_xxaa/nrf_log_str_formatter.c.o
 *fill*         0x000000000002d62a        0x2 
 .rodata.m_detection_delay_timer_id
                0x000000000002d62c        0x4 _build/nrf52840_xxaa/app_button.c.o
 .rodata.str1.4
                0x000000000002d630        0xb _build/nrf52840_xxaa/app_button.c.o
 *fill*         0x000000000002d63b        0x1 
 .rodata.app_error_fault_handler.str1.4
                0x000000000002d63c       0x19 _build/nrf52840_xxaa/app_error_weak.c.o
 *fill*         0x000000000002d655        0x3 
 .rodata        0x000000000002d658        0x4 _build/nrf52840_xxaa/app_timer2.c.o
 .rodata.m_app_timer_sortlist
                0x000000000002d65c        0xc _build/nrf52840_xxaa/app_timer2.c.o
 .rodata.str1.4
                0x000000000002d668        0xa _build/nrf52840_xxaa/app_timer2.c.o
 *fill*         0x000000000002d672        0xe 
 .rodata.delay_machine_code.8590
                0x000000000002d680        0x6 _build/nrf52840_xxaa/drv_rtc.c.o
 *fill*         0x000000000002d686        0x2 
 .rodata.drv_rtc_init.str1.4
                0x000000000002d688       0x36 _build/nrf52840_xxaa/drv_rtc.c.o
 *fill*         0x000000000002d6be        0x2 
 .rodata._aV2C.7658
                0x000000000002d6c0       0x10 _build/nrf52840_xxaa/nrf_fprintf_format.c.o
 .rodata.pwr_mgmt_data
                0x000000000002d6d0        0xc _build/nrf52840_xxaa/nrf_pwr_mgmt.c.o
 .rodata.str1.4
                0x000000000002d6dc        0x9 _build/nrf52840_xxaa/nrf_pwr_mgmt.c.o
 *fill*         0x000000000002d6e5        0x3 
 .rodata.str1.4
                0x000000000002d6e8        0x9 _build/nrf52840_xxaa/nrf_sortlist.c.o
 *fill*         0x000000000002d6f1        0x3 
 .rodata.m_unknown_str
                0x000000000002d6f4       0x13 _build/nrf52840_xxaa/nrf_strerror.c.o
 *fill*         0x000000000002d707        0x1 
 .rodata.nrf_strerror_array
                0x000000000002d708      0x128 _build/nrf52840_xxaa/nrf_strerror.c.o
 .rodata.str1.4
                0x000000000002d830      0x3e9 _build/nrf52840_xxaa/nrf_strerror.c.o
 *fill*         0x000000000002dc19        0x3 
 .rodata.CSWTCH.12
                0x000000000002dc1c        0x6 _build/nrf52840_xxaa/system_nrf52840.c.o
 *fill*         0x000000000002dc22        0x2 
 .rodata.CSWTCH.15
                0x000000000002dc24        0x6 _build/nrf52840_xxaa/system_nrf52840.c.o
 *fill*         0x000000000002dc2a        0x2 
 .rodata.m_board_led_list
                0x000000000002dc2c        0x4 _build/nrf52840_xxaa/boards.c.o
 .rodata.str1.4
                0x000000000002dc30        0x6 _build/nrf52840_xxaa/nrf_drv_clock.c.o
 *fill*         0x000000000002dc36        0x2 
 .rodata.str1.4
                0x000000000002dc38        0x6 _build/nrf52840_xxaa/nrfx_clock.c.o
 *fill*         0x000000000002dc3e        0x2 
 .rodata.str1.4
                0x000000000002dc40        0x7 _build/nrf52840_xxaa/nrfx_gpiote.c.o
 *fill*         0x000000000002dc47        0x1 
 .rodata.str1.4
                0x000000000002dc48        0x4 _build/nrf52840_xxaa/nrfx_prs.c.o
 .rodata.str1.4
                0x000000000002dc4c        0x5 _build/nrf52840_xxaa/nrfx_uart.c.o
 *fill*         0x000000000002dc51        0x3 
 .rodata.str1.4
                0x000000000002dc54        0x6 _build/nrf52840_xxaa/nrfx_uarte.c.o
 *fill*         0x000000000002dc5a        0x2 
 .rodata.ble_evt_handler.str1.4
                0x000000000002dc5c       0x1b _build/nrf52840_xxaa/main.c.o
 *fill*         0x000000000002dc77        0x1 
 .rodata.main.str1.4
                0x000000000002dc78       0x25 _build/nrf52840_xxaa/main.c.o
 *fill*         0x000000000002dc9d        0x3 
 .rodata.on_adv_evt.str1.4
                0x000000000002dca0       0x12 _build/nrf52840_xxaa/main.c.o
 *fill*         0x000000000002dcb2        0x2 
 .rodata.pm_evt_handler.str1.4
                0x000000000002dcb4       0x6c _build/nrf52840_xxaa/main.c.o
 .rodata.nrf_ble_gatt_data_length_set.str1.4
                0x000000000002dd20       0xe2 _build/nrf52840_xxaa/nrf_ble_gatt.c.o
 *fill*         0x000000000002de02        0x2 
 .rodata.nrf_ble_gatt_on_ble_evt.str1.4
                0x000000000002de04       0x63 _build/nrf52840_xxaa/nrf_ble_gatt.c.o
 *fill*         0x000000000002de67        0x1 
 .rodata.str1.4
                0x000000000002de68        0xd _build/nrf52840_xxaa/nrf_ble_gatt.c.o
 *fill*         0x000000000002de75        0x3 
 .rodata        0x000000000002de78        0x4 _build/nrf52840_xxaa/nrf_sdh.c.o
 .rodata.sdh_req_observers
                0x000000000002de7c        0xc _build/nrf52840_xxaa/nrf_sdh.c.o
 .rodata.sdh_stack_observers
                0x000000000002de88        0xc _build/nrf52840_xxaa/nrf_sdh.c.o
 .rodata.sdh_state_observers
                0x000000000002de94        0xc _build/nrf52840_xxaa/nrf_sdh.c.o
 .rodata.str1.4
                0x000000000002dea0        0x8 _build/nrf52840_xxaa/nrf_sdh.c.o
 .rodata.nrf_sdh_ble_default_cfg_set.str1.4
                0x000000000002dea8      0x187 _build/nrf52840_xxaa/nrf_sdh_ble.c.o
 *fill*         0x000000000002e02f        0x1 
 .rodata.nrf_sdh_ble_enable.str1.4
                0x000000000002e030       0xad _build/nrf52840_xxaa/nrf_sdh_ble.c.o
 *fill*         0x000000000002e0dd        0x3 
 .rodata.sdh_ble_observers
                0x000000000002e0e0        0xc _build/nrf52840_xxaa/nrf_sdh_ble.c.o
 .rodata.str1.4
                0x000000000002e0ec        0xc _build/nrf52840_xxaa/nrf_sdh_ble.c.o
 .rodata.sdh_soc_observers
                0x000000000002e0f8        0xc _build/nrf52840_xxaa/nrf_sdh_soc.c.o
 .rodata.str1.4
                0x000000000002e104        0xc _build/nrf52840_xxaa/nrf_sdh_soc.c.o
 .rodata._global_impure_ptr
                0x000000000002e110        0x4 /home/sarbjeet/gnuarmemb/gcc-arm-none-eabi-6-2017-q2-update/bin/../lib/gcc/arm-none-eabi/6.3.1/../../../../arm-none-eabi/lib/thumb/v7e-m/fpv4-sp/hard/libc_nano.a(lib_a-impure.o)
                0x000000000002e110                _global_impure_ptr
 .rodata._setlocale_r.str1.1
                0x000000000002e114        0x8 /home/sarbjeet/gnuarmemb/gcc-arm-none-eabi-6-2017-q2-update/bin/../lib/gcc/arm-none-eabi/6.3.1/../../../../arm-none-eabi/lib/thumb/v7e-m/fpv4-sp/hard/libc_nano.a(lib_a-locale.o)
                                          0x9 (size before relaxing)
 .rodata.str1.1
                0x000000000002e11c        0x2 /home/sarbjeet/gnuarmemb/gcc-arm-none-eabi-6-2017-q2-update/bin/../lib/gcc/arm-none-eabi/6.3.1/../../../../arm-none-eabi/lib/thumb/v7e-m/fpv4-sp/hard/libc_nano.a(lib_a-locale.o)
 .rodata._ctype_
                0x000000000002e11e      0x101 /home/sarbjeet/gnuarmemb/gcc-arm-none-eabi-6-2017-q2-update/bin/../lib/gcc/arm-none-eabi/6.3.1/../../../../arm-none-eabi/lib/thumb/v7e-m/fpv4-sp/hard/libc_nano.a(lib_a-ctype_.o)
                0x000000000002e11e                _ctype_
 *(.eh_frame*)
 *fill*         0x000000000002e21f        0x1 
 .eh_frame      0x000000000002e220        0x0 /home/sarbjeet/gnuarmemb/gcc-arm-none-eabi-6-2017-q2-update/bin/../lib/gcc/arm-none-eabi/6.3.1/thumb/v7e-m/fpv4-sp/hard/crtbegin.o
 .eh_frame      0x000000000002e220        0x4 /home/sarbjeet/gnuarmemb/gcc-arm-none-eabi-6-2017-q2-update/bin/../lib/gcc/arm-none-eabi/6.3.1/thumb/v7e-m/fpv4-sp/hard/crtend.o

.glue_7         0x000000000002e224        0x0
 .glue_7        0x000000000002e224        0x0 linker stubs

.glue_7t        0x000000000002e224        0x0
 .glue_7t       0x000000000002e224        0x0 linker stubs

.vfp11_veneer   0x000000000002e224        0x0
 .vfp11_veneer  0x000000000002e224        0x0 linker stubs

.v4_bx          0x000000000002e224        0x0
 .v4_bx         0x000000000002e224        0x0 linker stubs

.iplt           0x000000000002e224        0x0
 .iplt          0x000000000002e224        0x0 /home/sarbjeet/gnuarmemb/gcc-arm-none-eabi-6-2017-q2-update/bin/../lib/gcc/arm-none-eabi/6.3.1/thumb/v7e-m/fpv4-sp/hard/crtbegin.o

.mem_section_dummy_rom

.sdh_soc_observers
                0x000000000002e224        0x8
                0x000000000002e224                PROVIDE (__start_sdh_soc_observers, .)
 *(SORT(.sdh_soc_observers*))
 .sdh_soc_observers0
                0x000000000002e224        0x8 _build/nrf52840_xxaa/nrf_drv_clock.c.o
                0x000000000002e22c                PROVIDE (__stop_sdh_soc_observers, .)

.pwr_mgmt_data  0x000000000002e22c        0x0
                0x000000000002e22c                PROVIDE (__start_pwr_mgmt_data, .)
 *(SORT(.pwr_mgmt_data*))
                0x000000000002e22c                PROVIDE (__stop_pwr_mgmt_data, .)

.sdh_ble_observers
                0x000000000002e22c       0x38
                0x000000000002e22c                PROVIDE (__start_sdh_ble_observers, .)
 *(SORT(.sdh_ble_observers*))
 .sdh_ble_observers0
                0x000000000002e22c        0x8 _build/nrf52840_xxaa/ble_conn_state.c.o
 .sdh_ble_observers1
                0x000000000002e234        0x8 _build/nrf52840_xxaa/bsp_btn_ble.c.o
 .sdh_ble_observers1
                0x000000000002e23c       0x10 _build/nrf52840_xxaa/main.c.o
 .sdh_ble_observers1
                0x000000000002e24c        0x8 _build/nrf52840_xxaa/ble_conn_params.c.o
 .sdh_ble_observers2
                0x000000000002e254        0x8 _build/nrf52840_xxaa/main.c.o
 .sdh_ble_observers3
                0x000000000002e25c        0x8 _build/nrf52840_xxaa/main.c.o
                0x000000000002e264                PROVIDE (__stop_sdh_ble_observers, .)

.sdh_req_observers
                0x000000000002e264        0x0
                0x000000000002e264                PROVIDE (__start_sdh_req_observers, .)
 *(SORT(.sdh_req_observers*))
                0x000000000002e264                PROVIDE (__stop_sdh_req_observers, .)

.sdh_state_observers
                0x000000000002e264        0x8
                0x000000000002e264                PROVIDE (__start_sdh_state_observers, .)
 *(SORT(.sdh_state_observers*))
 .sdh_state_observers0
                0x000000000002e264        0x8 _build/nrf52840_xxaa/nrf_drv_clock.c.o
                0x000000000002e26c                PROVIDE (__stop_sdh_state_observers, .)

.sdh_stack_observers
                0x000000000002e26c       0x10
                0x000000000002e26c                PROVIDE (__start_sdh_stack_observers, .)
 *(SORT(.sdh_stack_observers*))
 .sdh_stack_observers0
                0x000000000002e26c        0x8 _build/nrf52840_xxaa/nrf_sdh_ble.c.o
 .sdh_stack_observers0
                0x000000000002e274        0x8 _build/nrf52840_xxaa/nrf_sdh_soc.c.o
                0x000000000002e27c                PROVIDE (__stop_sdh_stack_observers, .)

.nrf_queue      0x000000000002e27c        0x0
                [!provide]                        PROVIDE (__start_nrf_queue, .)
 *(.nrf_queue)
                [!provide]                        PROVIDE (__stop_nrf_queue, .)

.nrf_balloc     0x000000000002e27c       0x14
                [!provide]                        PROVIDE (__start_nrf_balloc, .)
 *(.nrf_balloc)
 .nrf_balloc    0x000000000002e27c       0x14 _build/nrf52840_xxaa/nrf_log_frontend.c.o
                0x000000000002e27c                log_mempool
                [!provide]                        PROVIDE (__stop_nrf_balloc, .)

.cli_command    0x000000000002e290        0x0
                [!provide]                        PROVIDE (__start_cli_command, .)
 *(.cli_command)
                [!provide]                        PROVIDE (__stop_cli_command, .)

.crypto_data    0x000000000002e290        0x0
                [!provide]                        PROVIDE (__start_crypto_data, .)
 *(SORT(.crypto_data*))
                [!provide]                        PROVIDE (__stop_crypto_data, .)

.log_const_data
                0x000000000002e290       0x78
                0x000000000002e290                PROVIDE (__start_log_const_data, .)
 *(SORT(.log_const_data*))
 .log_const_data_CLOCK
                0x000000000002e290        0x8 _build/nrf52840_xxaa/nrfx_clock.c.o
                0x000000000002e290                m_nrf_log_CLOCK_logs_data_const
 .log_const_data_GPIOTE
                0x000000000002e298        0x8 _build/nrf52840_xxaa/nrfx_gpiote.c.o
                0x000000000002e298                m_nrf_log_GPIOTE_logs_data_const
 .log_const_data_PRS
                0x000000000002e2a0        0x8 _build/nrf52840_xxaa/nrfx_prs.c.o
                0x000000000002e2a0                m_nrf_log_PRS_logs_data_const
 .log_const_data_UART
                0x000000000002e2a8        0x8 _build/nrf52840_xxaa/nrfx_uart.c.o
                0x000000000002e2a8                m_nrf_log_UART_logs_data_const
 .log_const_data_UARTE
                0x000000000002e2b0        0x8 _build/nrf52840_xxaa/nrfx_uarte.c.o
                0x000000000002e2b0                m_nrf_log_UARTE_logs_data_const
 .log_const_data_app
                0x000000000002e2b8        0x8 _build/nrf52840_xxaa/nrf_log_frontend.c.o
                0x000000000002e2b8                m_nrf_log_app_logs_data_const
 .log_const_data_app_button
                0x000000000002e2c0        0x8 _build/nrf52840_xxaa/app_button.c.o
                0x000000000002e2c0                m_nrf_log_app_button_logs_data_const
 .log_const_data_app_timer
                0x000000000002e2c8        0x8 _build/nrf52840_xxaa/app_timer2.c.o
                0x000000000002e2c8                m_nrf_log_app_timer_logs_data_const
 .log_const_data_clock
                0x000000000002e2d0        0x8 _build/nrf52840_xxaa/nrf_drv_clock.c.o
                0x000000000002e2d0                m_nrf_log_clock_logs_data_const
 .log_const_data_nrf_ble_gatt
                0x000000000002e2d8        0x8 _build/nrf52840_xxaa/nrf_ble_gatt.c.o
                0x000000000002e2d8                m_nrf_log_nrf_ble_gatt_logs_data_const
 .log_const_data_nrf_sdh
                0x000000000002e2e0        0x8 _build/nrf52840_xxaa/nrf_sdh.c.o
                0x000000000002e2e0                m_nrf_log_nrf_sdh_logs_data_const
 .log_const_data_nrf_sdh_ble
                0x000000000002e2e8        0x8 _build/nrf52840_xxaa/nrf_sdh_ble.c.o
                0x000000000002e2e8                m_nrf_log_nrf_sdh_ble_logs_data_const
 .log_const_data_nrf_sdh_soc
                0x000000000002e2f0        0x8 _build/nrf52840_xxaa/nrf_sdh_soc.c.o
                0x000000000002e2f0                m_nrf_log_nrf_sdh_soc_logs_data_const
 .log_const_data_pwr_mgmt
                0x000000000002e2f8        0x8 _build/nrf52840_xxaa/nrf_pwr_mgmt.c.o
                0x000000000002e2f8                m_nrf_log_pwr_mgmt_logs_data_const
 .log_const_data_sortlist
                0x000000000002e300        0x8 _build/nrf52840_xxaa/nrf_sortlist.c.o
                0x000000000002e300                m_nrf_log_sortlist_logs_data_const
                0x000000000002e308                PROVIDE (__stop_log_const_data, .)

.log_backends   0x000000000002e308       0x10
                [!provide]                        PROVIDE (__start_log_backends, .)
 *(SORT(.log_backends*))
 .log_backends  0x000000000002e308       0x10 _build/nrf52840_xxaa/nrf_log_default_backends.c.o
                [!provide]                        PROVIDE (__stop_log_backends, .)

.ARM.extab
 *(.ARM.extab* .gnu.linkonce.armextab.*)
                0x000000000002e318                __exidx_start = .

.ARM.exidx      0x000000000002e318        0x8
 *(.ARM.exidx* .gnu.linkonce.armexidx.*)
 .ARM.exidx     0x000000000002e318        0x8 /home/sarbjeet/gnuarmemb/gcc-arm-none-eabi-6-2017-q2-update/bin/../lib/gcc/arm-none-eabi/6.3.1/../../../../arm-none-eabi/lib/thumb/v7e-m/fpv4-sp/hard/crt0.o
 .ARM.exidx     0x000000000002e320        0x0 /home/sarbjeet/gnuarmemb/gcc-arm-none-eabi-6-2017-q2-update/bin/../lib/gcc/arm-none-eabi/6.3.1/thumb/v7e-m/fpv4-sp/hard/libgcc.a(_udivmoddi4.o)
                                          0x8 (size before relaxing)
                0x000000000002e320                __exidx_end = .

.rel.dyn        0x000000000002e320        0x0
 .rel.iplt      0x000000000002e320        0x0 /home/sarbjeet/gnuarmemb/gcc-arm-none-eabi-6-2017-q2-update/bin/../lib/gcc/arm-none-eabi/6.3.1/thumb/v7e-m/fpv4-sp/hard/crtbegin.o
                0x000000000002e320                . = ALIGN (0x4)
                0x000000000002e320                __etext = .

.data           0x0000000020002300      0x28c load address 0x000000000002e320
                0x0000000020002300                __data_start__ = .
 *(vtable)
 *(.data*)
 .data.m_bsp_alert_tmr_data
                0x0000000020002300       0x20 _build/nrf52840_xxaa/bsp.c.o
 .data.m_bsp_button_tmr_data
                0x0000000020002320       0x20 _build/nrf52840_xxaa/bsp.c.o
 .data.m_bsp_leds_tmr_data
                0x0000000020002340       0x20 _build/nrf52840_xxaa/bsp.c.o
 .data.m_uart   0x0000000020002360       0x14 _build/nrf52840_xxaa/nrf_log_backend_uart.c.o
                0x0000000020002360                m_uart
 .data.log_backend_cb_uart_log_backend
                0x0000000020002374        0x8 _build/nrf52840_xxaa/nrf_log_default_backends.c.o
 *fill*         0x000000002000237c        0x4 
 .data.m_detection_delay_timer_id_data
                0x0000000020002380       0x20 _build/nrf52840_xxaa/app_button.c.o
 .data.m_rtc_inst
                0x00000000200023a0        0x8 _build/nrf52840_xxaa/app_timer2.c.o
 .data.SystemCoreClock
                0x00000000200023a8        0x4 _build/nrf52840_xxaa/system_nrf52840.c.o
                0x00000000200023a8                SystemCoreClock
 .data.m_conn_handle
                0x00000000200023ac        0x2 _build/nrf52840_xxaa/main.c.o
 *fill*         0x00000000200023ae        0x2 
 .data._impure_ptr
                0x00000000200023b0        0x4 /home/sarbjeet/gnuarmemb/gcc-arm-none-eabi-6-2017-q2-update/bin/../lib/gcc/arm-none-eabi/6.3.1/../../../../arm-none-eabi/lib/thumb/v7e-m/fpv4-sp/hard/libc_nano.a(lib_a-impure.o)
                0x00000000200023b0                _impure_ptr
 .data.impure_data
                0x00000000200023b4       0x60 /home/sarbjeet/gnuarmemb/gcc-arm-none-eabi-6-2017-q2-update/bin/../lib/gcc/arm-none-eabi/6.3.1/../../../../arm-none-eabi/lib/thumb/v7e-m/fpv4-sp/hard/libc_nano.a(lib_a-impure.o)
 .data.__global_locale
                0x0000000020002414      0x16c /home/sarbjeet/gnuarmemb/gcc-arm-none-eabi-6-2017-q2-update/bin/../lib/gcc/arm-none-eabi/6.3.1/../../../../arm-none-eabi/lib/thumb/v7e-m/fpv4-sp/hard/libc_nano.a(lib_a-locale.o)
                0x0000000020002414                __global_locale
                0x0000000020002580                . = ALIGN (0x4)
                0x0000000020002580                PROVIDE (__preinit_array_start, .)
 *(.preinit_array)
                0x0000000020002580                PROVIDE (__preinit_array_end, .)
                0x0000000020002580                . = ALIGN (0x4)
                0x0000000020002580                PROVIDE (__init_array_start, .)
 *(SORT(.init_array.*))
 *(.init_array)
 .init_array    0x0000000020002580        0x4 /home/sarbjeet/gnuarmemb/gcc-arm-none-eabi-6-2017-q2-update/bin/../lib/gcc/arm-none-eabi/6.3.1/thumb/v7e-m/fpv4-sp/hard/crtbegin.o
                0x0000000020002584                PROVIDE (__init_array_end, .)
                0x0000000020002584                . = ALIGN (0x4)
                [!provide]                        PROVIDE (__fini_array_start, .)
 *(SORT(.fini_array.*))
 *(.fini_array)
 .fini_array    0x0000000020002584        0x4 /home/sarbjeet/gnuarmemb/gcc-arm-none-eabi-6-2017-q2-update/bin/../lib/gcc/arm-none-eabi/6.3.1/thumb/v7e-m/fpv4-sp/hard/crtbegin.o
                [!provide]                        PROVIDE (__fini_array_end, .)
 *(.jcr*)
 .jcr           0x0000000020002588        0x0 /home/sarbjeet/gnuarmemb/gcc-arm-none-eabi-6-2017-q2-update/bin/../lib/gcc/arm-none-eabi/6.3.1/thumb/v7e-m/fpv4-sp/hard/crtbegin.o
 .jcr           0x0000000020002588        0x4 /home/sarbjeet/gnuarmemb/gcc-arm-none-eabi-6-2017-q2-update/bin/../lib/gcc/arm-none-eabi/6.3.1/thumb/v7e-m/fpv4-sp/hard/crtend.o
                0x000000002000258c                . = ALIGN (0x4)
                0x000000002000258c                __data_end__ = .
LOAD /home/sarbjeet/gnuarmemb/gcc-arm-none-eabi-6-2017-q2-update/bin/../lib/gcc/arm-none-eabi/6.3.1/thumb/v7e-m/fpv4-sp/hard/crti.o
LOAD /home/sarbjeet/gnuarmemb/gcc-arm-none-eabi-6-2017-q2-update/bin/../lib/gcc/arm-none-eabi/6.3.1/thumb/v7e-m/fpv4-sp/hard/crtbegin.o
LOAD /home/sarbjeet/gnuarmemb/gcc-arm-none-eabi-6-2017-q2-update/bin/../lib/gcc/arm-none-eabi/6.3.1/../../../../arm-none-eabi/lib/thumb/v7e-m/fpv4-sp/hard/crt0.o
LOAD _build/nrf52840_xxaa/gcc_startup_nrf52840.S.o
LOAD _build/nrf52840_xxaa/bsp_btn_ble.c.o
LOAD _build/nrf52840_xxaa/bsp.c.o
LOAD _build/nrf52840_xxaa/sensorsim.c.o
LOAD _build/nrf52840_xxaa/ble_advertising.c.o
LOAD _build/nrf52840_xxaa/nrf_log_backend_rtt.c.o
LOAD _build/nrf52840_xxaa/nrf_log_backend_serial.c.o
LOAD _build/nrf52840_xxaa/nrf_log_backend_uart.c.o
LOAD _build/nrf52840_xxaa/nrf_log_default_backends.c.o
LOAD _build/nrf52840_xxaa/nrf_log_frontend.c.o
LOAD _build/nrf52840_xxaa/nrf_log_str_formatter.c.o
LOAD _build/nrf52840_xxaa/app_button.c.o
LOAD _build/nrf52840_xxaa/app_error.c.o
LOAD _build/nrf52840_xxaa/app_error_handler_gcc.c.o
LOAD _build/nrf52840_xxaa/app_error_weak.c.o
LOAD _build/nrf52840_xxaa/app_scheduler.c.o
LOAD _build/nrf52840_xxaa/app_timer2.c.o
LOAD _build/nrf52840_xxaa/app_util_platform.c.o
LOAD _build/nrf52840_xxaa/drv_rtc.c.o
LOAD _build/nrf52840_xxaa/hardfault_implementation.c.o
LOAD _build/nrf52840_xxaa/nrf_assert.c.o
LOAD _build/nrf52840_xxaa/nrf_atfifo.c.o
LOAD _build/nrf52840_xxaa/nrf_atflags.c.o
LOAD _build/nrf52840_xxaa/nrf_atomic.c.o
LOAD _build/nrf52840_xxaa/nrf_balloc.c.o
LOAD _build/nrf52840_xxaa/nrf_fprintf.c.o
LOAD _build/nrf52840_xxaa/nrf_fprintf_format.c.o
LOAD _build/nrf52840_xxaa/nrf_memobj.c.o
LOAD _build/nrf52840_xxaa/nrf_pwr_mgmt.c.o
LOAD _build/nrf52840_xxaa/nrf_ringbuf.c.o
LOAD _build/nrf52840_xxaa/nrf_section_iter.c.o
LOAD _build/nrf52840_xxaa/nrf_sortlist.c.o
LOAD _build/nrf52840_xxaa/nrf_strerror.c.o
LOAD _build/nrf52840_xxaa/system_nrf52840.c.o
LOAD _build/nrf52840_xxaa/boards.c.o
LOAD _build/nrf52840_xxaa/nrf_drv_clock.c.o
LOAD _build/nrf52840_xxaa/nrf_drv_uart.c.o
LOAD _build/nrf52840_xxaa/nrfx_atomic.c.o
LOAD _build/nrf52840_xxaa/nrfx_clock.c.o
LOAD _build/nrf52840_xxaa/nrfx_gpiote.c.o
LOAD _build/nrf52840_xxaa/nrfx_prs.c.o
LOAD _build/nrf52840_xxaa/nrfx_uart.c.o
LOAD _build/nrf52840_xxaa/nrfx_uarte.c.o
LOAD _build/nrf52840_xxaa/fds.c.o
LOAD _build/nrf52840_xxaa/main.c.o
LOAD _build/nrf52840_xxaa/SEGGER_RTT.c.o
LOAD _build/nrf52840_xxaa/SEGGER_RTT_Syscalls_GCC.c.o
LOAD _build/nrf52840_xxaa/SEGGER_RTT_printf.c.o
LOAD _build/nrf52840_xxaa/ble_advdata.c.o
LOAD _build/nrf52840_xxaa/ble_conn_params.c.o
LOAD _build/nrf52840_xxaa/ble_conn_state.c.o
LOAD _build/nrf52840_xxaa/ble_srv_common.c.o
LOAD _build/nrf52840_xxaa/nrf_ble_gatt.c.o
LOAD _build/nrf52840_xxaa/nrf_ble_qwr.c.o
LOAD _build/nrf52840_xxaa/utf.c.o
LOAD _build/nrf52840_xxaa/ble_lbs.c.o
LOAD _build/nrf52840_xxaa/nrf_sdh.c.o
LOAD _build/nrf52840_xxaa/nrf_sdh_ble.c.o
LOAD _build/nrf52840_xxaa/nrf_sdh_soc.c.o
LOAD _build/nrf52840_xxaa/our_service.c.o
LOAD /home/sarbjeet/gnuarmemb/gcc-arm-none-eabi-6-2017-q2-update/bin/../lib/gcc/arm-none-eabi/6.3.1/../../../../arm-none-eabi/lib/thumb/v7e-m/fpv4-sp/hard/libc_nano.a
LOAD /home/sarbjeet/gnuarmemb/gcc-arm-none-eabi-6-2017-q2-update/bin/../lib/gcc/arm-none-eabi/6.3.1/../../../../arm-none-eabi/lib/thumb/v7e-m/fpv4-sp/hard/libnosys.a
LOAD /home/sarbjeet/gnuarmemb/gcc-arm-none-eabi-6-2017-q2-update/bin/../lib/gcc/arm-none-eabi/6.3.1/../../../../arm-none-eabi/lib/thumb/v7e-m/fpv4-sp/hard/libm.a
START GROUP
LOAD /home/sarbjeet/gnuarmemb/gcc-arm-none-eabi-6-2017-q2-update/bin/../lib/gcc/arm-none-eabi/6.3.1/thumb/v7e-m/fpv4-sp/hard/libgcc.a
LOAD /home/sarbjeet/gnuarmemb/gcc-arm-none-eabi-6-2017-q2-update/bin/../lib/gcc/arm-none-eabi/6.3.1/../../../../arm-none-eabi/lib/thumb/v7e-m/fpv4-sp/hard/libg_nano.a
LOAD /home/sarbjeet/gnuarmemb/gcc-arm-none-eabi-6-2017-q2-update/bin/../lib/gcc/arm-none-eabi/6.3.1/../../../../arm-none-eabi/lib/thumb/v7e-m/fpv4-sp/hard/libc_nano.a
END GROUP
START GROUP
LOAD /home/sarbjeet/gnuarmemb/gcc-arm-none-eabi-6-2017-q2-update/bin/../lib/gcc/arm-none-eabi/6.3.1/thumb/v7e-m/fpv4-sp/hard/libgcc.a
LOAD /home/sarbjeet/gnuarmemb/gcc-arm-none-eabi-6-2017-q2-update/bin/../lib/gcc/arm-none-eabi/6.3.1/../../../../arm-none-eabi/lib/thumb/v7e-m/fpv4-sp/hard/libc_nano.a
END GROUP
LOAD /home/sarbjeet/gnuarmemb/gcc-arm-none-eabi-6-2017-q2-update/bin/../lib/gcc/arm-none-eabi/6.3.1/thumb/v7e-m/fpv4-sp/hard/crtend.o
LOAD /home/sarbjeet/gnuarmemb/gcc-arm-none-eabi-6-2017-q2-update/bin/../lib/gcc/arm-none-eabi/6.3.1/thumb/v7e-m/fpv4-sp/hard/crtn.o
START GROUP
LOAD /home/sarbjeet/gnuarmemb/gcc-arm-none-eabi-6-2017-q2-update/bin/../lib/gcc/arm-none-eabi/6.3.1/thumb/v7e-m/fpv4-sp/hard/libgcc.a
LOAD /home/sarbjeet/gnuarmemb/gcc-arm-none-eabi-6-2017-q2-update/bin/../lib/gcc/arm-none-eabi/6.3.1/../../../../arm-none-eabi/lib/thumb/v7e-m/fpv4-sp/hard/libc.a
LOAD /home/sarbjeet/gnuarmemb/gcc-arm-none-eabi-6-2017-q2-update/bin/../lib/gcc/arm-none-eabi/6.3.1/../../../../arm-none-eabi/lib/thumb/v7e-m/fpv4-sp/hard/libnosys.a
END GROUP

.igot.plt       0x000000002000258c        0x0 load address 0x000000000002e5ac
 .igot.plt      0x000000002000258c        0x0 /home/sarbjeet/gnuarmemb/gcc-arm-none-eabi-6-2017-q2-update/bin/../lib/gcc/arm-none-eabi/6.3.1/thumb/v7e-m/fpv4-sp/hard/crtbegin.o
                0x000000002000258c                . = ALIGN (0x4)

.mem_section_dummy_ram

.cli_sorted_cmd_ptrs
                0x000000002000258c        0x0
                [!provide]                        PROVIDE (__start_cli_sorted_cmd_ptrs, .)
 *(.cli_sorted_cmd_ptrs)
                [!provide]                        PROVIDE (__stop_cli_sorted_cmd_ptrs, .)

.fs_data        0x000000002000258c        0x0
                [!provide]                        PROVIDE (__start_fs_data, .)
 *(.fs_data)
                [!provide]                        PROVIDE (__stop_fs_data, .)

.log_dynamic_data
                0x000000002000258c        0x0
                0x000000002000258c                PROVIDE (__start_log_dynamic_data, .)
 *(SORT(.log_dynamic_data*))
                [!provide]                        PROVIDE (__stop_log_dynamic_data, .)

.log_filter_data
                0x000000002000258c        0x0
                [!provide]                        PROVIDE (__start_log_filter_data, .)
 *(SORT(.log_filter_data*))
                [!provide]                        PROVIDE (__stop_log_filter_data, .)

.bss            0x0000000020002590      0xd18 load address 0x000000000002e5b0
                0x0000000020002590                . = ALIGN (0x4)
                0x0000000020002590                __bss_start__ = .
 *(.bss*)
 .bss           0x0000000020002590       0x1c /home/sarbjeet/gnuarmemb/gcc-arm-none-eabi-6-2017-q2-update/bin/../lib/gcc/arm-none-eabi/6.3.1/thumb/v7e-m/fpv4-sp/hard/crtbegin.o
 .bss.m_error_handler
                0x00000000200025ac        0x4 _build/nrf52840_xxaa/bsp_btn_ble.c.o
 .bss.m_num_connections
                0x00000000200025b0        0x4 _build/nrf52840_xxaa/bsp_btn_ble.c.o
 .bss.current_long_push_pin_no.9206
                0x00000000200025b4        0x1 _build/nrf52840_xxaa/bsp.c.o
 .bss.m_alert_on
                0x00000000200025b5        0x1 _build/nrf52840_xxaa/bsp.c.o
 *fill*         0x00000000200025b6        0x2 
 .bss.m_events_list
                0x00000000200025b8        0x3 _build/nrf52840_xxaa/bsp.c.o
 *fill*         0x00000000200025bb        0x1 
 .bss.m_indication_type
                0x00000000200025bc        0x4 _build/nrf52840_xxaa/bsp.c.o
 .bss.m_leds_clear
                0x00000000200025c0        0x1 _build/nrf52840_xxaa/bsp.c.o
 *fill*         0x00000000200025c1        0x3 
 .bss.m_registered_callback
                0x00000000200025c4        0x4 _build/nrf52840_xxaa/bsp.c.o
 .bss.m_stable_state
                0x00000000200025c8        0x1 _build/nrf52840_xxaa/bsp.c.o
 *fill*         0x00000000200025c9        0x3 
 .bss.release_event_at_push.9207
                0x00000000200025cc        0x1 _build/nrf52840_xxaa/bsp.c.o
 .bss.m_async_mode
                0x00000000200025cd        0x1 _build/nrf52840_xxaa/nrf_log_backend_uart.c.o
 *fill*         0x00000000200025ce        0x2 
 .bss.m_string_buff
                0x00000000200025d0       0x40 _build/nrf52840_xxaa/nrf_log_backend_uart.c.o
 .bss.m_xfer_done
                0x0000000020002610        0x1 _build/nrf52840_xxaa/nrf_log_backend_uart.c.o
 *fill*         0x0000000020002611        0x3 
 .bss.log_mempool_nrf_balloc_cb
                0x0000000020002614        0x8 _build/nrf52840_xxaa/nrf_log_frontend.c.o
 .bss.log_mempool_nrf_balloc_pool_mem
                0x000000002000261c       0xc0 _build/nrf52840_xxaa/nrf_log_frontend.c.o
 .bss.log_mempool_nrf_balloc_pool_stack
                0x00000000200026dc        0x8 _build/nrf52840_xxaa/nrf_log_frontend.c.o
 .bss.m_log_data
                0x00000000200026e4      0x420 _build/nrf52840_xxaa/nrf_log_frontend.c.o
 .bss.m_log_push_ringbuf_buf
                0x0000000020002b04       0x80 _build/nrf52840_xxaa/nrf_log_frontend.c.o
 .bss.m_log_push_ringbuf_cb
                0x0000000020002b84       0x18 _build/nrf52840_xxaa/nrf_log_frontend.c.o
 .bss.m_button_count
                0x0000000020002b9c        0x1 _build/nrf52840_xxaa/app_button.c.o
 *fill*         0x0000000020002b9d        0x3 
 .bss.m_detection_delay
                0x0000000020002ba0        0x4 _build/nrf52840_xxaa/app_button.c.o
 *fill*         0x0000000020002ba4        0x4 
 .bss.m_pin_active
                0x0000000020002ba8        0x8 _build/nrf52840_xxaa/app_button.c.o
 .bss.m_pin_states
                0x0000000020002bb0       0x20 _build/nrf52840_xxaa/app_button.c.o
 .bss.mp_buttons
                0x0000000020002bd0        0x4 _build/nrf52840_xxaa/app_button.c.o
 .bss.m_app_timer_sortlist_sortlist_cb
                0x0000000020002bd4        0x4 _build/nrf52840_xxaa/app_timer2.c.o
 .bss.m_base_counter
                0x0000000020002bd8        0x8 _build/nrf52840_xxaa/app_timer2.c.o
 .bss.m_global_active
                0x0000000020002be0        0x1 _build/nrf52840_xxaa/app_timer2.c.o
 *fill*         0x0000000020002be1        0x3 
 .bss.m_req_fifo_data
                0x0000000020002be4       0x58 _build/nrf52840_xxaa/app_timer2.c.o
 .bss.m_req_fifo_inst
                0x0000000020002c3c       0x10 _build/nrf52840_xxaa/app_timer2.c.o
 *fill*         0x0000000020002c4c        0x4 
 .bss.m_stamp64
                0x0000000020002c50        0x8 _build/nrf52840_xxaa/app_timer2.c.o
 .bss.mp_active_timer
                0x0000000020002c58        0x4 _build/nrf52840_xxaa/app_timer2.c.o
 .bss.m_cb      0x0000000020002c5c        0x8 _build/nrf52840_xxaa/drv_rtc.c.o
 .bss.m_handlers
                0x0000000020002c64        0x4 _build/nrf52840_xxaa/drv_rtc.c.o
 .bss.m_handlers_iter
                0x0000000020002c68        0x8 _build/nrf52840_xxaa/nrf_pwr_mgmt.c.o
 .bss.m_shutdown_started
                0x0000000020002c70        0x1 _build/nrf52840_xxaa/nrf_pwr_mgmt.c.o
 *fill*         0x0000000020002c71        0x3 
 .bss.m_sysoff_mtx
                0x0000000020002c74        0x4 _build/nrf52840_xxaa/nrf_pwr_mgmt.c.o
 .bss.m_clock_cb
                0x0000000020002c78       0x14 _build/nrf52840_xxaa/nrf_drv_clock.c.o
 .bss.m_contexts
                0x0000000020002c8c        0x8 _build/nrf52840_xxaa/nrf_drv_uart.c.o
 .bss.m_handlers
                0x0000000020002c94        0x8 _build/nrf52840_xxaa/nrf_drv_uart.c.o
 .bss.m_clock_cb
                0x0000000020002c9c        0x8 _build/nrf52840_xxaa/nrfx_clock.c.o
 .bss.m_cb      0x0000000020002ca4       0x6c _build/nrf52840_xxaa/nrfx_gpiote.c.o
 .bss.m_prs_box_4
                0x0000000020002d10        0x8 _build/nrf52840_xxaa/nrfx_prs.c.o
 .bss.m_cb      0x0000000020002d18       0x2c _build/nrf52840_xxaa/nrfx_uart.c.o
 .bss.m_cb      0x0000000020002d44       0x24 _build/nrf52840_xxaa/nrfx_uarte.c.o
 .bss.m_advertising
                0x0000000020002d68      0x434 _build/nrf52840_xxaa/main.c.o
 .bss.m_gatt    0x000000002000319c       0x14 _build/nrf52840_xxaa/main.c.o
 .bss.m_qwr     0x00000000200031b0        0xc _build/nrf52840_xxaa/main.c.o
 .bss.m_conn_params_config
                0x00000000200031bc       0x1c _build/nrf52840_xxaa/ble_conn_params.c.o
 .bss.m_conn_params_instances
                0x00000000200031d8       0x14 _build/nrf52840_xxaa/ble_conn_params.c.o
 .bss.m_preferred_conn_params
                0x00000000200031ec        0x8 _build/nrf52840_xxaa/ble_conn_params.c.o
 *fill*         0x00000000200031f4        0x4 
 .bss.m_timer_data
                0x00000000200031f8       0x20 _build/nrf52840_xxaa/ble_conn_params.c.o
 .bss.m_bcs     0x0000000020003218       0x7c _build/nrf52840_xxaa/ble_conn_state.c.o
 .bss.m_nrf_sdh_continue
                0x0000000020003294        0x1 _build/nrf52840_xxaa/nrf_sdh.c.o
 .bss.m_nrf_sdh_enabled
                0x0000000020003295        0x1 _build/nrf52840_xxaa/nrf_sdh.c.o
 .bss.m_nrf_sdh_suspended
                0x0000000020003296        0x1 _build/nrf52840_xxaa/nrf_sdh.c.o
 .bss.m_stack_is_enabled
                0x0000000020003297        0x1 _build/nrf52840_xxaa/nrf_sdh_ble.c.o
 *(COMMON)
 COMMON         0x0000000020003298        0xc _build/nrf52840_xxaa/app_util_platform.c.o
                0x0000000020003298                nrf_nvic_state
 COMMON         0x00000000200032a4        0x2 _build/nrf52840_xxaa/nrf_drv_uart.c.o
                0x00000000200032a4                nrf_drv_uart_use_easy_dma
                0x00000000200032a8                . = ALIGN (0x4)
 *fill*         0x00000000200032a6        0x2 
                0x00000000200032a8                __bss_end__ = .

.heap           0x00000000200032a8     0x2000
                0x00000000200032a8                __HeapBase = .
                0x00000000200032a8                __end__ = .
                [!provide]                        PROVIDE (end, .)
 *(.heap*)
 .heap          0x00000000200032a8     0x2000 _build/nrf52840_xxaa/gcc_startup_nrf52840.S.o
                0x00000000200052a8                __HeapLimit = .

.stack_dummy    0x00000000200032a8     0x2000
 *(.stack*)
 .stack         0x00000000200032a8     0x2000 _build/nrf52840_xxaa/gcc_startup_nrf52840.S.o
                0x0000000020040000                __StackTop = (ORIGIN (RAM) + LENGTH (RAM))
                0x000000002003e000                __StackLimit = (__StackTop - SIZEOF (.stack_dummy))
                0x0000000020040000                PROVIDE (__stack, __StackTop)
                0x0000000000000001                ASSERT ((__StackLimit >= __HeapLimit), region RAM overflowed with stack)
                0x0000000000000290                DataInitFlashUsed = (__bss_start__ - __data_start__)
                0x0000000000007320                CodeFlashUsed = (__etext - ORIGIN (FLASH))
                0x00000000000075b0                TotalFlashUsed = (CodeFlashUsed + DataInitFlashUsed)
                0x0000000000000001                ASSERT ((TotalFlashUsed <= LENGTH (FLASH)), region FLASH overflowed with .data and user data)
OUTPUT(_build/nrf52840_xxaa.out elf32-littlearm)

.ARM.attributes
                0x0000000000000000       0x30
 .ARM.attributes
                0x0000000000000000       0x22 /home/sarbjeet/gnuarmemb/gcc-arm-none-eabi-6-2017-q2-update/bin/../lib/gcc/arm-none-eabi/6.3.1/thumb/v7e-m/fpv4-sp/hard/crti.o
 .ARM.attributes
                0x0000000000000022       0x34 /home/sarbjeet/gnuarmemb/gcc-arm-none-eabi-6-2017-q2-update/bin/../lib/gcc/arm-none-eabi/6.3.1/thumb/v7e-m/fpv4-sp/hard/crtbegin.o
 .ARM.attributes
                0x0000000000000056       0x20 /home/sarbjeet/gnuarmemb/gcc-arm-none-eabi-6-2017-q2-update/bin/../lib/gcc/arm-none-eabi/6.3.1/../../../../arm-none-eabi/lib/thumb/v7e-m/fpv4-sp/hard/crt0.o
 .ARM.attributes
                0x0000000000000076       0x20 _build/nrf52840_xxaa/gcc_startup_nrf52840.S.o
 .ARM.attributes
                0x0000000000000096       0x39 _build/nrf52840_xxaa/bsp_btn_ble.c.o
 .ARM.attributes
                0x00000000000000cf       0x39 _build/nrf52840_xxaa/bsp.c.o
 .ARM.attributes
                0x0000000000000108       0x39 _build/nrf52840_xxaa/nrf_log_backend_serial.c.o
 .ARM.attributes
                0x0000000000000141       0x39 _build/nrf52840_xxaa/nrf_log_backend_uart.c.o
 .ARM.attributes
                0x000000000000017a       0x39 _build/nrf52840_xxaa/nrf_log_default_backends.c.o
 .ARM.attributes
                0x00000000000001b3       0x39 _build/nrf52840_xxaa/nrf_log_frontend.c.o
 .ARM.attributes
                0x00000000000001ec       0x39 _build/nrf52840_xxaa/nrf_log_str_formatter.c.o
 .ARM.attributes
                0x0000000000000225       0x39 _build/nrf52840_xxaa/app_button.c.o
 .ARM.attributes
                0x000000000000025e       0x39 _build/nrf52840_xxaa/app_error.c.o
 .ARM.attributes
                0x0000000000000297       0x39 _build/nrf52840_xxaa/app_error_weak.c.o
 .ARM.attributes
                0x00000000000002d0       0x39 _build/nrf52840_xxaa/app_timer2.c.o
 .ARM.attributes
                0x0000000000000309       0x39 _build/nrf52840_xxaa/app_util_platform.c.o
 .ARM.attributes
                0x0000000000000342       0x39 _build/nrf52840_xxaa/drv_rtc.c.o
 .ARM.attributes
                0x000000000000037b       0x39 _build/nrf52840_xxaa/nrf_atfifo.c.o
 .ARM.attributes
                0x00000000000003b4       0x39 _build/nrf52840_xxaa/nrf_atflags.c.o
 .ARM.attributes
                0x00000000000003ed       0x39 _build/nrf52840_xxaa/nrf_atomic.c.o
 .ARM.attributes
                0x0000000000000426       0x39 _build/nrf52840_xxaa/nrf_balloc.c.o
 .ARM.attributes
                0x000000000000045f       0x39 _build/nrf52840_xxaa/nrf_fprintf.c.o
 .ARM.attributes
                0x0000000000000498       0x39 _build/nrf52840_xxaa/nrf_fprintf_format.c.o
 .ARM.attributes
                0x00000000000004d1       0x39 _build/nrf52840_xxaa/nrf_memobj.c.o
 .ARM.attributes
                0x000000000000050a       0x39 _build/nrf52840_xxaa/nrf_pwr_mgmt.c.o
 .ARM.attributes
                0x0000000000000543       0x39 _build/nrf52840_xxaa/nrf_ringbuf.c.o
 .ARM.attributes
                0x000000000000057c       0x39 _build/nrf52840_xxaa/nrf_section_iter.c.o
 .ARM.attributes
                0x00000000000005b5       0x39 _build/nrf52840_xxaa/nrf_sortlist.c.o
 .ARM.attributes
                0x00000000000005ee       0x39 _build/nrf52840_xxaa/nrf_strerror.c.o
 .ARM.attributes
                0x0000000000000627       0x39 _build/nrf52840_xxaa/system_nrf52840.c.o
 .ARM.attributes
                0x0000000000000660       0x39 _build/nrf52840_xxaa/boards.c.o
 .ARM.attributes
                0x0000000000000699       0x39 _build/nrf52840_xxaa/nrf_drv_clock.c.o
 .ARM.attributes
                0x00000000000006d2       0x39 _build/nrf52840_xxaa/nrf_drv_uart.c.o
 .ARM.attributes
                0x000000000000070b       0x39 _build/nrf52840_xxaa/nrfx_clock.c.o
 .ARM.attributes
                0x0000000000000744       0x39 _build/nrf52840_xxaa/nrfx_gpiote.c.o
 .ARM.attributes
                0x000000000000077d       0x39 _build/nrf52840_xxaa/nrfx_prs.c.o
 .ARM.attributes
                0x00000000000007b6       0x39 _build/nrf52840_xxaa/nrfx_uart.c.o
 .ARM.attributes
                0x00000000000007ef       0x39 _build/nrf52840_xxaa/nrfx_uarte.c.o
 .ARM.attributes
                0x0000000000000828       0x39 _build/nrf52840_xxaa/main.c.o
 .ARM.attributes
                0x0000000000000861       0x39 _build/nrf52840_xxaa/ble_conn_params.c.o
 .ARM.attributes
                0x000000000000089a       0x39 _build/nrf52840_xxaa/ble_conn_state.c.o
 .ARM.attributes
                0x00000000000008d3       0x39 _build/nrf52840_xxaa/ble_srv_common.c.o
 .ARM.attributes
                0x000000000000090c       0x39 _build/nrf52840_xxaa/nrf_ble_gatt.c.o
 .ARM.attributes
                0x0000000000000945       0x39 _build/nrf52840_xxaa/nrf_ble_qwr.c.o
 .ARM.attributes
                0x000000000000097e       0x39 _build/nrf52840_xxaa/nrf_sdh.c.o
 .ARM.attributes
                0x00000000000009b7       0x39 _build/nrf52840_xxaa/nrf_sdh_ble.c.o
 .ARM.attributes
                0x00000000000009f0       0x39 _build/nrf52840_xxaa/nrf_sdh_soc.c.o
 .ARM.attributes
                0x0000000000000a29       0x34 /home/sarbjeet/gnuarmemb/gcc-arm-none-eabi-6-2017-q2-update/bin/../lib/gcc/arm-none-eabi/6.3.1/../../../../arm-none-eabi/lib/thumb/v7e-m/fpv4-sp/hard/libc_nano.a(lib_a-exit.o)
 .ARM.attributes
                0x0000000000000a5d       0x34 /home/sarbjeet/gnuarmemb/gcc-arm-none-eabi-6-2017-q2-update/bin/../lib/gcc/arm-none-eabi/6.3.1/../../../../arm-none-eabi/lib/thumb/v7e-m/fpv4-sp/hard/libc_nano.a(lib_a-impure.o)
 .ARM.attributes
                0x0000000000000a91       0x34 /home/sarbjeet/gnuarmemb/gcc-arm-none-eabi-6-2017-q2-update/bin/../lib/gcc/arm-none-eabi/6.3.1/../../../../arm-none-eabi/lib/thumb/v7e-m/fpv4-sp/hard/libc_nano.a(lib_a-init.o)
 .ARM.attributes
                0x0000000000000ac5       0x34 /home/sarbjeet/gnuarmemb/gcc-arm-none-eabi-6-2017-q2-update/bin/../lib/gcc/arm-none-eabi/6.3.1/../../../../arm-none-eabi/lib/thumb/v7e-m/fpv4-sp/hard/libc_nano.a(lib_a-locale.o)
 .ARM.attributes
                0x0000000000000af9       0x34 /home/sarbjeet/gnuarmemb/gcc-arm-none-eabi-6-2017-q2-update/bin/../lib/gcc/arm-none-eabi/6.3.1/../../../../arm-none-eabi/lib/thumb/v7e-m/fpv4-sp/hard/libc_nano.a(lib_a-mbtowc_r.o)
 .ARM.attributes
                0x0000000000000b2d       0x34 /home/sarbjeet/gnuarmemb/gcc-arm-none-eabi-6-2017-q2-update/bin/../lib/gcc/arm-none-eabi/6.3.1/../../../../arm-none-eabi/lib/thumb/v7e-m/fpv4-sp/hard/libc_nano.a(lib_a-memcpy-stub.o)
 .ARM.attributes
                0x0000000000000b61       0x34 /home/sarbjeet/gnuarmemb/gcc-arm-none-eabi-6-2017-q2-update/bin/../lib/gcc/arm-none-eabi/6.3.1/../../../../arm-none-eabi/lib/thumb/v7e-m/fpv4-sp/hard/libc_nano.a(lib_a-memset.o)
 .ARM.attributes
                0x0000000000000b95       0x1b /home/sarbjeet/gnuarmemb/gcc-arm-none-eabi-6-2017-q2-update/bin/../lib/gcc/arm-none-eabi/6.3.1/../../../../arm-none-eabi/lib/thumb/v7e-m/fpv4-sp/hard/libc_nano.a(lib_a-strlen.o)
 .ARM.attributes
                0x0000000000000bb0       0x34 /home/sarbjeet/gnuarmemb/gcc-arm-none-eabi-6-2017-q2-update/bin/../lib/gcc/arm-none-eabi/6.3.1/../../../../arm-none-eabi/lib/thumb/v7e-m/fpv4-sp/hard/libc_nano.a(lib_a-wctomb_r.o)
 .ARM.attributes
                0x0000000000000be4       0x34 /home/sarbjeet/gnuarmemb/gcc-arm-none-eabi-6-2017-q2-update/bin/../lib/gcc/arm-none-eabi/6.3.1/../../../../arm-none-eabi/lib/thumb/v7e-m/fpv4-sp/hard/libc_nano.a(lib_a-ctype_.o)
 .ARM.attributes
                0x0000000000000c18       0x34 /home/sarbjeet/gnuarmemb/gcc-arm-none-eabi-6-2017-q2-update/bin/../lib/gcc/arm-none-eabi/6.3.1/../../../../arm-none-eabi/lib/thumb/v7e-m/fpv4-sp/hard/libnosys.a(_exit.o)
 .ARM.attributes
                0x0000000000000c4c       0x22 /home/sarbjeet/gnuarmemb/gcc-arm-none-eabi-6-2017-q2-update/bin/../lib/gcc/arm-none-eabi/6.3.1/thumb/v7e-m/fpv4-sp/hard/libgcc.a(_aeabi_uldivmod.o)
 .ARM.attributes
                0x0000000000000c6e       0x34 /home/sarbjeet/gnuarmemb/gcc-arm-none-eabi-6-2017-q2-update/bin/../lib/gcc/arm-none-eabi/6.3.1/thumb/v7e-m/fpv4-sp/hard/libgcc.a(_udivmoddi4.o)
 .ARM.attributes
                0x0000000000000ca2       0x22 /home/sarbjeet/gnuarmemb/gcc-arm-none-eabi-6-2017-q2-update/bin/../lib/gcc/arm-none-eabi/6.3.1/thumb/v7e-m/fpv4-sp/hard/libgcc.a(_dvmd_tls.o)
 .ARM.attributes
                0x0000000000000cc4       0x34 /home/sarbjeet/gnuarmemb/gcc-arm-none-eabi-6-2017-q2-update/bin/../lib/gcc/arm-none-eabi/6.3.1/thumb/v7e-m/fpv4-sp/hard/crtend.o
 .ARM.attributes
                0x0000000000000cf8       0x22 /home/sarbjeet/gnuarmemb/gcc-arm-none-eabi-6-2017-q2-update/bin/../lib/gcc/arm-none-eabi/6.3.1/thumb/v7e-m/fpv4-sp/hard/crtn.o

.comment        0x0000000000000000       0x7f
 .comment       0x0000000000000000       0x7f _build/nrf52840_xxaa/bsp_btn_ble.c.o
                                         0x80 (size before relaxing)
 .comment       0x000000000000007f       0x80 _build/nrf52840_xxaa/bsp.c.o
 .comment       0x000000000000007f       0x80 _build/nrf52840_xxaa/nrf_log_backend_serial.c.o
 .comment       0x000000000000007f       0x80 _build/nrf52840_xxaa/nrf_log_backend_uart.c.o
 .comment       0x000000000000007f       0x80 _build/nrf52840_xxaa/nrf_log_default_backends.c.o
 .comment       0x000000000000007f       0x80 _build/nrf52840_xxaa/nrf_log_frontend.c.o
 .comment       0x000000000000007f       0x80 _build/nrf52840_xxaa/nrf_log_str_formatter.c.o
 .comment       0x000000000000007f       0x80 _build/nrf52840_xxaa/app_button.c.o
 .comment       0x000000000000007f       0x80 _build/nrf52840_xxaa/app_error.c.o
 .comment       0x000000000000007f       0x80 _build/nrf52840_xxaa/app_error_weak.c.o
 .comment       0x000000000000007f       0x80 _build/nrf52840_xxaa/app_timer2.c.o
 .comment       0x000000000000007f       0x80 _build/nrf52840_xxaa/app_util_platform.c.o
 .comment       0x000000000000007f       0x80 _build/nrf52840_xxaa/drv_rtc.c.o
 .comment       0x000000000000007f       0x80 _build/nrf52840_xxaa/nrf_atfifo.c.o
 .comment       0x000000000000007f       0x80 _build/nrf52840_xxaa/nrf_atflags.c.o
 .comment       0x000000000000007f       0x80 _build/nrf52840_xxaa/nrf_atomic.c.o
 .comment       0x000000000000007f       0x80 _build/nrf52840_xxaa/nrf_balloc.c.o
 .comment       0x000000000000007f       0x80 _build/nrf52840_xxaa/nrf_fprintf.c.o
 .comment       0x000000000000007f       0x80 _build/nrf52840_xxaa/nrf_fprintf_format.c.o
 .comment       0x000000000000007f       0x80 _build/nrf52840_xxaa/nrf_memobj.c.o
 .comment       0x000000000000007f       0x80 _build/nrf52840_xxaa/nrf_pwr_mgmt.c.o
 .comment       0x000000000000007f       0x80 _build/nrf52840_xxaa/nrf_ringbuf.c.o
 .comment       0x000000000000007f       0x80 _build/nrf52840_xxaa/nrf_section_iter.c.o
 .comment       0x000000000000007f       0x80 _build/nrf52840_xxaa/nrf_sortlist.c.o
 .comment       0x000000000000007f       0x80 _build/nrf52840_xxaa/nrf_strerror.c.o
 .comment       0x000000000000007f       0x80 _build/nrf52840_xxaa/system_nrf52840.c.o
 .comment       0x000000000000007f       0x80 _build/nrf52840_xxaa/boards.c.o
 .comment       0x000000000000007f       0x80 _build/nrf52840_xxaa/nrf_drv_clock.c.o
 .comment       0x000000000000007f       0x80 _build/nrf52840_xxaa/nrf_drv_uart.c.o
 .comment       0x000000000000007f       0x80 _build/nrf52840_xxaa/nrfx_clock.c.o
 .comment       0x000000000000007f       0x80 _build/nrf52840_xxaa/nrfx_gpiote.c.o
 .comment       0x000000000000007f       0x80 _build/nrf52840_xxaa/nrfx_prs.c.o
 .comment       0x000000000000007f       0x80 _build/nrf52840_xxaa/nrfx_uart.c.o
 .comment       0x000000000000007f       0x80 _build/nrf52840_xxaa/nrfx_uarte.c.o
 .comment       0x000000000000007f       0x80 _build/nrf52840_xxaa/main.c.o
 .comment       0x000000000000007f       0x80 _build/nrf52840_xxaa/ble_conn_params.c.o
 .comment       0x000000000000007f       0x80 _build/nrf52840_xxaa/ble_conn_state.c.o
 .comment       0x000000000000007f       0x80 _build/nrf52840_xxaa/ble_srv_common.c.o
 .comment       0x000000000000007f       0x80 _build/nrf52840_xxaa/nrf_ble_gatt.c.o
 .comment       0x000000000000007f       0x80 _build/nrf52840_xxaa/nrf_ble_qwr.c.o
 .comment       0x000000000000007f       0x80 _build/nrf52840_xxaa/nrf_sdh.c.o
 .comment       0x000000000000007f       0x80 _build/nrf52840_xxaa/nrf_sdh_ble.c.o
 .comment       0x000000000000007f       0x80 _build/nrf52840_xxaa/nrf_sdh_soc.c.o

.debug_line     0x0000000000000000    0x1a74c
 .debug_line    0x0000000000000000       0x89 _build/nrf52840_xxaa/gcc_startup_nrf52840.S.o
 .debug_line    0x0000000000000089      0xa10 _build/nrf52840_xxaa/bsp_btn_ble.c.o
 .debug_line    0x0000000000000a99      0xce5 _build/nrf52840_xxaa/bsp.c.o
 .debug_line    0x000000000000177e      0x87a _build/nrf52840_xxaa/nrf_log_backend_serial.c.o
 .debug_line    0x0000000000001ff8      0xb02 _build/nrf52840_xxaa/nrf_log_backend_uart.c.o
 .debug_line    0x0000000000002afa      0x7f0 _build/nrf52840_xxaa/nrf_log_default_backends.c.o
 .debug_line    0x00000000000032ea      0xf6b _build/nrf52840_xxaa/nrf_log_frontend.c.o
 .debug_line    0x0000000000004255      0x8e7 _build/nrf52840_xxaa/nrf_log_str_formatter.c.o
 .debug_line    0x0000000000004b3c      0xc8b _build/nrf52840_xxaa/app_button.c.o
 .debug_line    0x00000000000057c7      0x507 _build/nrf52840_xxaa/app_error.c.o
 .debug_line    0x0000000000005cce      0x870 _build/nrf52840_xxaa/app_error_weak.c.o
 .debug_line    0x000000000000653e      0xcae _build/nrf52840_xxaa/app_timer2.c.o
 .debug_line    0x00000000000071ec      0x620 _build/nrf52840_xxaa/app_util_platform.c.o
 .debug_line    0x000000000000780c      0xdde _build/nrf52840_xxaa/drv_rtc.c.o
 .debug_line    0x00000000000085ea      0x7f3 _build/nrf52840_xxaa/nrf_atfifo.c.o
 .debug_line    0x0000000000008ddd      0x6b4 _build/nrf52840_xxaa/nrf_atflags.c.o
 .debug_line    0x0000000000009491      0x70a _build/nrf52840_xxaa/nrf_atomic.c.o
 .debug_line    0x0000000000009b9b      0x7c5 _build/nrf52840_xxaa/nrf_balloc.c.o
 .debug_line    0x000000000000a360      0x5a2 _build/nrf52840_xxaa/nrf_fprintf.c.o
 .debug_line    0x000000000000a902      0x7d2 _build/nrf52840_xxaa/nrf_fprintf_format.c.o
 .debug_line    0x000000000000b0d4      0x8a6 _build/nrf52840_xxaa/nrf_memobj.c.o
 .debug_line    0x000000000000b97a      0xc0b _build/nrf52840_xxaa/nrf_pwr_mgmt.c.o
 .debug_line    0x000000000000c585      0x74b _build/nrf52840_xxaa/nrf_ringbuf.c.o
 .debug_line    0x000000000000ccd0      0x5a9 _build/nrf52840_xxaa/nrf_section_iter.c.o
 .debug_line    0x000000000000d279      0x706 _build/nrf52840_xxaa/nrf_sortlist.c.o
 .debug_line    0x000000000000d97f      0x5b0 _build/nrf52840_xxaa/nrf_strerror.c.o
 .debug_line    0x000000000000df2f      0x5c3 _build/nrf52840_xxaa/system_nrf52840.c.o
 .debug_line    0x000000000000e4f2      0x95b _build/nrf52840_xxaa/boards.c.o
 .debug_line    0x000000000000ee4d      0xcc0 _build/nrf52840_xxaa/nrf_drv_clock.c.o
 .debug_line    0x000000000000fb0d      0x85a _build/nrf52840_xxaa/nrf_drv_uart.c.o
 .debug_line    0x0000000000010367      0xbef _build/nrf52840_xxaa/nrfx_clock.c.o
 .debug_line    0x0000000000010f56     0x1482 _build/nrf52840_xxaa/nrfx_gpiote.c.o
 .debug_line    0x00000000000123d8      0x952 _build/nrf52840_xxaa/nrfx_prs.c.o
 .debug_line    0x0000000000012d2a     0x105f _build/nrf52840_xxaa/nrfx_uart.c.o
 .debug_line    0x0000000000013d89     0x105c _build/nrf52840_xxaa/nrfx_uarte.c.o
 .debug_line    0x0000000000014de5     0x11a9 _build/nrf52840_xxaa/main.c.o
 .debug_line    0x0000000000015f8e      0xa78 _build/nrf52840_xxaa/ble_conn_params.c.o
 .debug_line    0x0000000000016a06      0xb45 _build/nrf52840_xxaa/ble_conn_state.c.o
 .debug_line    0x000000000001754b      0x7dd _build/nrf52840_xxaa/ble_srv_common.c.o
 .debug_line    0x0000000000017d28      0x8f4 _build/nrf52840_xxaa/nrf_ble_gatt.c.o
 .debug_line    0x000000000001861c      0x6f6 _build/nrf52840_xxaa/nrf_ble_qwr.c.o
 .debug_line    0x0000000000018d12      0x9b6 _build/nrf52840_xxaa/nrf_sdh.c.o
 .debug_line    0x00000000000196c8      0x905 _build/nrf52840_xxaa/nrf_sdh_ble.c.o
 .debug_line    0x0000000000019fcd      0x77f _build/nrf52840_xxaa/nrf_sdh_soc.c.o

.debug_info     0x0000000000000000    0x4e15d
 .debug_info    0x0000000000000000       0x26 _build/nrf52840_xxaa/gcc_startup_nrf52840.S.o
 .debug_info    0x0000000000000026     0x25b5 _build/nrf52840_xxaa/bsp_btn_ble.c.o
 .debug_info    0x00000000000025db     0x22de _build/nrf52840_xxaa/bsp.c.o
 .debug_info    0x00000000000048b9     0x1117 _build/nrf52840_xxaa/nrf_log_backend_serial.c.o
 .debug_info    0x00000000000059d0     0x1ae3 _build/nrf52840_xxaa/nrf_log_backend_uart.c.o
 .debug_info    0x00000000000074b3      0xcd2 _build/nrf52840_xxaa/nrf_log_default_backends.c.o
 .debug_info    0x0000000000008185     0x3479 _build/nrf52840_xxaa/nrf_log_frontend.c.o
 .debug_info    0x000000000000b5fe     0x1357 _build/nrf52840_xxaa/nrf_log_str_formatter.c.o
 .debug_info    0x000000000000c955     0x1a05 _build/nrf52840_xxaa/app_button.c.o
 .debug_info    0x000000000000e35a      0xadc _build/nrf52840_xxaa/app_error.c.o
 .debug_info    0x000000000000ee36      0xf06 _build/nrf52840_xxaa/app_error_weak.c.o
 .debug_info    0x000000000000fd3c     0x21ca _build/nrf52840_xxaa/app_timer2.c.o
 .debug_info    0x0000000000011f06     0x11c9 _build/nrf52840_xxaa/app_util_platform.c.o
 .debug_info    0x00000000000130cf     0x2622 _build/nrf52840_xxaa/drv_rtc.c.o
 .debug_info    0x00000000000156f1     0x1398 _build/nrf52840_xxaa/nrf_atfifo.c.o
 .debug_info    0x0000000000016a89      0xe97 _build/nrf52840_xxaa/nrf_atflags.c.o
 .debug_info    0x0000000000017920     0x1221 _build/nrf52840_xxaa/nrf_atomic.c.o
 .debug_info    0x0000000000018b41      0xd93 _build/nrf52840_xxaa/nrf_balloc.c.o
 .debug_info    0x00000000000198d4      0xaaf _build/nrf52840_xxaa/nrf_fprintf.c.o
 .debug_info    0x000000000001a383     0x1278 _build/nrf52840_xxaa/nrf_fprintf_format.c.o
 .debug_info    0x000000000001b5fb     0x1370 _build/nrf52840_xxaa/nrf_memobj.c.o
 .debug_info    0x000000000001c96b     0x1c56 _build/nrf52840_xxaa/nrf_pwr_mgmt.c.o
 .debug_info    0x000000000001e5c1      0xe35 _build/nrf52840_xxaa/nrf_ringbuf.c.o
 .debug_info    0x000000000001f3f6      0xa28 _build/nrf52840_xxaa/nrf_section_iter.c.o
 .debug_info    0x000000000001fe1e      0xc84 _build/nrf52840_xxaa/nrf_sortlist.c.o
 .debug_info    0x0000000000020aa2      0xaa5 _build/nrf52840_xxaa/nrf_strerror.c.o
 .debug_info    0x0000000000021547     0x16ba _build/nrf52840_xxaa/system_nrf52840.c.o
 .debug_info    0x0000000000022c01     0x1d8b _build/nrf52840_xxaa/boards.c.o
 .debug_info    0x000000000002498c     0x20a5 _build/nrf52840_xxaa/nrf_drv_clock.c.o
 .debug_info    0x0000000000026a31     0x1978 _build/nrf52840_xxaa/nrf_drv_uart.c.o
 .debug_info    0x00000000000283a9     0x1beb _build/nrf52840_xxaa/nrfx_clock.c.o
 .debug_info    0x0000000000029f94     0x3ec9 _build/nrf52840_xxaa/nrfx_gpiote.c.o
 .debug_info    0x000000000002de5d     0x10d6 _build/nrf52840_xxaa/nrfx_prs.c.o
 .debug_info    0x000000000002ef33     0x39de _build/nrf52840_xxaa/nrfx_uart.c.o
 .debug_info    0x0000000000032911     0x395d _build/nrf52840_xxaa/nrfx_uarte.c.o
 .debug_info    0x000000000003626e     0x4d65 _build/nrf52840_xxaa/main.c.o
 .debug_info    0x000000000003afd3     0x31d0 _build/nrf52840_xxaa/ble_conn_params.c.o
 .debug_info    0x000000000003e1a3     0x34b5 _build/nrf52840_xxaa/ble_conn_state.c.o
 .debug_info    0x0000000000041658     0x1528 _build/nrf52840_xxaa/ble_srv_common.c.o
 .debug_info    0x0000000000042b80     0x3093 _build/nrf52840_xxaa/nrf_ble_gatt.c.o
 .debug_info    0x0000000000045c13     0x269c _build/nrf52840_xxaa/nrf_ble_qwr.c.o