16:00:18 **** Incremental Build of configuration Debug for project BLE_p2pServer ****
make -j4 all 
arm-none-eabi-gcc "/home/sarbjeet/github/IoT/Code/STM32/CubeIDE_Workspace_3/BLE_p2pServer/Utilities/lpm/tiny_lpm/stm32_lpm.c" -mcpu=cortex-m4 -std=gnu11 -g3 -DUSE_HAL_DRIVER -DUSE_STM32WBXX_NUCLEO -DDEBUG -DSTM32WB55xx -c -I../../Core/Inc -I../../STM32_WPAN/App -I../../Drivers/STM32WBxx_HAL_Driver/Inc -I../../Drivers/STM32WBxx_HAL_Driver/Inc/Legacy -I../../Utilities/lpm/tiny_lpm -I../../Middlewares/ST/STM32_WPAN -I../../Middlewares/ST/STM32_WPAN/interface/patterns/ble_thread -I../../Middlewares/ST/STM32_WPAN/interface/patterns/ble_thread/tl -I../../Middlewares/ST/STM32_WPAN/interface/patterns/ble_thread/shci -I../../Middlewares/ST/STM32_WPAN/utilities -I../../Middlewares/ST/STM32_WPAN/ble/core -I../../Middlewares/ST/STM32_WPAN/ble/core/auto -I../../Middlewares/ST/STM32_WPAN/ble/core/template -I../../Middlewares/ST/STM32_WPAN/ble/svc/Inc -I../../Middlewares/ST/STM32_WPAN/ble/svc/Src -I../../Drivers/CMSIS/Device/ST/STM32WBxx/Include -I../../Utilities/sequencer -I../../Middlewares/ST/STM32_WPAN/ble -I../../Drivers/CMSIS/Include -I../../Drivers/BSP/P-NUCLEO-WB55.Nucleo -I../../tiny_lpm -O0 -ffunction-sections -fdata-sections -Wall -fstack-usage -MMD -MP -MF"Utilities/stm32_lpm.d" -MT"Utilities/stm32_lpm.o" --specs=nano.specs -mfpu=fpv4-sp-d16 -mfloat-abi=hard -mthumb -o "Utilities/stm32_lpm.o"
arm-none-eabi-gcc "/home/sarbjeet/github/IoT/Code/STM32/CubeIDE_Workspace_3/BLE_p2pServer/Utilities/sequencer/stm32_seq.c" -mcpu=cortex-m4 -std=gnu11 -g3 -DUSE_HAL_DRIVER -DUSE_STM32WBXX_NUCLEO -DDEBUG -DSTM32WB55xx -c -I../../Core/Inc -I../../STM32_WPAN/App -I../../Drivers/STM32WBxx_HAL_Driver/Inc -I../../Drivers/STM32WBxx_HAL_Driver/Inc/Legacy -I../../Utilities/lpm/tiny_lpm -I../../Middlewares/ST/STM32_WPAN -I../../Middlewares/ST/STM32_WPAN/interface/patterns/ble_thread -I../../Middlewares/ST/STM32_WPAN/interface/patterns/ble_thread/tl -I../../Middlewares/ST/STM32_WPAN/interface/patterns/ble_thread/shci -I../../Middlewares/ST/STM32_WPAN/utilities -I../../Middlewares/ST/STM32_WPAN/ble/core -I../../Middlewares/ST/STM32_WPAN/ble/core/auto -I../../Middlewares/ST/STM32_WPAN/ble/core/template -I../../Middlewares/ST/STM32_WPAN/ble/svc/Inc -I../../Middlewares/ST/STM32_WPAN/ble/svc/Src -I../../Drivers/CMSIS/Device/ST/STM32WBxx/Include -I../../Utilities/sequencer -I../../Middlewares/ST/STM32_WPAN/ble -I../../Drivers/CMSIS/Include -I../../Drivers/BSP/P-NUCLEO-WB55.Nucleo -I../../tiny_lpm -O0 -ffunction-sections -fdata-sections -Wall -fstack-usage -MMD -MP -MF"Utilities/stm32_seq.d" -MT"Utilities/stm32_seq.o" --specs=nano.specs -mfpu=fpv4-sp-d16 -mfloat-abi=hard -mthumb -o "Utilities/stm32_seq.o"
arm-none-eabi-gcc "/home/sarbjeet/github/IoT/Code/STM32/CubeIDE_Workspace_3/BLE_p2pServer/Middlewares/ST/STM32_WPAN/ble/core/auto/ble_gap_aci.c" -mcpu=cortex-m4 -std=gnu11 -g3 -DUSE_HAL_DRIVER -DUSE_STM32WBXX_NUCLEO -DDEBUG -DSTM32WB55xx -c -I../../Core/Inc -I../../STM32_WPAN/App -I../../Drivers/STM32WBxx_HAL_Driver/Inc -I../../Drivers/STM32WBxx_HAL_Driver/Inc/Legacy -I../../Utilities/lpm/tiny_lpm -I../../Middlewares/ST/STM32_WPAN -I../../Middlewares/ST/STM32_WPAN/interface/patterns/ble_thread -I../../Middlewares/ST/STM32_WPAN/interface/patterns/ble_thread/tl -I../../Middlewares/ST/STM32_WPAN/interface/patterns/ble_thread/shci -I../../Middlewares/ST/STM32_WPAN/utilities -I../../Middlewares/ST/STM32_WPAN/ble/core -I../../Middlewares/ST/STM32_WPAN/ble/core/auto -I../../Middlewares/ST/STM32_WPAN/ble/core/template -I../../Middlewares/ST/STM32_WPAN/ble/svc/Inc -I../../Middlewares/ST/STM32_WPAN/ble/svc/Src -I../../Drivers/CMSIS/Device/ST/STM32WBxx/Include -I../../Utilities/sequencer -I../../Middlewares/ST/STM32_WPAN/ble -I../../Drivers/CMSIS/Include -I../../Drivers/BSP/P-NUCLEO-WB55.Nucleo -I../../tiny_lpm -O0 -ffunction-sections -fdata-sections -Wall -fstack-usage -MMD -MP -MF"Middlewares/STM32_WPAN/ble_gap_aci.d" -MT"Middlewares/STM32_WPAN/ble_gap_aci.o" --specs=nano.specs -mfpu=fpv4-sp-d16 -mfloat-abi=hard -mthumb -o "Middlewares/STM32_WPAN/ble_gap_aci.o"
arm-none-eabi-gcc "/home/sarbjeet/github/IoT/Code/STM32/CubeIDE_Workspace_3/BLE_p2pServer/Middlewares/ST/STM32_WPAN/ble/core/auto/ble_gatt_aci.c" -mcpu=cortex-m4 -std=gnu11 -g3 -DUSE_HAL_DRIVER -DUSE_STM32WBXX_NUCLEO -DDEBUG -DSTM32WB55xx -c -I../../Core/Inc -I../../STM32_WPAN/App -I../../Drivers/STM32WBxx_HAL_Driver/Inc -I../../Drivers/STM32WBxx_HAL_Driver/Inc/Legacy -I../../Utilities/lpm/tiny_lpm -I../../Middlewares/ST/STM32_WPAN -I../../Middlewares/ST/STM32_WPAN/interface/patterns/ble_thread -I../../Middlewares/ST/STM32_WPAN/interface/patterns/ble_thread/tl -I../../Middlewares/ST/STM32_WPAN/interface/patterns/ble_thread/shci -I../../Middlewares/ST/STM32_WPAN/utilities -I../../Middlewares/ST/STM32_WPAN/ble/core -I../../Middlewares/ST/STM32_WPAN/ble/core/auto -I../../Middlewares/ST/STM32_WPAN/ble/core/template -I../../Middlewares/ST/STM32_WPAN/ble/svc/Inc -I../../Middlewares/ST/STM32_WPAN/ble/svc/Src -I../../Drivers/CMSIS/Device/ST/STM32WBxx/Include -I../../Utilities/sequencer -I../../Middlewares/ST/STM32_WPAN/ble -I../../Drivers/CMSIS/Include -I../../Drivers/BSP/P-NUCLEO-WB55.Nucleo -I../../tiny_lpm -O0 -ffunction-sections -fdata-sections -Wall -fstack-usage -MMD -MP -MF"Middlewares/STM32_WPAN/ble_gatt_aci.d" -MT"Middlewares/STM32_WPAN/ble_gatt_aci.o" --specs=nano.specs -mfpu=fpv4-sp-d16 -mfloat-abi=hard -mthumb -o "Middlewares/STM32_WPAN/ble_gatt_aci.o"
arm-none-eabi-gcc "/home/sarbjeet/github/IoT/Code/STM32/CubeIDE_Workspace_3/BLE_p2pServer/Middlewares/ST/STM32_WPAN/ble/core/auto/ble_hal_aci.c" -mcpu=cortex-m4 -std=gnu11 -g3 -DUSE_HAL_DRIVER -DUSE_STM32WBXX_NUCLEO -DDEBUG -DSTM32WB55xx -c -I../../Core/Inc -I../../STM32_WPAN/App -I../../Drivers/STM32WBxx_HAL_Driver/Inc -I../../Drivers/STM32WBxx_HAL_Driver/Inc/Legacy -I../../Utilities/lpm/tiny_lpm -I../../Middlewares/ST/STM32_WPAN -I../../Middlewares/ST/STM32_WPAN/interface/patterns/ble_thread -I../../Middlewares/ST/STM32_WPAN/interface/patterns/ble_thread/tl -I../../Middlewares/ST/STM32_WPAN/interface/patterns/ble_thread/shci -I../../Middlewares/ST/STM32_WPAN/utilities -I../../Middlewares/ST/STM32_WPAN/ble/core -I../../Middlewares/ST/STM32_WPAN/ble/core/auto -I../../Middlewares/ST/STM32_WPAN/ble/core/template -I../../Middlewares/ST/STM32_WPAN/ble/svc/Inc -I../../Middlewares/ST/STM32_WPAN/ble/svc/Src -I../../Drivers/CMSIS/Device/ST/STM32WBxx/Include -I../../Utilities/sequencer -I../../Middlewares/ST/STM32_WPAN/ble -I../../Drivers/CMSIS/Include -I../../Drivers/BSP/P-NUCLEO-WB55.Nucleo -I../../tiny_lpm -O0 -ffunction-sections -fdata-sections -Wall -fstack-usage -MMD -MP -MF"Middlewares/STM32_WPAN/ble_hal_aci.d" -MT"Middlewares/STM32_WPAN/ble_hal_aci.o" --specs=nano.specs -mfpu=fpv4-sp-d16 -mfloat-abi=hard -mthumb -o "Middlewares/STM32_WPAN/ble_hal_aci.o"
arm-none-eabi-gcc "/home/sarbjeet/github/IoT/Code/STM32/CubeIDE_Workspace_3/BLE_p2pServer/Middlewares/ST/STM32_WPAN/ble/core/auto/ble_hci_le.c" -mcpu=cortex-m4 -std=gnu11 -g3 -DUSE_HAL_DRIVER -DUSE_STM32WBXX_NUCLEO -DDEBUG -DSTM32WB55xx -c -I../../Core/Inc -I../../STM32_WPAN/App -I../../Drivers/STM32WBxx_HAL_Driver/Inc -I../../Drivers/STM32WBxx_HAL_Driver/Inc/Legacy -I../../Utilities/lpm/tiny_lpm -I../../Middlewares/ST/STM32_WPAN -I../../Middlewares/ST/STM32_WPAN/interface/patterns/ble_thread -I../../Middlewares/ST/STM32_WPAN/interface/patterns/ble_thread/tl -I../../Middlewares/ST/STM32_WPAN/interface/patterns/ble_thread/shci -I../../Middlewares/ST/STM32_WPAN/utilities -I../../Middlewares/ST/STM32_WPAN/ble/core -I../../Middlewares/ST/STM32_WPAN/ble/core/auto -I../../Middlewares/ST/STM32_WPAN/ble/core/template -I../../Middlewares/ST/STM32_WPAN/ble/svc/Inc -I../../Middlewares/ST/STM32_WPAN/ble/svc/Src -I../../Drivers/CMSIS/Device/ST/STM32WBxx/Include -I../../Utilities/sequencer -I../../Middlewares/ST/STM32_WPAN/ble -I../../Drivers/CMSIS/Include -I../../Drivers/BSP/P-NUCLEO-WB55.Nucleo -I../../tiny_lpm -O0 -ffunction-sections -fdata-sections -Wall -fstack-usage -MMD -MP -MF"Middlewares/STM32_WPAN/ble_hci_le.d" -MT"Middlewares/STM32_WPAN/ble_hci_le.o" --specs=nano.specs -mfpu=fpv4-sp-d16 -mfloat-abi=hard -mthumb -o "Middlewares/STM32_WPAN/ble_hci_le.o"
arm-none-eabi-gcc "/home/sarbjeet/github/IoT/Code/STM32/CubeIDE_Workspace_3/BLE_p2pServer/Middlewares/ST/STM32_WPAN/ble/core/auto/ble_l2cap_aci.c" -mcpu=cortex-m4 -std=gnu11 -g3 -DUSE_HAL_DRIVER -DUSE_STM32WBXX_NUCLEO -DDEBUG -DSTM32WB55xx -c -I../../Core/Inc -I../../STM32_WPAN/App -I../../Drivers/STM32WBxx_HAL_Driver/Inc -I../../Drivers/STM32WBxx_HAL_Driver/Inc/Legacy -I../../Utilities/lpm/tiny_lpm -I../../Middlewares/ST/STM32_WPAN -I../../Middlewares/ST/STM32_WPAN/interface/patterns/ble_thread -I../../Middlewares/ST/STM32_WPAN/interface/patterns/ble_thread/tl -I../../Middlewares/ST/STM32_WPAN/interface/patterns/ble_thread/shci -I../../Middlewares/ST/STM32_WPAN/utilities -I../../Middlewares/ST/STM32_WPAN/ble/core -I../../Middlewares/ST/STM32_WPAN/ble/core/auto -I../../Middlewares/ST/STM32_WPAN/ble/core/template -I../../Middlewares/ST/STM32_WPAN/ble/svc/Inc -I../../Middlewares/ST/STM32_WPAN/ble/svc/Src -I../../Drivers/CMSIS/Device/ST/STM32WBxx/Include -I../../Utilities/sequencer -I../../Middlewares/ST/STM32_WPAN/ble -I../../Drivers/CMSIS/Include -I../../Drivers/BSP/P-NUCLEO-WB55.Nucleo -I../../tiny_lpm -O0 -ffunction-sections -fdata-sections -Wall -fstack-usage -MMD -MP -MF"Middlewares/STM32_WPAN/ble_l2cap_aci.d" -MT"Middlewares/STM32_WPAN/ble_l2cap_aci.o" --specs=nano.specs -mfpu=fpv4-sp-d16 -mfloat-abi=hard -mthumb -o "Middlewares/STM32_WPAN/ble_l2cap_aci.o"
arm-none-eabi-gcc "/home/sarbjeet/github/IoT/Code/STM32/CubeIDE_Workspace_3/BLE_p2pServer/Middlewares/ST/STM32_WPAN/utilities/dbg_trace.c" -mcpu=cortex-m4 -std=gnu11 -g3 -DUSE_HAL_DRIVER -DUSE_STM32WBXX_NUCLEO -DDEBUG -DSTM32WB55xx -c -I../../Core/Inc -I../../STM32_WPAN/App -I../../Drivers/STM32WBxx_HAL_Driver/Inc -I../../Drivers/STM32WBxx_HAL_Driver/Inc/Legacy -I../../Utilities/lpm/tiny_lpm -I../../Middlewares/ST/STM32_WPAN -I../../Middlewares/ST/STM32_WPAN/interface/patterns/ble_thread -I../../Middlewares/ST/STM32_WPAN/interface/patterns/ble_thread/tl -I../../Middlewares/ST/STM32_WPAN/interface/patterns/ble_thread/shci -I../../Middlewares/ST/STM32_WPAN/utilities -I../../Middlewares/ST/STM32_WPAN/ble/core -I../../Middlewares/ST/STM32_WPAN/ble/core/auto -I../../Middlewares/ST/STM32_WPAN/ble/core/template -I../../Middlewares/ST/STM32_WPAN/ble/svc/Inc -I../../Middlewares/ST/STM32_WPAN/ble/svc/Src -I../../Drivers/CMSIS/Device/ST/STM32WBxx/Include -I../../Utilities/sequencer -I../../Middlewares/ST/STM32_WPAN/ble -I../../Drivers/CMSIS/Include -I../../Drivers/BSP/P-NUCLEO-WB55.Nucleo -I../../tiny_lpm -O0 -ffunction-sections -fdata-sections -Wall -fstack-usage -MMD -MP -MF"Middlewares/STM32_WPAN/dbg_trace.d" -MT"Middlewares/STM32_WPAN/dbg_trace.o" --specs=nano.specs -mfpu=fpv4-sp-d16 -mfloat-abi=hard -mthumb -o "Middlewares/STM32_WPAN/dbg_trace.o"
arm-none-eabi-gcc "/home/sarbjeet/github/IoT/Code/STM32/CubeIDE_Workspace_3/BLE_p2pServer/Middlewares/ST/STM32_WPAN/interface/patterns/ble_thread/tl/hci_tl.c" -mcpu=cortex-m4 -std=gnu11 -g3 -DUSE_HAL_DRIVER -DUSE_STM32WBXX_NUCLEO -DDEBUG -DSTM32WB55xx -c -I../../Core/Inc -I../../STM32_WPAN/App -I../../Drivers/STM32WBxx_HAL_Driver/Inc -I../../Drivers/STM32WBxx_HAL_Driver/Inc/Legacy -I../../Utilities/lpm/tiny_lpm -I../../Middlewares/ST/STM32_WPAN -I../../Middlewares/ST/STM32_WPAN/interface/patterns/ble_thread -I../../Middlewares/ST/STM32_WPAN/interface/patterns/ble_thread/tl -I../../Middlewares/ST/STM32_WPAN/interface/patterns/ble_thread/shci -I../../Middlewares/ST/STM32_WPAN/utilities -I../../Middlewares/ST/STM32_WPAN/ble/core -I../../Middlewares/ST/STM32_WPAN/ble/core/auto -I../../Middlewares/ST/STM32_WPAN/ble/core/template -I../../Middlewares/ST/STM32_WPAN/ble/svc/Inc -I../../Middlewares/ST/STM32_WPAN/ble/svc/Src -I../../Drivers/CMSIS/Device/ST/STM32WBxx/Include -I../../Utilities/sequencer -I../../Middlewares/ST/STM32_WPAN/ble -I../../Drivers/CMSIS/Include -I../../Drivers/BSP/P-NUCLEO-WB55.Nucleo -I../../tiny_lpm -O0 -ffunction-sections -fdata-sections -Wall -fstack-usage -MMD -MP -MF"Middlewares/STM32_WPAN/hci_tl.d" -MT"Middlewares/STM32_WPAN/hci_tl.o" --specs=nano.specs -mfpu=fpv4-sp-d16 -mfloat-abi=hard -mthumb -o "Middlewares/STM32_WPAN/hci_tl.o"
arm-none-eabi-gcc "/home/sarbjeet/github/IoT/Code/STM32/CubeIDE_Workspace_3/BLE_p2pServer/Middlewares/ST/STM32_WPAN/interface/patterns/ble_thread/tl/hci_tl_if.c" -mcpu=cortex-m4 -std=gnu11 -g3 -DUSE_HAL_DRIVER -DUSE_STM32WBXX_NUCLEO -DDEBUG -DSTM32WB55xx -c -I../../Core/Inc -I../../STM32_WPAN/App -I../../Drivers/STM32WBxx_HAL_Driver/Inc -I../../Drivers/STM32WBxx_HAL_Driver/Inc/Legacy -I../../Utilities/lpm/tiny_lpm -I../../Middlewares/ST/STM32_WPAN -I../../Middlewares/ST/STM32_WPAN/interface/patterns/ble_thread -I../../Middlewares/ST/STM32_WPAN/interface/patterns/ble_thread/tl -I../../Middlewares/ST/STM32_WPAN/interface/patterns/ble_thread/shci -I../../Middlewares/ST/STM32_WPAN/utilities -I../../Middlewares/ST/STM32_WPAN/ble/core -I../../Middlewares/ST/STM32_WPAN/ble/core/auto -I../../Middlewares/ST/STM32_WPAN/ble/core/template -I../../Middlewares/ST/STM32_WPAN/ble/svc/Inc -I../../Middlewares/ST/STM32_WPAN/ble/svc/Src -I../../Drivers/CMSIS/Device/ST/STM32WBxx/Include -I../../Utilities/sequencer -I../../Middlewares/ST/STM32_WPAN/ble -I../../Drivers/CMSIS/Include -I../../Drivers/BSP/P-NUCLEO-WB55.Nucleo -I../../tiny_lpm -O0 -ffunction-sections -fdata-sections -Wall -fstack-usage -MMD -MP -MF"Middlewares/STM32_WPAN/hci_tl_if.d" -MT"Middlewares/STM32_WPAN/hci_tl_if.o" --specs=nano.specs -mfpu=fpv4-sp-d16 -mfloat-abi=hard -mthumb -o "Middlewares/STM32_WPAN/hci_tl_if.o"
arm-none-eabi-gcc "/home/sarbjeet/github/IoT/Code/STM32/CubeIDE_Workspace_3/BLE_p2pServer/Middlewares/ST/STM32_WPAN/ble/core/template/osal.c" -mcpu=cortex-m4 -std=gnu11 -g3 -DUSE_HAL_DRIVER -DUSE_STM32WBXX_NUCLEO -DDEBUG -DSTM32WB55xx -c -I../../Core/Inc -I../../STM32_WPAN/App -I../../Drivers/STM32WBxx_HAL_Driver/Inc -I../../Drivers/STM32WBxx_HAL_Driver/Inc/Legacy -I../../Utilities/lpm/tiny_lpm -I../../Middlewares/ST/STM32_WPAN -I../../Middlewares/ST/STM32_WPAN/interface/patterns/ble_thread -I../../Middlewares/ST/STM32_WPAN/interface/patterns/ble_thread/tl -I../../Middlewares/ST/STM32_WPAN/interface/patterns/ble_thread/shci -I../../Middlewares/ST/STM32_WPAN/utilities -I../../Middlewares/ST/STM32_WPAN/ble/core -I../../Middlewares/ST/STM32_WPAN/ble/core/auto -I../../Middlewares/ST/STM32_WPAN/ble/core/template -I../../Middlewares/ST/STM32_WPAN/ble/svc/Inc -I../../Middlewares/ST/STM32_WPAN/ble/svc/Src -I../../Drivers/CMSIS/Device/ST/STM32WBxx/Include -I../../Utilities/sequencer -I../../Middlewares/ST/STM32_WPAN/ble -I../../Drivers/CMSIS/Include -I../../Drivers/BSP/P-NUCLEO-WB55.Nucleo -I../../tiny_lpm -O0 -ffunction-sections -fdata-sections -Wall -fstack-usage -MMD -MP -MF"Middlewares/STM32_WPAN/osal.d" -MT"Middlewares/STM32_WPAN/osal.o" --specs=nano.specs -mfpu=fpv4-sp-d16 -mfloat-abi=hard -mthumb -o "Middlewares/STM32_WPAN/osal.o"
arm-none-eabi-gcc "/home/sarbjeet/github/IoT/Code/STM32/CubeIDE_Workspace_3/BLE_p2pServer/Middlewares/ST/STM32_WPAN/utilities/otp.c" -mcpu=cortex-m4 -std=gnu11 -g3 -DUSE_HAL_DRIVER -DUSE_STM32WBXX_NUCLEO -DDEBUG -DSTM32WB55xx -c -I../../Core/Inc -I../../STM32_WPAN/App -I../../Drivers/STM32WBxx_HAL_Driver/Inc -I../../Drivers/STM32WBxx_HAL_Driver/Inc/Legacy -I../../Utilities/lpm/tiny_lpm -I../../Middlewares/ST/STM32_WPAN -I../../Middlewares/ST/STM32_WPAN/interface/patterns/ble_thread -I../../Middlewares/ST/STM32_WPAN/interface/patterns/ble_thread/tl -I../../Middlewares/ST/STM32_WPAN/interface/patterns/ble_thread/shci -I../../Middlewares/ST/STM32_WPAN/utilities -I../../Middlewares/ST/STM32_WPAN/ble/core -I../../Middlewares/ST/STM32_WPAN/ble/core/auto -I../../Middlewares/ST/STM32_WPAN/ble/core/template -I../../Middlewares/ST/STM32_WPAN/ble/svc/Inc -I../../Middlewares/ST/STM32_WPAN/ble/svc/Src -I../../Drivers/CMSIS/Device/ST/STM32WBxx/Include -I../../Utilities/sequencer -I../../Middlewares/ST/STM32_WPAN/ble -I../../Drivers/CMSIS/Include -I../../Drivers/BSP/P-NUCLEO-WB55.Nucleo -I../../tiny_lpm -O0 -ffunction-sections -fdata-sections -Wall -fstack-usage -MMD -MP -MF"Middlewares/STM32_WPAN/otp.d" -MT"Middlewares/STM32_WPAN/otp.o" --specs=nano.specs -mfpu=fpv4-sp-d16 -mfloat-abi=hard -mthumb -o "Middlewares/STM32_WPAN/otp.o"
arm-none-eabi-gcc "/home/sarbjeet/github/IoT/Code/STM32/CubeIDE_Workspace_3/BLE_p2pServer/Middlewares/ST/STM32_WPAN/ble/svc/Src/p2p_stm.c" -mcpu=cortex-m4 -std=gnu11 -g3 -DUSE_HAL_DRIVER -DUSE_STM32WBXX_NUCLEO -DDEBUG -DSTM32WB55xx -c -I../../Core/Inc -I../../STM32_WPAN/App -I../../Drivers/STM32WBxx_HAL_Driver/Inc -I../../Drivers/STM32WBxx_HAL_Driver/Inc/Legacy -I../../Utilities/lpm/tiny_lpm -I../../Middlewares/ST/STM32_WPAN -I../../Middlewares/ST/STM32_WPAN/interface/patterns/ble_thread -I../../Middlewares/ST/STM32_WPAN/interface/patterns/ble_thread/tl -I../../Middlewares/ST/STM32_WPAN/interface/patterns/ble_thread/shci -I../../Middlewares/ST/STM32_WPAN/utilities -I../../Middlewares/ST/STM32_WPAN/ble/core -I../../Middlewares/ST/STM32_WPAN/ble/core/auto -I../../Middlewares/ST/STM32_WPAN/ble/core/template -I../../Middlewares/ST/STM32_WPAN/ble/svc/Inc -I../../Middlewares/ST/STM32_WPAN/ble/svc/Src -I../../Drivers/CMSIS/Device/ST/STM32WBxx/Include -I../../Utilities/sequencer -I../../Middlewares/ST/STM32_WPAN/ble -I../../Drivers/CMSIS/Include -I../../Drivers/BSP/P-NUCLEO-WB55.Nucleo -I../../tiny_lpm -O0 -ffunction-sections -fdata-sections -Wall -fstack-usage -MMD -MP -MF"Middlewares/STM32_WPAN/p2p_stm.d" -MT"Middlewares/STM32_WPAN/p2p_stm.o" --specs=nano.specs -mfpu=fpv4-sp-d16 -mfloat-abi=hard -mthumb -o "Middlewares/STM32_WPAN/p2p_stm.o"
arm-none-eabi-gcc "/home/sarbjeet/github/IoT/Code/STM32/CubeIDE_Workspace_3/BLE_p2pServer/Middlewares/ST/STM32_WPAN/interface/patterns/ble_thread/shci/shci.c" -mcpu=cortex-m4 -std=gnu11 -g3 -DUSE_HAL_DRIVER -DUSE_STM32WBXX_NUCLEO -DDEBUG -DSTM32WB55xx -c -I../../Core/Inc -I../../STM32_WPAN/App -I../../Drivers/STM32WBxx_HAL_Driver/Inc -I../../Drivers/STM32WBxx_HAL_Driver/Inc/Legacy -I../../Utilities/lpm/tiny_lpm -I../../Middlewares/ST/STM32_WPAN -I../../Middlewares/ST/STM32_WPAN/interface/patterns/ble_thread -I../../Middlewares/ST/STM32_WPAN/interface/patterns/ble_thread/tl -I../../Middlewares/ST/STM32_WPAN/interface/patterns/ble_thread/shci -I../../Middlewares/ST/STM32_WPAN/utilities -I../../Middlewares/ST/STM32_WPAN/ble/core -I../../Middlewares/ST/STM32_WPAN/ble/core/auto -I../../Middlewares/ST/STM32_WPAN/ble/core/template -I../../Middlewares/ST/STM32_WPAN/ble/svc/Inc -I../../Middlewares/ST/STM32_WPAN/ble/svc/Src -I../../Drivers/CMSIS/Device/ST/STM32WBxx/Include -I../../Utilities/sequencer -I../../Middlewares/ST/STM32_WPAN/ble -I../../Drivers/CMSIS/Include -I../../Drivers/BSP/P-NUCLEO-WB55.Nucleo -I../../tiny_lpm -O0 -ffunction-sections -fdata-sections -Wall -fstack-usage -MMD -MP -MF"Middlewares/STM32_WPAN/shci.d" -MT"Middlewares/STM32_WPAN/shci.o" --specs=nano.specs -mfpu=fpv4-sp-d16 -mfloat-abi=hard -mthumb -o "Middlewares/STM32_WPAN/shci.o"
arm-none-eabi-gcc "/home/sarbjeet/github/IoT/Code/STM32/CubeIDE_Workspace_3/BLE_p2pServer/Middlewares/ST/STM32_WPAN/interface/patterns/ble_thread/tl/shci_tl.c" -mcpu=cortex-m4 -std=gnu11 -g3 -DUSE_HAL_DRIVER -DUSE_STM32WBXX_NUCLEO -DDEBUG -DSTM32WB55xx -c -I../../Core/Inc -I../../STM32_WPAN/App -I../../Drivers/STM32WBxx_HAL_Driver/Inc -I../../Drivers/STM32WBxx_HAL_Driver/Inc/Legacy -I../../Utilities/lpm/tiny_lpm -I../../Middlewares/ST/STM32_WPAN -I../../Middlewares/ST/STM32_WPAN/interface/patterns/ble_thread -I../../Middlewares/ST/STM32_WPAN/interface/patterns/ble_thread/tl -I../../Middlewares/ST/STM32_WPAN/interface/patterns/ble_thread/shci -I../../Middlewares/ST/STM32_WPAN/utilities -I../../Middlewares/ST/STM32_WPAN/ble/core -I../../Middlewares/ST/STM32_WPAN/ble/core/auto -I../../Middlewares/ST/STM32_WPAN/ble/core/template -I../../Middlewares/ST/STM32_WPAN/ble/svc/Inc -I../../Middlewares/ST/STM32_WPAN/ble/svc/Src -I../../Drivers/CMSIS/Device/ST/STM32WBxx/Include -I../../Utilities/sequencer -I../../Middlewares/ST/STM32_WPAN/ble -I../../Drivers/CMSIS/Include -I../../Drivers/BSP/P-NUCLEO-WB55.Nucleo -I../../tiny_lpm -O0 -ffunction-sections -fdata-sections -Wall -fstack-usage -MMD -MP -MF"Middlewares/STM32_WPAN/shci_tl.d" -MT"Middlewares/STM32_WPAN/shci_tl.o" --specs=nano.specs -mfpu=fpv4-sp-d16 -mfloat-abi=hard -mthumb -o "Middlewares/STM32_WPAN/shci_tl.o"
arm-none-eabi-gcc "/home/sarbjeet/github/IoT/Code/STM32/CubeIDE_Workspace_3/BLE_p2pServer/Middlewares/ST/STM32_WPAN/interface/patterns/ble_thread/tl/shci_tl_if.c" -mcpu=cortex-m4 -std=gnu11 -g3 -DUSE_HAL_DRIVER -DUSE_STM32WBXX_NUCLEO -DDEBUG -DSTM32WB55xx -c -I../../Core/Inc -I../../STM32_WPAN/App -I../../Drivers/STM32WBxx_HAL_Driver/Inc -I../../Drivers/STM32WBxx_HAL_Driver/Inc/Legacy -I../../Utilities/lpm/tiny_lpm -I../../Middlewares/ST/STM32_WPAN -I../../Middlewares/ST/STM32_WPAN/interface/patterns/ble_thread -I../../Middlewares/ST/STM32_WPAN/interface/patterns/ble_thread/tl -I../../Middlewares/ST/STM32_WPAN/interface/patterns/ble_thread/shci -I../../Middlewares/ST/STM32_WPAN/utilities -I../../Middlewares/ST/STM32_WPAN/ble/core -I../../Middlewares/ST/STM32_WPAN/ble/core/auto -I../../Middlewares/ST/STM32_WPAN/ble/core/template -I../../Middlewares/ST/STM32_WPAN/ble/svc/Inc -I../../Middlewares/ST/STM32_WPAN/ble/svc/Src -I../../Drivers/CMSIS/Device/ST/STM32WBxx/Include -I../../Utilities/sequencer -I../../Middlewares/ST/STM32_WPAN/ble -I../../Drivers/CMSIS/Include -I../../Drivers/BSP/P-NUCLEO-WB55.Nucleo -I../../tiny_lpm -O0 -ffunction-sections -fdata-sections -Wall -fstack-usage -MMD -MP -MF"Middlewares/STM32_WPAN/shci_tl_if.d" -MT"Middlewares/STM32_WPAN/shci_tl_if.o" --specs=nano.specs -mfpu=fpv4-sp-d16 -mfloat-abi=hard -mthumb -o "Middlewares/STM32_WPAN/shci_tl_if.o"
arm-none-eabi-gcc "/home/sarbjeet/github/IoT/Code/STM32/CubeIDE_Workspace_3/BLE_p2pServer/Middlewares/ST/STM32_WPAN/utilities/stm_list.c" -mcpu=cortex-m4 -std=gnu11 -g3 -DUSE_HAL_DRIVER -DUSE_STM32WBXX_NUCLEO -DDEBUG -DSTM32WB55xx -c -I../../Core/Inc -I../../STM32_WPAN/App -I../../Drivers/STM32WBxx_HAL_Driver/Inc -I../../Drivers/STM32WBxx_HAL_Driver/Inc/Legacy -I../../Utilities/lpm/tiny_lpm -I../../Middlewares/ST/STM32_WPAN -I../../Middlewares/ST/STM32_WPAN/interface/patterns/ble_thread -I../../Middlewares/ST/STM32_WPAN/interface/patterns/ble_thread/tl -I../../Middlewares/ST/STM32_WPAN/interface/patterns/ble_thread/shci -I../../Middlewares/ST/STM32_WPAN/utilities -I../../Middlewares/ST/STM32_WPAN/ble/core -I../../Middlewares/ST/STM32_WPAN/ble/core/auto -I../../Middlewares/ST/STM32_WPAN/ble/core/template -I../../Middlewares/ST/STM32_WPAN/ble/svc/Inc -I../../Middlewares/ST/STM32_WPAN/ble/svc/Src -I../../Drivers/CMSIS/Device/ST/STM32WBxx/Include -I../../Utilities/sequencer -I../../Middlewares/ST/STM32_WPAN/ble -I../../Drivers/CMSIS/Include -I../../Drivers/BSP/P-NUCLEO-WB55.Nucleo -I../../tiny_lpm -O0 -ffunction-sections -fdata-sections -Wall -fstack-usage -MMD -MP -MF"Middlewares/STM32_WPAN/stm_list.d" -MT"Middlewares/STM32_WPAN/stm_list.o" --specs=nano.specs -mfpu=fpv4-sp-d16 -mfloat-abi=hard -mthumb -o "Middlewares/STM32_WPAN/stm_list.o"
arm-none-eabi-gcc "/home/sarbjeet/github/IoT/Code/STM32/CubeIDE_Workspace_3/BLE_p2pServer/Middlewares/ST/STM32_WPAN/utilities/stm_queue.c" -mcpu=cortex-m4 -std=gnu11 -g3 -DUSE_HAL_DRIVER -DUSE_STM32WBXX_NUCLEO -DDEBUG -DSTM32WB55xx -c -I../../Core/Inc -I../../STM32_WPAN/App -I../../Drivers/STM32WBxx_HAL_Driver/Inc -I../../Drivers/STM32WBxx_HAL_Driver/Inc/Legacy -I../../Utilities/lpm/tiny_lpm -I../../Middlewares/ST/STM32_WPAN -I../../Middlewares/ST/STM32_WPAN/interface/patterns/ble_thread -I../../Middlewares/ST/STM32_WPAN/interface/patterns/ble_thread/tl -I../../Middlewares/ST/STM32_WPAN/interface/patterns/ble_thread/shci -I../../Middlewares/ST/STM32_WPAN/utilities -I../../Middlewares/ST/STM32_WPAN/ble/core -I../../Middlewares/ST/STM32_WPAN/ble/core/auto -I../../Middlewares/ST/STM32_WPAN/ble/core/template -I../../Middlewares/ST/STM32_WPAN/ble/svc/Inc -I../../Middlewares/ST/STM32_WPAN/ble/svc/Src -I../../Drivers/CMSIS/Device/ST/STM32WBxx/Include -I../../Utilities/sequencer -I../../Middlewares/ST/STM32_WPAN/ble -I../../Drivers/CMSIS/Include -I../../Drivers/BSP/P-NUCLEO-WB55.Nucleo -I../../tiny_lpm -O0 -ffunction-sections -fdata-sections -Wall -fstack-usage -MMD -MP -MF"Middlewares/STM32_WPAN/stm_queue.d" -MT"Middlewares/STM32_WPAN/stm_queue.o" --specs=nano.specs -mfpu=fpv4-sp-d16 -mfloat-abi=hard -mthumb -o "Middlewares/STM32_WPAN/stm_queue.o"
arm-none-eabi-gcc "/home/sarbjeet/github/IoT/Code/STM32/CubeIDE_Workspace_3/BLE_p2pServer/Middlewares/ST/STM32_WPAN/ble/svc/Src/svc_ctl.c" -mcpu=cortex-m4 -std=gnu11 -g3 -DUSE_HAL_DRIVER -DUSE_STM32WBXX_NUCLEO -DDEBUG -DSTM32WB55xx -c -I../../Core/Inc -I../../STM32_WPAN/App -I../../Drivers/STM32WBxx_HAL_Driver/Inc -I../../Drivers/STM32WBxx_HAL_Driver/Inc/Legacy -I../../Utilities/lpm/tiny_lpm -I../../Middlewares/ST/STM32_WPAN -I../../Middlewares/ST/STM32_WPAN/interface/patterns/ble_thread -I../../Middlewares/ST/STM32_WPAN/interface/patterns/ble_thread/tl -I../../Middlewares/ST/STM32_WPAN/interface/patterns/ble_thread/shci -I../../Middlewares/ST/STM32_WPAN/utilities -I../../Middlewares/ST/STM32_WPAN/ble/core -I../../Middlewares/ST/STM32_WPAN/ble/core/auto -I../../Middlewares/ST/STM32_WPAN/ble/core/template -I../../Middlewares/ST/STM32_WPAN/ble/svc/Inc -I../../Middlewares/ST/STM32_WPAN/ble/svc/Src -I../../Drivers/CMSIS/Device/ST/STM32WBxx/Include -I../../Utilities/sequencer -I../../Middlewares/ST/STM32_WPAN/ble -I../../Drivers/CMSIS/Include -I../../Drivers/BSP/P-NUCLEO-WB55.Nucleo -I../../tiny_lpm -O0 -ffunction-sections -fdata-sections -Wall -fstack-usage -MMD -MP -MF"Middlewares/STM32_WPAN/svc_ctl.d" -MT"Middlewares/STM32_WPAN/svc_ctl.o" --specs=nano.specs -mfpu=fpv4-sp-d16 -mfloat-abi=hard -mthumb -o "Middlewares/STM32_WPAN/svc_ctl.o"
arm-none-eabi-gcc "/home/sarbjeet/github/IoT/Code/STM32/CubeIDE_Workspace_3/BLE_p2pServer/Middlewares/ST/STM32_WPAN/interface/patterns/ble_thread/tl/tl_mbox.c" -mcpu=cortex-m4 -std=gnu11 -g3 -DUSE_HAL_DRIVER -DUSE_STM32WBXX_NUCLEO -DDEBUG -DSTM32WB55xx -c -I../../Core/Inc -I../../STM32_WPAN/App -I../../Drivers/STM32WBxx_HAL_Driver/Inc -I../../Drivers/STM32WBxx_HAL_Driver/Inc/Legacy -I../../Utilities/lpm/tiny_lpm -I../../Middlewares/ST/STM32_WPAN -I../../Middlewares/ST/STM32_WPAN/interface/patterns/ble_thread -I../../Middlewares/ST/STM32_WPAN/interface/patterns/ble_thread/tl -I../../Middlewares/ST/STM32_WPAN/interface/patterns/ble_thread/shci -I../../Middlewares/ST/STM32_WPAN/utilities -I../../Middlewares/ST/STM32_WPAN/ble/core -I../../Middlewares/ST/STM32_WPAN/ble/core/auto -I../../Middlewares/ST/STM32_WPAN/ble/core/template -I../../Middlewares/ST/STM32_WPAN/ble/svc/Inc -I../../Middlewares/ST/STM32_WPAN/ble/svc/Src -I../../Drivers/CMSIS/Device/ST/STM32WBxx/Include -I../../Utilities/sequencer -I../../Middlewares/ST/STM32_WPAN/ble -I../../Drivers/CMSIS/Include -I../../Drivers/BSP/P-NUCLEO-WB55.Nucleo -I../../tiny_lpm -O0 -ffunction-sections -fdata-sections -Wall -fstack-usage -MMD -MP -MF"Middlewares/STM32_WPAN/tl_mbox.d" -MT"Middlewares/STM32_WPAN/tl_mbox.o" --specs=nano.specs -mfpu=fpv4-sp-d16 -mfloat-abi=hard -mthumb -o "Middlewares/STM32_WPAN/tl_mbox.o"
arm-none-eabi-gcc "/home/sarbjeet/github/IoT/Code/STM32/CubeIDE_Workspace_3/BLE_p2pServer/Drivers/STM32WBxx_HAL_Driver/Src/stm32wbxx_hal.c" -mcpu=cortex-m4 -std=gnu11 -g3 -DUSE_HAL_DRIVER -DUSE_STM32WBXX_NUCLEO -DDEBUG -DSTM32WB55xx -c -I../../Core/Inc -I../../STM32_WPAN/App -I../../Drivers/STM32WBxx_HAL_Driver/Inc -I../../Drivers/STM32WBxx_HAL_Driver/Inc/Legacy -I../../Utilities/lpm/tiny_lpm -I../../Middlewares/ST/STM32_WPAN -I../../Middlewares/ST/STM32_WPAN/interface/patterns/ble_thread -I../../Middlewares/ST/STM32_WPAN/interface/patterns/ble_thread/tl -I../../Middlewares/ST/STM32_WPAN/interface/patterns/ble_thread/shci -I../../Middlewares/ST/STM32_WPAN/utilities -I../../Middlewares/ST/STM32_WPAN/ble/core -I../../Middlewares/ST/STM32_WPAN/ble/core/auto -I../../Middlewares/ST/STM32_WPAN/ble/core/template -I../../Middlewares/ST/STM32_WPAN/ble/svc/Inc -I../../Middlewares/ST/STM32_WPAN/ble/svc/Src -I../../Drivers/CMSIS/Device/ST/STM32WBxx/Include -I../../Utilities/sequencer -I../../Middlewares/ST/STM32_WPAN/ble -I../../Drivers/CMSIS/Include -I../../Drivers/BSP/P-NUCLEO-WB55.Nucleo -I../../tiny_lpm -O0 -ffunction-sections -fdata-sections -Wall -fstack-usage -MMD -MP -MF"Drivers/STM32WBxx_HAL_Driver/stm32wbxx_hal.d" -MT"Drivers/STM32WBxx_HAL_Driver/stm32wbxx_hal.o" --specs=nano.specs -mfpu=fpv4-sp-d16 -mfloat-abi=hard -mthumb -o "Drivers/STM32WBxx_HAL_Driver/stm32wbxx_hal.o"
arm-none-eabi-gcc "/home/sarbjeet/github/IoT/Code/STM32/CubeIDE_Workspace_3/BLE_p2pServer/Drivers/STM32WBxx_HAL_Driver/Src/stm32wbxx_hal_cortex.c" -mcpu=cortex-m4 -std=gnu11 -g3 -DUSE_HAL_DRIVER -DUSE_STM32WBXX_NUCLEO -DDEBUG -DSTM32WB55xx -c -I../../Core/Inc -I../../STM32_WPAN/App -I../../Drivers/STM32WBxx_HAL_Driver/Inc -I../../Drivers/STM32WBxx_HAL_Driver/Inc/Legacy -I../../Utilities/lpm/tiny_lpm -I../../Middlewares/ST/STM32_WPAN -I../../Middlewares/ST/STM32_WPAN/interface/patterns/ble_thread -I../../Middlewares/ST/STM32_WPAN/interface/patterns/ble_thread/tl -I../../Middlewares/ST/STM32_WPAN/interface/patterns/ble_thread/shci -I../../Middlewares/ST/STM32_WPAN/utilities -I../../Middlewares/ST/STM32_WPAN/ble/core -I../../Middlewares/ST/STM32_WPAN/ble/core/auto -I../../Middlewares/ST/STM32_WPAN/ble/core/template -I../../Middlewares/ST/STM32_WPAN/ble/svc/Inc -I../../Middlewares/ST/STM32_WPAN/ble/svc/Src -I../../Drivers/CMSIS/Device/ST/STM32WBxx/Include -I../../Utilities/sequencer -I../../Middlewares/ST/STM32_WPAN/ble -I../../Drivers/CMSIS/Include -I../../Drivers/BSP/P-NUCLEO-WB55.Nucleo -I../../tiny_lpm -O0 -ffunction-sections -fdata-sections -Wall -fstack-usage -MMD -MP -MF"Drivers/STM32WBxx_HAL_Driver/stm32wbxx_hal_cortex.d" -MT"Drivers/STM32WBxx_HAL_Driver/stm32wbxx_hal_cortex.o" --specs=nano.specs -mfpu=fpv4-sp-d16 -mfloat-abi=hard -mthumb -o "Drivers/STM32WBxx_HAL_Driver/stm32wbxx_hal_cortex.o"
arm-none-eabi-gcc "/home/sarbjeet/github/IoT/Code/STM32/CubeIDE_Workspace_3/BLE_p2pServer/Drivers/STM32WBxx_HAL_Driver/Src/stm32wbxx_hal_dma.c" -mcpu=cortex-m4 -std=gnu11 -g3 -DUSE_HAL_DRIVER -DUSE_STM32WBXX_NUCLEO -DDEBUG -DSTM32WB55xx -c -I../../Core/Inc -I../../STM32_WPAN/App -I../../Drivers/STM32WBxx_HAL_Driver/Inc -I../../Drivers/STM32WBxx_HAL_Driver/Inc/Legacy -I../../Utilities/lpm/tiny_lpm -I../../Middlewares/ST/STM32_WPAN -I../../Middlewares/ST/STM32_WPAN/interface/patterns/ble_thread -I../../Middlewares/ST/STM32_WPAN/interface/patterns/ble_thread/tl -I../../Middlewares/ST/STM32_WPAN/interface/patterns/ble_thread/shci -I../../Middlewares/ST/STM32_WPAN/utilities -I../../Middlewares/ST/STM32_WPAN/ble/core -I../../Middlewares/ST/STM32_WPAN/ble/core/auto -I../../Middlewares/ST/STM32_WPAN/ble/core/template -I../../Middlewares/ST/STM32_WPAN/ble/svc/Inc -I../../Middlewares/ST/STM32_WPAN/ble/svc/Src -I../../Drivers/CMSIS/Device/ST/STM32WBxx/Include -I../../Utilities/sequencer -I../../Middlewares/ST/STM32_WPAN/ble -I../../Drivers/CMSIS/Include -I../../Drivers/BSP/P-NUCLEO-WB55.Nucleo -I../../tiny_lpm -O0 -ffunction-sections -fdata-sections -Wall -fstack-usage -MMD -MP -MF"Drivers/STM32WBxx_HAL_Driver/stm32wbxx_hal_dma.d" -MT"Drivers/STM32WBxx_HAL_Driver/stm32wbxx_hal_dma.o" --specs=nano.specs -mfpu=fpv4-sp-d16 -mfloat-abi=hard -mthumb -o "Drivers/STM32WBxx_HAL_Driver/stm32wbxx_hal_dma.o"
arm-none-eabi-gcc "/home/sarbjeet/github/IoT/Code/STM32/CubeIDE_Workspace_3/BLE_p2pServer/Drivers/STM32WBxx_HAL_Driver/Src/stm32wbxx_hal_dma_ex.c" -mcpu=cortex-m4 -std=gnu11 -g3 -DUSE_HAL_DRIVER -DUSE_STM32WBXX_NUCLEO -DDEBUG -DSTM32WB55xx -c -I../../Core/Inc -I../../STM32_WPAN/App -I../../Drivers/STM32WBxx_HAL_Driver/Inc -I../../Drivers/STM32WBxx_HAL_Driver/Inc/Legacy -I../../Utilities/lpm/tiny_lpm -I../../Middlewares/ST/STM32_WPAN -I../../Middlewares/ST/STM32_WPAN/interface/patterns/ble_thread -I../../Middlewares/ST/STM32_WPAN/interface/patterns/ble_thread/tl -I../../Middlewares/ST/STM32_WPAN/interface/patterns/ble_thread/shci -I../../Middlewares/ST/STM32_WPAN/utilities -I../../Middlewares/ST/STM32_WPAN/ble/core -I../../Middlewares/ST/STM32_WPAN/ble/core/auto -I../../Middlewares/ST/STM32_WPAN/ble/core/template -I../../Middlewares/ST/STM32_WPAN/ble/svc/Inc -I../../Middlewares/ST/STM32_WPAN/ble/svc/Src -I../../Drivers/CMSIS/Device/ST/STM32WBxx/Include -I../../Utilities/sequencer -I../../Middlewares/ST/STM32_WPAN/ble -I../../Drivers/CMSIS/Include -I../../Drivers/BSP/P-NUCLEO-WB55.Nucleo -I../../tiny_lpm -O0 -ffunction-sections -fdata-sections -Wall -fstack-usage -MMD -MP -MF"Drivers/STM32WBxx_HAL_Driver/stm32wbxx_hal_dma_ex.d" -MT"Drivers/STM32WBxx_HAL_Driver/stm32wbxx_hal_dma_ex.o" --specs=nano.specs -mfpu=fpv4-sp-d16 -mfloat-abi=hard -mthumb -o "Drivers/STM32WBxx_HAL_Driver/stm32wbxx_hal_dma_ex.o"
arm-none-eabi-gcc "/home/sarbjeet/github/IoT/Code/STM32/CubeIDE_Workspace_3/BLE_p2pServer/Drivers/STM32WBxx_HAL_Driver/Src/stm32wbxx_hal_exti.c" -mcpu=cortex-m4 -std=gnu11 -g3 -DUSE_HAL_DRIVER -DUSE_STM32WBXX_NUCLEO -DDEBUG -DSTM32WB55xx -c -I../../Core/Inc -I../../STM32_WPAN/App -I../../Drivers/STM32WBxx_HAL_Driver/Inc -I../../Drivers/STM32WBxx_HAL_Driver/Inc/Legacy -I../../Utilities/lpm/tiny_lpm -I../../Middlewares/ST/STM32_WPAN -I../../Middlewares/ST/STM32_WPAN/interface/patterns/ble_thread -I../../Middlewares/ST/STM32_WPAN/interface/patterns/ble_thread/tl -I../../Middlewares/ST/STM32_WPAN/interface/patterns/ble_thread/shci -I../../Middlewares/ST/STM32_WPAN/utilities -I../../Middlewares/ST/STM32_WPAN/ble/core -I../../Middlewares/ST/STM32_WPAN/ble/core/auto -I../../Middlewares/ST/STM32_WPAN/ble/core/template -I../../Middlewares/ST/STM32_WPAN/ble/svc/Inc -I../../Middlewares/ST/STM32_WPAN/ble/svc/Src -I../../Drivers/CMSIS/Device/ST/STM32WBxx/Include -I../../Utilities/sequencer -I../../Middlewares/ST/STM32_WPAN/ble -I../../Drivers/CMSIS/Include -I../../Drivers/BSP/P-NUCLEO-WB55.Nucleo -I../../tiny_lpm -O0 -ffunction-sections -fdata-sections -Wall -fstack-usage -MMD -MP -MF"Drivers/STM32WBxx_HAL_Driver/stm32wbxx_hal_exti.d" -MT"Drivers/STM32WBxx_HAL_Driver/stm32wbxx_hal_exti.o" --specs=nano.specs -mfpu=fpv4-sp-d16 -mfloat-abi=hard -mthumb -o "Drivers/STM32WBxx_HAL_Driver/stm32wbxx_hal_exti.o"
arm-none-eabi-gcc "/home/sarbjeet/github/IoT/Code/STM32/CubeIDE_Workspace_3/BLE_p2pServer/Drivers/STM32WBxx_HAL_Driver/Src/stm32wbxx_hal_flash.c" -mcpu=cortex-m4 -std=gnu11 -g3 -DUSE_HAL_DRIVER -DUSE_STM32WBXX_NUCLEO -DDEBUG -DSTM32WB55xx -c -I../../Core/Inc -I../../STM32_WPAN/App -I../../Drivers/STM32WBxx_HAL_Driver/Inc -I../../Drivers/STM32WBxx_HAL_Driver/Inc/Legacy -I../../Utilities/lpm/tiny_lpm -I../../Middlewares/ST/STM32_WPAN -I../../Middlewares/ST/STM32_WPAN/interface/patterns/ble_thread -I../../Middlewares/ST/STM32_WPAN/interface/patterns/ble_thread/tl -I../../Middlewares/ST/STM32_WPAN/interface/patterns/ble_thread/shci -I../../Middlewares/ST/STM32_WPAN/utilities -I../../Middlewares/ST/STM32_WPAN/ble/core -I../../Middlewares/ST/STM32_WPAN/ble/core/auto -I../../Middlewares/ST/STM32_WPAN/ble/core/template -I../../Middlewares/ST/STM32_WPAN/ble/svc/Inc -I../../Middlewares/ST/STM32_WPAN/ble/svc/Src -I../../Drivers/CMSIS/Device/ST/STM32WBxx/Include -I../../Utilities/sequencer -I../../Middlewares/ST/STM32_WPAN/ble -I../../Drivers/CMSIS/Include -I../../Drivers/BSP/P-NUCLEO-WB55.Nucleo -I../../tiny_lpm -O0 -ffunction-sections -fdata-sections -Wall -fstack-usage -MMD -MP -MF"Drivers/STM32WBxx_HAL_Driver/stm32wbxx_hal_flash.d" -MT"Drivers/STM32WBxx_HAL_Driver/stm32wbxx_hal_flash.o" --specs=nano.specs -mfpu=fpv4-sp-d16 -mfloat-abi=hard -mthumb -o "Drivers/STM32WBxx_HAL_Driver/stm32wbxx_hal_flash.o"
arm-none-eabi-gcc "/home/sarbjeet/github/IoT/Code/STM32/CubeIDE_Workspace_3/BLE_p2pServer/Drivers/STM32WBxx_HAL_Driver/Src/stm32wbxx_hal_flash_ex.c" -mcpu=cortex-m4 -std=gnu11 -g3 -DUSE_HAL_DRIVER -DUSE_STM32WBXX_NUCLEO -DDEBUG -DSTM32WB55xx -c -I../../Core/Inc -I../../STM32_WPAN/App -I../../Drivers/STM32WBxx_HAL_Driver/Inc -I../../Drivers/STM32WBxx_HAL_Driver/Inc/Legacy -I../../Utilities/lpm/tiny_lpm -I../../Middlewares/ST/STM32_WPAN -I../../Middlewares/ST/STM32_WPAN/interface/patterns/ble_thread -I../../Middlewares/ST/STM32_WPAN/interface/patterns/ble_thread/tl -I../../Middlewares/ST/STM32_WPAN/interface/patterns/ble_thread/shci -I../../Middlewares/ST/STM32_WPAN/utilities -I../../Middlewares/ST/STM32_WPAN/ble/core -I../../Middlewares/ST/STM32_WPAN/ble/core/auto -I../../Middlewares/ST/STM32_WPAN/ble/core/template -I../../Middlewares/ST/STM32_WPAN/ble/svc/Inc -I../../Middlewares/ST/STM32_WPAN/ble/svc/Src -I../../Drivers/CMSIS/Device/ST/STM32WBxx/Include -I../../Utilities/sequencer -I../../Middlewares/ST/STM32_WPAN/ble -I../../Drivers/CMSIS/Include -I../../Drivers/BSP/P-NUCLEO-WB55.Nucleo -I../../tiny_lpm -O0 -ffunction-sections -fdata-sections -Wall -fstack-usage -MMD -MP -MF"Drivers/STM32WBxx_HAL_Driver/stm32wbxx_hal_flash_ex.d" -MT"Drivers/STM32WBxx_HAL_Driver/stm32wbxx_hal_flash_ex.o" --specs=nano.specs -mfpu=fpv4-sp-d16 -mfloat-abi=hard -mthumb -o "Drivers/STM32WBxx_HAL_Driver/stm32wbxx_hal_flash_ex.o"
arm-none-eabi-gcc "/home/sarbjeet/github/IoT/Code/STM32/CubeIDE_Workspace_3/BLE_p2pServer/Drivers/STM32WBxx_HAL_Driver/Src/stm32wbxx_hal_gpio.c" -mcpu=cortex-m4 -std=gnu11 -g3 -DUSE_HAL_DRIVER -DUSE_STM32WBXX_NUCLEO -DDEBUG -DSTM32WB55xx -c -I../../Core/Inc -I../../STM32_WPAN/App -I../../Drivers/STM32WBxx_HAL_Driver/Inc -I../../Drivers/STM32WBxx_HAL_Driver/Inc/Legacy -I../../Utilities/lpm/tiny_lpm -I../../Middlewares/ST/STM32_WPAN -I../../Middlewares/ST/STM32_WPAN/interface/patterns/ble_thread -I../../Middlewares/ST/STM32_WPAN/interface/patterns/ble_thread/tl -I../../Middlewares/ST/STM32_WPAN/interface/patterns/ble_thread/shci -I../../Middlewares/ST/STM32_WPAN/utilities -I../../Middlewares/ST/STM32_WPAN/ble/core -I../../Middlewares/ST/STM32_WPAN/ble/core/auto -I../../Middlewares/ST/STM32_WPAN/ble/core/template -I../../Middlewares/ST/STM32_WPAN/ble/svc/Inc -I../../Middlewares/ST/STM32_WPAN/ble/svc/Src -I../../Drivers/CMSIS/Device/ST/STM32WBxx/Include -I../../Utilities/sequencer -I../../Middlewares/ST/STM32_WPAN/ble -I../../Drivers/CMSIS/Include -I../../Drivers/BSP/P-NUCLEO-WB55.Nucleo -I../../tiny_lpm -O0 -ffunction-sections -fdata-sections -Wall -fstack-usage -MMD -MP -MF"Drivers/STM32WBxx_HAL_Driver/stm32wbxx_hal_gpio.d" -MT"Drivers/STM32WBxx_HAL_Driver/stm32wbxx_hal_gpio.o" --specs=nano.specs -mfpu=fpv4-sp-d16 -mfloat-abi=hard -mthumb -o "Drivers/STM32WBxx_HAL_Driver/stm32wbxx_hal_gpio.o"
arm-none-eabi-gcc "/home/sarbjeet/github/IoT/Code/STM32/CubeIDE_Workspace_3/BLE_p2pServer/Drivers/STM32WBxx_HAL_Driver/Src/stm32wbxx_hal_hsem.c" -mcpu=cortex-m4 -std=gnu11 -g3 -DUSE_HAL_DRIVER -DUSE_STM32WBXX_NUCLEO -DDEBUG -DSTM32WB55xx -c -I../../Core/Inc -I../../STM32_WPAN/App -I../../Drivers/STM32WBxx_HAL_Driver/Inc -I../../Drivers/STM32WBxx_HAL_Driver/Inc/Legacy -I../../Utilities/lpm/tiny_lpm -I../../Middlewares/ST/STM32_WPAN -I../../Middlewares/ST/STM32_WPAN/interface/patterns/ble_thread -I../../Middlewares/ST/STM32_WPAN/interface/patterns/ble_thread/tl -I../../Middlewares/ST/STM32_WPAN/interface/patterns/ble_thread/shci -I../../Middlewares/ST/STM32_WPAN/utilities -I../../Middlewares/ST/STM32_WPAN/ble/core -I../../Middlewares/ST/STM32_WPAN/ble/core/auto -I../../Middlewares/ST/STM32_WPAN/ble/core/template -I../../Middlewares/ST/STM32_WPAN/ble/svc/Inc -I../../Middlewares/ST/STM32_WPAN/ble/svc/Src -I../../Drivers/CMSIS/Device/ST/STM32WBxx/Include -I../../Utilities/sequencer -I../../Middlewares/ST/STM32_WPAN/ble -I../../Drivers/CMSIS/Include -I../../Drivers/BSP/P-NUCLEO-WB55.Nucleo -I../../tiny_lpm -O0 -ffunction-sections -fdata-sections -Wall -fstack-usage -MMD -MP -MF"Drivers/STM32WBxx_HAL_Driver/stm32wbxx_hal_hsem.d" -MT"Drivers/STM32WBxx_HAL_Driver/stm32wbxx_hal_hsem.o" --specs=nano.specs -mfpu=fpv4-sp-d16 -mfloat-abi=hard -mthumb -o "Drivers/STM32WBxx_HAL_Driver/stm32wbxx_hal_hsem.o"
arm-none-eabi-gcc "/home/sarbjeet/github/IoT/Code/STM32/CubeIDE_Workspace_3/BLE_p2pServer/Drivers/STM32WBxx_HAL_Driver/Src/stm32wbxx_hal_ipcc.c" -mcpu=cortex-m4 -std=gnu11 -g3 -DUSE_HAL_DRIVER -DUSE_STM32WBXX_NUCLEO -DDEBUG -DSTM32WB55xx -c -I../../Core/Inc -I../../STM32_WPAN/App -I../../Drivers/STM32WBxx_HAL_Driver/Inc -I../../Drivers/STM32WBxx_HAL_Driver/Inc/Legacy -I../../Utilities/lpm/tiny_lpm -I../../Middlewares/ST/STM32_WPAN -I../../Middlewares/ST/STM32_WPAN/interface/patterns/ble_thread -I../../Middlewares/ST/STM32_WPAN/interface/patterns/ble_thread/tl -I../../Middlewares/ST/STM32_WPAN/interface/patterns/ble_thread/shci -I../../Middlewares/ST/STM32_WPAN/utilities -I../../Middlewares/ST/STM32_WPAN/ble/core -I../../Middlewares/ST/STM32_WPAN/ble/core/auto -I../../Middlewares/ST/STM32_WPAN/ble/core/template -I../../Middlewares/ST/STM32_WPAN/ble/svc/Inc -I../../Middlewares/ST/STM32_WPAN/ble/svc/Src -I../../Drivers/CMSIS/Device/ST/STM32WBxx/Include -I../../Utilities/sequencer -I../../Middlewares/ST/STM32_WPAN/ble -I../../Drivers/CMSIS/Include -I../../Drivers/BSP/P-NUCLEO-WB55.Nucleo -I../../tiny_lpm -O0 -ffunction-sections -fdata-sections -Wall -fstack-usage -MMD -MP -MF"Drivers/STM32WBxx_HAL_Driver/stm32wbxx_hal_ipcc.d" -MT"Drivers/STM32WBxx_HAL_Driver/stm32wbxx_hal_ipcc.o" --specs=nano.specs -mfpu=fpv4-sp-d16 -mfloat-abi=hard -mthumb -o "Drivers/STM32WBxx_HAL_Driver/stm32wbxx_hal_ipcc.o"
arm-none-eabi-gcc "/home/sarbjeet/github/IoT/Code/STM32/CubeIDE_Workspace_3/BLE_p2pServer/Drivers/STM32WBxx_HAL_Driver/Src/stm32wbxx_hal_pwr.c" -mcpu=cortex-m4 -std=gnu11 -g3 -DUSE_HAL_DRIVER -DUSE_STM32WBXX_NUCLEO -DDEBUG -DSTM32WB55xx -c -I../../Core/Inc -I../../STM32_WPAN/App -I../../Drivers/STM32WBxx_HAL_Driver/Inc -I../../Drivers/STM32WBxx_HAL_Driver/Inc/Legacy -I../../Utilities/lpm/tiny_lpm -I../../Middlewares/ST/STM32_WPAN -I../../Middlewares/ST/STM32_WPAN/interface/patterns/ble_thread -I../../Middlewares/ST/STM32_WPAN/interface/patterns/ble_thread/tl -I../../Middlewares/ST/STM32_WPAN/interface/patterns/ble_thread/shci -I../../Middlewares/ST/STM32_WPAN/utilities -I../../Middlewares/ST/STM32_WPAN/ble/core -I../../Middlewares/ST/STM32_WPAN/ble/core/auto -I../../Middlewares/ST/STM32_WPAN/ble/core/template -I../../Middlewares/ST/STM32_WPAN/ble/svc/Inc -I../../Middlewares/ST/STM32_WPAN/ble/svc/Src -I../../Drivers/CMSIS/Device/ST/STM32WBxx/Include -I../../Utilities/sequencer -I../../Middlewares/ST/STM32_WPAN/ble -I../../Drivers/CMSIS/Include -I../../Drivers/BSP/P-NUCLEO-WB55.Nucleo -I../../tiny_lpm -O0 -ffunction-sections -fdata-sections -Wall -fstack-usage -MMD -MP -MF"Drivers/STM32WBxx_HAL_Driver/stm32wbxx_hal_pwr.d" -MT"Drivers/STM32WBxx_HAL_Driver/stm32wbxx_hal_pwr.o" --specs=nano.specs -mfpu=fpv4-sp-d16 -mfloat-abi=hard -mthumb -o "Drivers/STM32WBxx_HAL_Driver/stm32wbxx_hal_pwr.o"
arm-none-eabi-gcc "/home/sarbjeet/github/IoT/Code/STM32/CubeIDE_Workspace_3/BLE_p2pServer/Drivers/STM32WBxx_HAL_Driver/Src/stm32wbxx_hal_pwr_ex.c" -mcpu=cortex-m4 -std=gnu11 -g3 -DUSE_HAL_DRIVER -DUSE_STM32WBXX_NUCLEO -DDEBUG -DSTM32WB55xx -c -I../../Core/Inc -I../../STM32_WPAN/App -I../../Drivers/STM32WBxx_HAL_Driver/Inc -I../../Drivers/STM32WBxx_HAL_Driver/Inc/Legacy -I../../Utilities/lpm/tiny_lpm -I../../Middlewares/ST/STM32_WPAN -I../../Middlewares/ST/STM32_WPAN/interface/patterns/ble_thread -I../../Middlewares/ST/STM32_WPAN/interface/patterns/ble_thread/tl -I../../Middlewares/ST/STM32_WPAN/interface/patterns/ble_thread/shci -I../../Middlewares/ST/STM32_WPAN/utilities -I../../Middlewares/ST/STM32_WPAN/ble/core -I../../Middlewares/ST/STM32_WPAN/ble/core/auto -I../../Middlewares/ST/STM32_WPAN/ble/core/template -I../../Middlewares/ST/STM32_WPAN/ble/svc/Inc -I../../Middlewares/ST/STM32_WPAN/ble/svc/Src -I../../Drivers/CMSIS/Device/ST/STM32WBxx/Include -I../../Utilities/sequencer -I../../Middlewares/ST/STM32_WPAN/ble -I../../Drivers/CMSIS/Include -I../../Drivers/BSP/P-NUCLEO-WB55.Nucleo -I../../tiny_lpm -O0 -ffunction-sections -fdata-sections -Wall -fstack-usage -MMD -MP -MF"Drivers/STM32WBxx_HAL_Driver/stm32wbxx_hal_pwr_ex.d" -MT"Drivers/STM32WBxx_HAL_Driver/stm32wbxx_hal_pwr_ex.o" --specs=nano.specs -mfpu=fpv4-sp-d16 -mfloat-abi=hard -mthumb -o "Drivers/STM32WBxx_HAL_Driver/stm32wbxx_hal_pwr_ex.o"
arm-none-eabi-gcc "/home/sarbjeet/github/IoT/Code/STM32/CubeIDE_Workspace_3/BLE_p2pServer/Drivers/STM32WBxx_HAL_Driver/Src/stm32wbxx_hal_rcc.c" -mcpu=cortex-m4 -std=gnu11 -g3 -DUSE_HAL_DRIVER -DUSE_STM32WBXX_NUCLEO -DDEBUG -DSTM32WB55xx -c -I../../Core/Inc -I../../STM32_WPAN/App -I../../Drivers/STM32WBxx_HAL_Driver/Inc -I../../Drivers/STM32WBxx_HAL_Driver/Inc/Legacy -I../../Utilities/lpm/tiny_lpm -I../../Middlewares/ST/STM32_WPAN -I../../Middlewares/ST/STM32_WPAN/interface/patterns/ble_thread -I../../Middlewares/ST/STM32_WPAN/interface/patterns/ble_thread/tl -I../../Middlewares/ST/STM32_WPAN/interface/patterns/ble_thread/shci -I../../Middlewares/ST/STM32_WPAN/utilities -I../../Middlewares/ST/STM32_WPAN/ble/core -I../../Middlewares/ST/STM32_WPAN/ble/core/auto -I../../Middlewares/ST/STM32_WPAN/ble/core/template -I../../Middlewares/ST/STM32_WPAN/ble/svc/Inc -I../../Middlewares/ST/STM32_WPAN/ble/svc/Src -I../../Drivers/CMSIS/Device/ST/STM32WBxx/Include -I../../Utilities/sequencer -I../../Middlewares/ST/STM32_WPAN/ble -I../../Drivers/CMSIS/Include -I../../Drivers/BSP/P-NUCLEO-WB55.Nucleo -I../../tiny_lpm -O0 -ffunction-sections -fdata-sections -Wall -fstack-usage -MMD -MP -MF"Drivers/STM32WBxx_HAL_Driver/stm32wbxx_hal_rcc.d" -MT"Drivers/STM32WBxx_HAL_Driver/stm32wbxx_hal_rcc.o" --specs=nano.specs -mfpu=fpv4-sp-d16 -mfloat-abi=hard -mthumb -o "Drivers/STM32WBxx_HAL_Driver/stm32wbxx_hal_rcc.o"
arm-none-eabi-gcc "/home/sarbjeet/github/IoT/Code/STM32/CubeIDE_Workspace_3/BLE_p2pServer/Drivers/STM32WBxx_HAL_Driver/Src/stm32wbxx_hal_rcc_ex.c" -mcpu=cortex-m4 -std=gnu11 -g3 -DUSE_HAL_DRIVER -DUSE_STM32WBXX_NUCLEO -DDEBUG -DSTM32WB55xx -c -I../../Core/Inc -I../../STM32_WPAN/App -I../../Drivers/STM32WBxx_HAL_Driver/Inc -I../../Drivers/STM32WBxx_HAL_Driver/Inc/Legacy -I../../Utilities/lpm/tiny_lpm -I../../Middlewares/ST/STM32_WPAN -I../../Middlewares/ST/STM32_WPAN/interface/patterns/ble_thread -I../../Middlewares/ST/STM32_WPAN/interface/patterns/ble_thread/tl -I../../Middlewares/ST/STM32_WPAN/interface/patterns/ble_thread/shci -I../../Middlewares/ST/STM32_WPAN/utilities -I../../Middlewares/ST/STM32_WPAN/ble/core -I../../Middlewares/ST/STM32_WPAN/ble/core/auto -I../../Middlewares/ST/STM32_WPAN/ble/core/template -I../../Middlewares/ST/STM32_WPAN/ble/svc/Inc -I../../Middlewares/ST/STM32_WPAN/ble/svc/Src -I../../Drivers/CMSIS/Device/ST/STM32WBxx/Include -I../../Utilities/sequencer -I../../Middlewares/ST/STM32_WPAN/ble -I../../Drivers/CMSIS/Include -I../../Drivers/BSP/P-NUCLEO-WB55.Nucleo -I../../tiny_lpm -O0 -ffunction-sections -fdata-sections -Wall -fstack-usage -MMD -MP -MF"Drivers/STM32WBxx_HAL_Driver/stm32wbxx_hal_rcc_ex.d" -MT"Drivers/STM32WBxx_HAL_Driver/stm32wbxx_hal_rcc_ex.o" --specs=nano.specs -mfpu=fpv4-sp-d16 -mfloat-abi=hard -mthumb -o "Drivers/STM32WBxx_HAL_Driver/stm32wbxx_hal_rcc_ex.o"
arm-none-eabi-gcc "/home/sarbjeet/github/IoT/Code/STM32/CubeIDE_Workspace_3/BLE_p2pServer/Drivers/STM32WBxx_HAL_Driver/Src/stm32wbxx_hal_rng.c" -mcpu=cortex-m4 -std=gnu11 -g3 -DUSE_HAL_DRIVER -DUSE_STM32WBXX_NUCLEO -DDEBUG -DSTM32WB55xx -c -I../../Core/Inc -I../../STM32_WPAN/App -I../../Drivers/STM32WBxx_HAL_Driver/Inc -I../../Drivers/STM32WBxx_HAL_Driver/Inc/Legacy -I../../Utilities/lpm/tiny_lpm -I../../Middlewares/ST/STM32_WPAN -I../../Middlewares/ST/STM32_WPAN/interface/patterns/ble_thread -I../../Middlewares/ST/STM32_WPAN/interface/patterns/ble_thread/tl -I../../Middlewares/ST/STM32_WPAN/interface/patterns/ble_thread/shci -I../../Middlewares/ST/STM32_WPAN/utilities -I../../Middlewares/ST/STM32_WPAN/ble/core -I../../Middlewares/ST/STM32_WPAN/ble/core/auto -I../../Middlewares/ST/STM32_WPAN/ble/core/template -I../../Middlewares/ST/STM32_WPAN/ble/svc/Inc -I../../Middlewares/ST/STM32_WPAN/ble/svc/Src -I../../Drivers/CMSIS/Device/ST/STM32WBxx/Include -I../../Utilities/sequencer -I../../Middlewares/ST/STM32_WPAN/ble -I../../Drivers/CMSIS/Include -I../../Drivers/BSP/P-NUCLEO-WB55.Nucleo -I../../tiny_lpm -O0 -ffunction-sections -fdata-sections -Wall -fstack-usage -MMD -MP -MF"Drivers/STM32WBxx_HAL_Driver/stm32wbxx_hal_rng.d" -MT"Drivers/STM32WBxx_HAL_Driver/stm32wbxx_hal_rng.o" --specs=nano.specs -mfpu=fpv4-sp-d16 -mfloat-abi=hard -mthumb -o "Drivers/STM32WBxx_HAL_Driver/stm32wbxx_hal_rng.o"
arm-none-eabi-gcc "/home/sarbjeet/github/IoT/Code/STM32/CubeIDE_Workspace_3/BLE_p2pServer/Drivers/STM32WBxx_HAL_Driver/Src/stm32wbxx_hal_rtc.c" -mcpu=cortex-m4 -std=gnu11 -g3 -DUSE_HAL_DRIVER -DUSE_STM32WBXX_NUCLEO -DDEBUG -DSTM32WB55xx -c -I../../Core/Inc -I../../STM32_WPAN/App -I../../Drivers/STM32WBxx_HAL_Driver/Inc -I../../Drivers/STM32WBxx_HAL_Driver/Inc/Legacy -I../../Utilities/lpm/tiny_lpm -I../../Middlewares/ST/STM32_WPAN -I../../Middlewares/ST/STM32_WPAN/interface/patterns/ble_thread -I../../Middlewares/ST/STM32_WPAN/interface/patterns/ble_thread/tl -I../../Middlewares/ST/STM32_WPAN/interface/patterns/ble_thread/shci -I../../Middlewares/ST/STM32_WPAN/utilities -I../../Middlewares/ST/STM32_WPAN/ble/core -I../../Middlewares/ST/STM32_WPAN/ble/core/auto -I../../Middlewares/ST/STM32_WPAN/ble/core/template -I../../Middlewares/ST/STM32_WPAN/ble/svc/Inc -I../../Middlewares/ST/STM32_WPAN/ble/svc/Src -I../../Drivers/CMSIS/Device/ST/STM32WBxx/Include -I../../Utilities/sequencer -I../../Middlewares/ST/STM32_WPAN/ble -I../../Drivers/CMSIS/Include -I../../Drivers/BSP/P-NUCLEO-WB55.Nucleo -I../../tiny_lpm -O0 -ffunction-sections -fdata-sections -Wall -fstack-usage -MMD -MP -MF"Drivers/STM32WBxx_HAL_Driver/stm32wbxx_hal_rtc.d" -MT"Drivers/STM32WBxx_HAL_Driver/stm32wbxx_hal_rtc.o" --specs=nano.specs -mfpu=fpv4-sp-d16 -mfloat-abi=hard -mthumb -o "Drivers/STM32WBxx_HAL_Driver/stm32wbxx_hal_rtc.o"
arm-none-eabi-gcc "/home/sarbjeet/github/IoT/Code/STM32/CubeIDE_Workspace_3/BLE_p2pServer/Drivers/STM32WBxx_HAL_Driver/Src/stm32wbxx_hal_rtc_ex.c" -mcpu=cortex-m4 -std=gnu11 -g3 -DUSE_HAL_DRIVER -DUSE_STM32WBXX_NUCLEO -DDEBUG -DSTM32WB55xx -c -I../../Core/Inc -I../../STM32_WPAN/App -I../../Drivers/STM32WBxx_HAL_Driver/Inc -I../../Drivers/STM32WBxx_HAL_Driver/Inc/Legacy -I../../Utilities/lpm/tiny_lpm -I../../Middlewares/ST/STM32_WPAN -I../../Middlewares/ST/STM32_WPAN/interface/patterns/ble_thread -I../../Middlewares/ST/STM32_WPAN/interface/patterns/ble_thread/tl -I../../Middlewares/ST/STM32_WPAN/interface/patterns/ble_thread/shci -I../../Middlewares/ST/STM32_WPAN/utilities -I../../Middlewares/ST/STM32_WPAN/ble/core -I../../Middlewares/ST/STM32_WPAN/ble/core/auto -I../../Middlewares/ST/STM32_WPAN/ble/core/template -I../../Middlewares/ST/STM32_WPAN/ble/svc/Inc -I../../Middlewares/ST/STM32_WPAN/ble/svc/Src -I../../Drivers/CMSIS/Device/ST/STM32WBxx/Include -I../../Utilities/sequencer -I../../Middlewares/ST/STM32_WPAN/ble -I../../Drivers/CMSIS/Include -I../../Drivers/BSP/P-NUCLEO-WB55.Nucleo -I../../tiny_lpm -O0 -ffunction-sections -fdata-sections -Wall -fstack-usage -MMD -MP -MF"Drivers/STM32WBxx_HAL_Driver/stm32wbxx_hal_rtc_ex.d" -MT"Drivers/STM32WBxx_HAL_Driver/stm32wbxx_hal_rtc_ex.o" --specs=nano.specs -mfpu=fpv4-sp-d16 -mfloat-abi=hard -mthumb -o "Drivers/STM32WBxx_HAL_Driver/stm32wbxx_hal_rtc_ex.o"
arm-none-eabi-gcc "/home/sarbjeet/github/IoT/Code/STM32/CubeIDE_Workspace_3/BLE_p2pServer/Drivers/STM32WBxx_HAL_Driver/Src/stm32wbxx_hal_tim.c" -mcpu=cortex-m4 -std=gnu11 -g3 -DUSE_HAL_DRIVER -DUSE_STM32WBXX_NUCLEO -DDEBUG -DSTM32WB55xx -c -I../../Core/Inc -I../../STM32_WPAN/App -I../../Drivers/STM32WBxx_HAL_Driver/Inc -I../../Drivers/STM32WBxx_HAL_Driver/Inc/Legacy -I../../Utilities/lpm/tiny_lpm -I../../Middlewares/ST/STM32_WPAN -I../../Middlewares/ST/STM32_WPAN/interface/patterns/ble_thread -I../../Middlewares/ST/STM32_WPAN/interface/patterns/ble_thread/tl -I../../Middlewares/ST/STM32_WPAN/interface/patterns/ble_thread/shci -I../../Middlewares/ST/STM32_WPAN/utilities -I../../Middlewares/ST/STM32_WPAN/ble/core -I../../Middlewares/ST/STM32_WPAN/ble/core/auto -I../../Middlewares/ST/STM32_WPAN/ble/core/template -I../../Middlewares/ST/STM32_WPAN/ble/svc/Inc -I../../Middlewares/ST/STM32_WPAN/ble/svc/Src -I../../Drivers/CMSIS/Device/ST/STM32WBxx/Include -I../../Utilities/sequencer -I../../Middlewares/ST/STM32_WPAN/ble -I../../Drivers/CMSIS/Include -I../../Drivers/BSP/P-NUCLEO-WB55.Nucleo -I../../tiny_lpm -O0 -ffunction-sections -fdata-sections -Wall -fstack-usage -MMD -MP -MF"Drivers/STM32WBxx_HAL_Driver/stm32wbxx_hal_tim.d" -MT"Drivers/STM32WBxx_HAL_Driver/stm32wbxx_hal_tim.o" --specs=nano.specs -mfpu=fpv4-sp-d16 -mfloat-abi=hard -mthumb -o "Drivers/STM32WBxx_HAL_Driver/stm32wbxx_hal_tim.o"
arm-none-eabi-gcc "/home/sarbjeet/github/IoT/Code/STM32/CubeIDE_Workspace_3/BLE_p2pServer/Drivers/STM32WBxx_HAL_Driver/Src/stm32wbxx_hal_tim_ex.c" -mcpu=cortex-m4 -std=gnu11 -g3 -DUSE_HAL_DRIVER -DUSE_STM32WBXX_NUCLEO -DDEBUG -DSTM32WB55xx -c -I../../Core/Inc -I../../STM32_WPAN/App -I../../Drivers/STM32WBxx_HAL_Driver/Inc -I../../Drivers/STM32WBxx_HAL_Driver/Inc/Legacy -I../../Utilities/lpm/tiny_lpm -I../../Middlewares/ST/STM32_WPAN -I../../Middlewares/ST/STM32_WPAN/interface/patterns/ble_thread -I../../Middlewares/ST/STM32_WPAN/interface/patterns/ble_thread/tl -I../../Middlewares/ST/STM32_WPAN/interface/patterns/ble_thread/shci -I../../Middlewares/ST/STM32_WPAN/utilities -I../../Middlewares/ST/STM32_WPAN/ble/core -I../../Middlewares/ST/STM32_WPAN/ble/core/auto -I../../Middlewares/ST/STM32_WPAN/ble/core/template -I../../Middlewares/ST/STM32_WPAN/ble/svc/Inc -I../../Middlewares/ST/STM32_WPAN/ble/svc/Src -I../../Drivers/CMSIS/Device/ST/STM32WBxx/Include -I../../Utilities/sequencer -I../../Middlewares/ST/STM32_WPAN/ble -I../../Drivers/CMSIS/Include -I../../Drivers/BSP/P-NUCLEO-WB55.Nucleo -I../../tiny_lpm -O0 -ffunction-sections -fdata-sections -Wall -fstack-usage -MMD -MP -MF"Drivers/STM32WBxx_HAL_Driver/stm32wbxx_hal_tim_ex.d" -MT"Drivers/STM32WBxx_HAL_Driver/stm32wbxx_hal_tim_ex.o" --specs=nano.specs -mfpu=fpv4-sp-d16 -mfloat-abi=hard -mthumb -o "Drivers/STM32WBxx_HAL_Driver/stm32wbxx_hal_tim_ex.o"
arm-none-eabi-gcc "/home/sarbjeet/github/IoT/Code/STM32/CubeIDE_Workspace_3/BLE_p2pServer/Drivers/STM32WBxx_HAL_Driver/Src/stm32wbxx_hal_uart.c" -mcpu=cortex-m4 -std=gnu11 -g3 -DUSE_HAL_DRIVER -DUSE_STM32WBXX_NUCLEO -DDEBUG -DSTM32WB55xx -c -I../../Core/Inc -I../../STM32_WPAN/App -I../../Drivers/STM32WBxx_HAL_Driver/Inc -I../../Drivers/STM32WBxx_HAL_Driver/Inc/Legacy -I../../Utilities/lpm/tiny_lpm -I../../Middlewares/ST/STM32_WPAN -I../../Middlewares/ST/STM32_WPAN/interface/patterns/ble_thread -I../../Middlewares/ST/STM32_WPAN/interface/patterns/ble_thread/tl -I../../Middlewares/ST/STM32_WPAN/interface/patterns/ble_thread/shci -I../../Middlewares/ST/STM32_WPAN/utilities -I../../Middlewares/ST/STM32_WPAN/ble/core -I../../Middlewares/ST/STM32_WPAN/ble/core/auto -I../../Middlewares/ST/STM32_WPAN/ble/core/template -I../../Middlewares/ST/STM32_WPAN/ble/svc/Inc -I../../Middlewares/ST/STM32_WPAN/ble/svc/Src -I../../Drivers/CMSIS/Device/ST/STM32WBxx/Include -I../../Utilities/sequencer -I../../Middlewares/ST/STM32_WPAN/ble -I../../Drivers/CMSIS/Include -I../../Drivers/BSP/P-NUCLEO-WB55.Nucleo -I../../tiny_lpm -O0 -ffunction-sections -fdata-sections -Wall -fstack-usage -MMD -MP -MF"Drivers/STM32WBxx_HAL_Driver/stm32wbxx_hal_uart.d" -MT"Drivers/STM32WBxx_HAL_Driver/stm32wbxx_hal_uart.o" --specs=nano.specs -mfpu=fpv4-sp-d16 -mfloat-abi=hard -mthumb -o "Drivers/STM32WBxx_HAL_Driver/stm32wbxx_hal_uart.o"
arm-none-eabi-gcc "/home/sarbjeet/github/IoT/Code/STM32/CubeIDE_Workspace_3/BLE_p2pServer/Drivers/STM32WBxx_HAL_Driver/Src/stm32wbxx_hal_uart_ex.c" -mcpu=cortex-m4 -std=gnu11 -g3 -DUSE_HAL_DRIVER -DUSE_STM32WBXX_NUCLEO -DDEBUG -DSTM32WB55xx -c -I../../Core/Inc -I../../STM32_WPAN/App -I../../Drivers/STM32WBxx_HAL_Driver/Inc -I../../Drivers/STM32WBxx_HAL_Driver/Inc/Legacy -I../../Utilities/lpm/tiny_lpm -I../../Middlewares/ST/STM32_WPAN -I../../Middlewares/ST/STM32_WPAN/interface/patterns/ble_thread -I../../Middlewares/ST/STM32_WPAN/interface/patterns/ble_thread/tl -I../../Middlewares/ST/STM32_WPAN/interface/patterns/ble_thread/shci -I../../Middlewares/ST/STM32_WPAN/utilities -I../../Middlewares/ST/STM32_WPAN/ble/core -I../../Middlewares/ST/STM32_WPAN/ble/core/auto -I../../Middlewares/ST/STM32_WPAN/ble/core/template -I../../Middlewares/ST/STM32_WPAN/ble/svc/Inc -I../../Middlewares/ST/STM32_WPAN/ble/svc/Src -I../../Drivers/CMSIS/Device/ST/STM32WBxx/Include -I../../Utilities/sequencer -I../../Middlewares/ST/STM32_WPAN/ble -I../../Drivers/CMSIS/Include -I../../Drivers/BSP/P-NUCLEO-WB55.Nucleo -I../../tiny_lpm -O0 -ffunction-sections -fdata-sections -Wall -fstack-usage -MMD -MP -MF"Drivers/STM32WBxx_HAL_Driver/stm32wbxx_hal_uart_ex.d" -MT"Drivers/STM32WBxx_HAL_Driver/stm32wbxx_hal_uart_ex.o" --specs=nano.specs -mfpu=fpv4-sp-d16 -mfloat-abi=hard -mthumb -o "Drivers/STM32WBxx_HAL_Driver/stm32wbxx_hal_uart_ex.o"
arm-none-eabi-gcc "/home/sarbjeet/github/IoT/Code/STM32/CubeIDE_Workspace_3/BLE_p2pServer/Core/Src/system_stm32wbxx.c" -mcpu=cortex-m4 -std=gnu11 -g3 -DUSE_HAL_DRIVER -DUSE_STM32WBXX_NUCLEO -DDEBUG -DSTM32WB55xx -c -I../../Core/Inc -I../../STM32_WPAN/App -I../../Drivers/STM32WBxx_HAL_Driver/Inc -I../../Drivers/STM32WBxx_HAL_Driver/Inc/Legacy -I../../Utilities/lpm/tiny_lpm -I../../Middlewares/ST/STM32_WPAN -I../../Middlewares/ST/STM32_WPAN/interface/patterns/ble_thread -I../../Middlewares/ST/STM32_WPAN/interface/patterns/ble_thread/tl -I../../Middlewares/ST/STM32_WPAN/interface/patterns/ble_thread/shci -I../../Middlewares/ST/STM32_WPAN/utilities -I../../Middlewares/ST/STM32_WPAN/ble/core -I../../Middlewares/ST/STM32_WPAN/ble/core/auto -I../../Middlewares/ST/STM32_WPAN/ble/core/template -I../../Middlewares/ST/STM32_WPAN/ble/svc/Inc -I../../Middlewares/ST/STM32_WPAN/ble/svc/Src -I../../Drivers/CMSIS/Device/ST/STM32WBxx/Include -I../../Utilities/sequencer -I../../Middlewares/ST/STM32_WPAN/ble -I../../Drivers/CMSIS/Include -I../../Drivers/BSP/P-NUCLEO-WB55.Nucleo -I../../tiny_lpm -O0 -ffunction-sections -fdata-sections -Wall -fstack-usage -MMD -MP -MF"Drivers/CMSIS/system_stm32wbxx.d" -MT"Drivers/CMSIS/system_stm32wbxx.o" --specs=nano.specs -mfpu=fpv4-sp-d16 -mfloat-abi=hard -mthumb -o "Drivers/CMSIS/system_stm32wbxx.o"
arm-none-eabi-gcc "/home/sarbjeet/github/IoT/Code/STM32/CubeIDE_Workspace_3/BLE_p2pServer/Drivers/BSP/P-NUCLEO-WB55.Nucleo/stm32wbxx_nucleo.c" -mcpu=cortex-m4 -std=gnu11 -g3 -DUSE_HAL_DRIVER -DUSE_STM32WBXX_NUCLEO -DDEBUG -DSTM32WB55xx -c -I../../Core/Inc -I../../STM32_WPAN/App -I../../Drivers/STM32WBxx_HAL_Driver/Inc -I../../Drivers/STM32WBxx_HAL_Driver/Inc/Legacy -I../../Utilities/lpm/tiny_lpm -I../../Middlewares/ST/STM32_WPAN -I../../Middlewares/ST/STM32_WPAN/interface/patterns/ble_thread -I../../Middlewares/ST/STM32_WPAN/interface/patterns/ble_thread/tl -I../../Middlewares/ST/STM32_WPAN/interface/patterns/ble_thread/shci -I../../Middlewares/ST/STM32_WPAN/utilities -I../../Middlewares/ST/STM32_WPAN/ble/core -I../../Middlewares/ST/STM32_WPAN/ble/core/auto -I../../Middlewares/ST/STM32_WPAN/ble/core/template -I../../Middlewares/ST/STM32_WPAN/ble/svc/Inc -I../../Middlewares/ST/STM32_WPAN/ble/svc/Src -I../../Drivers/CMSIS/Device/ST/STM32WBxx/Include -I../../Utilities/sequencer -I../../Middlewares/ST/STM32_WPAN/ble -I../../Drivers/CMSIS/Include -I../../Drivers/BSP/P-NUCLEO-WB55.Nucleo -I../../tiny_lpm -O0 -ffunction-sections -fdata-sections -Wall -fstack-usage -MMD -MP -MF"Drivers/BSP/P-NUCLEO-WB55.Nucleo/stm32wbxx_nucleo.d" -MT"Drivers/BSP/P-NUCLEO-WB55.Nucleo/stm32wbxx_nucleo.o" --specs=nano.specs -mfpu=fpv4-sp-d16 -mfloat-abi=hard -mthumb -o "Drivers/BSP/P-NUCLEO-WB55.Nucleo/stm32wbxx_nucleo.o"
arm-none-eabi-gcc -mcpu=cortex-m4 -g3 -DDEBUG -c -x assembler-with-cpp -MMD -MP -MF"Application/User/Startup/startup_stm32wb55rgvx.d" -MT"Application/User/Startup/startup_stm32wb55rgvx.o" --specs=nano.specs -mfpu=fpv4-sp-d16 -mfloat-abi=hard -mthumb -o "Application/User/Startup/startup_stm32wb55rgvx.o" "../Application/User/Startup/startup_stm32wb55rgvx.s"
arm-none-eabi-gcc "/home/sarbjeet/github/IoT/Code/STM32/CubeIDE_Workspace_3/BLE_p2pServer/STM32_WPAN/Target/hw_ipcc.c" -mcpu=cortex-m4 -std=gnu11 -g3 -DUSE_HAL_DRIVER -DUSE_STM32WBXX_NUCLEO -DDEBUG -DSTM32WB55xx -c -I../../Core/Inc -I../../STM32_WPAN/App -I../../Drivers/STM32WBxx_HAL_Driver/Inc -I../../Drivers/STM32WBxx_HAL_Driver/Inc/Legacy -I../../Utilities/lpm/tiny_lpm -I../../Middlewares/ST/STM32_WPAN -I../../Middlewares/ST/STM32_WPAN/interface/patterns/ble_thread -I../../Middlewares/ST/STM32_WPAN/interface/patterns/ble_thread/tl -I../../Middlewares/ST/STM32_WPAN/interface/patterns/ble_thread/shci -I../../Middlewares/ST/STM32_WPAN/utilities -I../../Middlewares/ST/STM32_WPAN/ble/core -I../../Middlewares/ST/STM32_WPAN/ble/core/auto -I../../Middlewares/ST/STM32_WPAN/ble/core/template -I../../Middlewares/ST/STM32_WPAN/ble/svc/Inc -I../../Middlewares/ST/STM32_WPAN/ble/svc/Src -I../../Drivers/CMSIS/Device/ST/STM32WBxx/Include -I../../Utilities/sequencer -I../../Middlewares/ST/STM32_WPAN/ble -I../../Drivers/CMSIS/Include -I../../Drivers/BSP/P-NUCLEO-WB55.Nucleo -I../../tiny_lpm -O0 -ffunction-sections -fdata-sections -Wall -fstack-usage -MMD -MP -MF"Application/User/STM32_WPAN/Target/hw_ipcc.d" -MT"Application/User/STM32_WPAN/Target/hw_ipcc.o" --specs=nano.specs -mfpu=fpv4-sp-d16 -mfloat-abi=hard -mthumb -o "Application/User/STM32_WPAN/Target/hw_ipcc.o"
arm-none-eabi-gcc "/home/sarbjeet/github/IoT/Code/STM32/CubeIDE_Workspace_3/BLE_p2pServer/STM32_WPAN/App/app_ble.c" -mcpu=cortex-m4 -std=gnu11 -g3 -DUSE_HAL_DRIVER -DUSE_STM32WBXX_NUCLEO -DDEBUG -DSTM32WB55xx -c -I../../Core/Inc -I../../STM32_WPAN/App -I../../Drivers/STM32WBxx_HAL_Driver/Inc -I../../Drivers/STM32WBxx_HAL_Driver/Inc/Legacy -I../../Utilities/lpm/tiny_lpm -I../../Middlewares/ST/STM32_WPAN -I../../Middlewares/ST/STM32_WPAN/interface/patterns/ble_thread -I../../Middlewares/ST/STM32_WPAN/interface/patterns/ble_thread/tl -I../../Middlewares/ST/STM32_WPAN/interface/patterns/ble_thread/shci -I../../Middlewares/ST/STM32_WPAN/utilities -I../../Middlewares/ST/STM32_WPAN/ble/core -I../../Middlewares/ST/STM32_WPAN/ble/core/auto -I../../Middlewares/ST/STM32_WPAN/ble/core/template -I../../Middlewares/ST/STM32_WPAN/ble/svc/Inc -I../../Middlewares/ST/STM32_WPAN/ble/svc/Src -I../../Drivers/CMSIS/Device/ST/STM32WBxx/Include -I../../Utilities/sequencer -I../../Middlewares/ST/STM32_WPAN/ble -I../../Drivers/CMSIS/Include -I../../Drivers/BSP/P-NUCLEO-WB55.Nucleo -I../../tiny_lpm -O0 -ffunction-sections -fdata-sections -Wall -fstack-usage -MMD -MP -MF"Application/User/STM32_WPAN/App/app_ble.d" -MT"Application/User/STM32_WPAN/App/app_ble.o" --specs=nano.specs -mfpu=fpv4-sp-d16 -mfloat-abi=hard -mthumb -o "Application/User/STM32_WPAN/App/app_ble.o"
arm-none-eabi-gcc "/home/sarbjeet/github/IoT/Code/STM32/CubeIDE_Workspace_3/BLE_p2pServer/STM32_WPAN/App/p2p_server_app.c" -mcpu=cortex-m4 -std=gnu11 -g3 -DUSE_HAL_DRIVER -DUSE_STM32WBXX_NUCLEO -DDEBUG -DSTM32WB55xx -c -I../../Core/Inc -I../../STM32_WPAN/App -I../../Drivers/STM32WBxx_HAL_Driver/Inc -I../../Drivers/STM32WBxx_HAL_Driver/Inc/Legacy -I../../Utilities/lpm/tiny_lpm -I../../Middlewares/ST/STM32_WPAN -I../../Middlewares/ST/STM32_WPAN/interface/patterns/ble_thread -I../../Middlewares/ST/STM32_WPAN/interface/patterns/ble_thread/tl -I../../Middlewares/ST/STM32_WPAN/interface/patterns/ble_thread/shci -I../../Middlewares/ST/STM32_WPAN/utilities -I../../Middlewares/ST/STM32_WPAN/ble/core -I../../Middlewares/ST/STM32_WPAN/ble/core/auto -I../../Middlewares/ST/STM32_WPAN/ble/core/template -I../../Middlewares/ST/STM32_WPAN/ble/svc/Inc -I../../Middlewares/ST/STM32_WPAN/ble/svc/Src -I../../Drivers/CMSIS/Device/ST/STM32WBxx/Include -I../../Utilities/sequencer -I../../Middlewares/ST/STM32_WPAN/ble -I../../Drivers/CMSIS/Include -I../../Drivers/BSP/P-NUCLEO-WB55.Nucleo -I../../tiny_lpm -O0 -ffunction-sections -fdata-sections -Wall -fstack-usage -MMD -MP -MF"Application/User/STM32_WPAN/App/p2p_server_app.d" -MT"Application/User/STM32_WPAN/App/p2p_server_app.o" --specs=nano.specs -mfpu=fpv4-sp-d16 -mfloat-abi=hard -mthumb -o "Application/User/STM32_WPAN/App/p2p_server_app.o"
arm-none-eabi-gcc "/home/sarbjeet/github/IoT/Code/STM32/CubeIDE_Workspace_3/BLE_p2pServer/Core/Src/app_debug.c" -mcpu=cortex-m4 -std=gnu11 -g3 -DUSE_HAL_DRIVER -DUSE_STM32WBXX_NUCLEO -DDEBUG -DSTM32WB55xx -c -I../../Core/Inc -I../../STM32_WPAN/App -I../../Drivers/STM32WBxx_HAL_Driver/Inc -I../../Drivers/STM32WBxx_HAL_Driver/Inc/Legacy -I../../Utilities/lpm/tiny_lpm -I../../Middlewares/ST/STM32_WPAN -I../../Middlewares/ST/STM32_WPAN/interface/patterns/ble_thread -I../../Middlewares/ST/STM32_WPAN/interface/patterns/ble_thread/tl -I../../Middlewares/ST/STM32_WPAN/interface/patterns/ble_thread/shci -I../../Middlewares/ST/STM32_WPAN/utilities -I../../Middlewares/ST/STM32_WPAN/ble/core -I../../Middlewares/ST/STM32_WPAN/ble/core/auto -I../../Middlewares/ST/STM32_WPAN/ble/core/template -I../../Middlewares/ST/STM32_WPAN/ble/svc/Inc -I../../Middlewares/ST/STM32_WPAN/ble/svc/Src -I../../Drivers/CMSIS/Device/ST/STM32WBxx/Include -I../../Utilities/sequencer -I../../Middlewares/ST/STM32_WPAN/ble -I../../Drivers/CMSIS/Include -I../../Drivers/BSP/P-NUCLEO-WB55.Nucleo -I../../tiny_lpm -O0 -ffunction-sections -fdata-sections -Wall -fstack-usage -MMD -MP -MF"Application/User/Core/app_debug.d" -MT"Application/User/Core/app_debug.o" --specs=nano.specs -mfpu=fpv4-sp-d16 -mfloat-abi=hard -mthumb -o "Application/User/Core/app_debug.o"
arm-none-eabi-gcc "/home/sarbjeet/github/IoT/Code/STM32/CubeIDE_Workspace_3/BLE_p2pServer/Core/Src/app_entry.c" -mcpu=cortex-m4 -std=gnu11 -g3 -DUSE_HAL_DRIVER -DUSE_STM32WBXX_NUCLEO -DDEBUG -DSTM32WB55xx -c -I../../Core/Inc -I../../STM32_WPAN/App -I../../Drivers/STM32WBxx_HAL_Driver/Inc -I../../Drivers/STM32WBxx_HAL_Driver/Inc/Legacy -I../../Utilities/lpm/tiny_lpm -I../../Middlewares/ST/STM32_WPAN -I../../Middlewares/ST/STM32_WPAN/interface/patterns/ble_thread -I../../Middlewares/ST/STM32_WPAN/interface/patterns/ble_thread/tl -I../../Middlewares/ST/STM32_WPAN/interface/patterns/ble_thread/shci -I../../Middlewares/ST/STM32_WPAN/utilities -I../../Middlewares/ST/STM32_WPAN/ble/core -I../../Middlewares/ST/STM32_WPAN/ble/core/auto -I../../Middlewares/ST/STM32_WPAN/ble/core/template -I../../Middlewares/ST/STM32_WPAN/ble/svc/Inc -I../../Middlewares/ST/STM32_WPAN/ble/svc/Src -I../../Drivers/CMSIS/Device/ST/STM32WBxx/Include -I../../Utilities/sequencer -I../../Middlewares/ST/STM32_WPAN/ble -I../../Drivers/CMSIS/Include -I../../Drivers/BSP/P-NUCLEO-WB55.Nucleo -I../../tiny_lpm -O0 -ffunction-sections -fdata-sections -Wall -fstack-usage -MMD -MP -MF"Application/User/Core/app_entry.d" -MT"Application/User/Core/app_entry.o" --specs=nano.specs -mfpu=fpv4-sp-d16 -mfloat-abi=hard -mthumb -o "Application/User/Core/app_entry.o"
arm-none-eabi-gcc "/home/sarbjeet/github/IoT/Code/STM32/CubeIDE_Workspace_3/BLE_p2pServer/Core/Src/hw_timerserver.c" -mcpu=cortex-m4 -std=gnu11 -g3 -DUSE_HAL_DRIVER -DUSE_STM32WBXX_NUCLEO -DDEBUG -DSTM32WB55xx -c -I../../Core/Inc -I../../STM32_WPAN/App -I../../Drivers/STM32WBxx_HAL_Driver/Inc -I../../Drivers/STM32WBxx_HAL_Driver/Inc/Legacy -I../../Utilities/lpm/tiny_lpm -I../../Middlewares/ST/STM32_WPAN -I../../Middlewares/ST/STM32_WPAN/interface/patterns/ble_thread -I../../Middlewares/ST/STM32_WPAN/interface/patterns/ble_thread/tl -I../../Middlewares/ST/STM32_WPAN/interface/patterns/ble_thread/shci -I../../Middlewares/ST/STM32_WPAN/utilities -I../../Middlewares/ST/STM32_WPAN/ble/core -I../../Middlewares/ST/STM32_WPAN/ble/core/auto -I../../Middlewares/ST/STM32_WPAN/ble/core/template -I../../Middlewares/ST/STM32_WPAN/ble/svc/Inc -I../../Middlewares/ST/STM32_WPAN/ble/svc/Src -I../../Drivers/CMSIS/Device/ST/STM32WBxx/Include -I../../Utilities/sequencer -I../../Middlewares/ST/STM32_WPAN/ble -I../../Drivers/CMSIS/Include -I../../Drivers/BSP/P-NUCLEO-WB55.Nucleo -I../../tiny_lpm -O0 -ffunction-sections -fdata-sections -Wall -fstack-usage -MMD -MP -MF"Application/User/Core/hw_timerserver.d" -MT"Application/User/Core/hw_timerserver.o" --specs=nano.specs -mfpu=fpv4-sp-d16 -mfloat-abi=hard -mthumb -o "Application/User/Core/hw_timerserver.o"
arm-none-eabi-gcc "/home/sarbjeet/github/IoT/Code/STM32/CubeIDE_Workspace_3/BLE_p2pServer/Core/Src/hw_uart.c" -mcpu=cortex-m4 -std=gnu11 -g3 -DUSE_HAL_DRIVER -DUSE_STM32WBXX_NUCLEO -DDEBUG -DSTM32WB55xx -c -I../../Core/Inc -I../../STM32_WPAN/App -I../../Drivers/STM32WBxx_HAL_Driver/Inc -I../../Drivers/STM32WBxx_HAL_Driver/Inc/Legacy -I../../Utilities/lpm/tiny_lpm -I../../Middlewares/ST/STM32_WPAN -I../../Middlewares/ST/STM32_WPAN/interface/patterns/ble_thread -I../../Middlewares/ST/STM32_WPAN/interface/patterns/ble_thread/tl -I../../Middlewares/ST/STM32_WPAN/interface/patterns/ble_thread/shci -I../../Middlewares/ST/STM32_WPAN/utilities -I../../Middlewares/ST/STM32_WPAN/ble/core -I../../Middlewares/ST/STM32_WPAN/ble/core/auto -I../../Middlewares/ST/STM32_WPAN/ble/core/template -I../../Middlewares/ST/STM32_WPAN/ble/svc/Inc -I../../Middlewares/ST/STM32_WPAN/ble/svc/Src -I../../Drivers/CMSIS/Device/ST/STM32WBxx/Include -I../../Utilities/sequencer -I../../Middlewares/ST/STM32_WPAN/ble -I../../Drivers/CMSIS/Include -I../../Drivers/BSP/P-NUCLEO-WB55.Nucleo -I../../tiny_lpm -O0 -ffunction-sections -fdata-sections -Wall -fstack-usage -MMD -MP -MF"Application/User/Core/hw_uart.d" -MT"Application/User/Core/hw_uart.o" --specs=nano.specs -mfpu=fpv4-sp-d16 -mfloat-abi=hard -mthumb -o "Application/User/Core/hw_uart.o"
arm-none-eabi-gcc "/home/sarbjeet/github/IoT/Code/STM32/CubeIDE_Workspace_3/BLE_p2pServer/Core/Src/main.c" -mcpu=cortex-m4 -std=gnu11 -g3 -DUSE_HAL_DRIVER -DUSE_STM32WBXX_NUCLEO -DDEBUG -DSTM32WB55xx -c -I../../Core/Inc -I../../STM32_WPAN/App -I../../Drivers/STM32WBxx_HAL_Driver/Inc -I../../Drivers/STM32WBxx_HAL_Driver/Inc/Legacy -I../../Utilities/lpm/tiny_lpm -I../../Middlewares/ST/STM32_WPAN -I../../Middlewares/ST/STM32_WPAN/interface/patterns/ble_thread -I../../Middlewares/ST/STM32_WPAN/interface/patterns/ble_thread/tl -I../../Middlewares/ST/STM32_WPAN/interface/patterns/ble_thread/shci -I../../Middlewares/ST/STM32_WPAN/utilities -I../../Middlewares/ST/STM32_WPAN/ble/core -I../../Middlewares/ST/STM32_WPAN/ble/core/auto -I../../Middlewares/ST/STM32_WPAN/ble/core/template -I../../Middlewares/ST/STM32_WPAN/ble/svc/Inc -I../../Middlewares/ST/STM32_WPAN/ble/svc/Src -I../../Drivers/CMSIS/Device/ST/STM32WBxx/Include -I../../Utilities/sequencer -I../../Middlewares/ST/STM32_WPAN/ble -I../../Drivers/CMSIS/Include -I../../Drivers/BSP/P-NUCLEO-WB55.Nucleo -I../../tiny_lpm -O0 -ffunction-sections -fdata-sections -Wall -fstack-usage -MMD -MP -MF"Application/User/Core/main.d" -MT"Application/User/Core/main.o" --specs=nano.specs -mfpu=fpv4-sp-d16 -mfloat-abi=hard -mthumb -o "Application/User/Core/main.o"
arm-none-eabi-gcc "/home/sarbjeet/github/IoT/Code/STM32/CubeIDE_Workspace_3/BLE_p2pServer/Core/Src/stm32_lpm_if.c" -mcpu=cortex-m4 -std=gnu11 -g3 -DUSE_HAL_DRIVER -DUSE_STM32WBXX_NUCLEO -DDEBUG -DSTM32WB55xx -c -I../../Core/Inc -I../../STM32_WPAN/App -I../../Drivers/STM32WBxx_HAL_Driver/Inc -I../../Drivers/STM32WBxx_HAL_Driver/Inc/Legacy -I../../Utilities/lpm/tiny_lpm -I../../Middlewares/ST/STM32_WPAN -I../../Middlewares/ST/STM32_WPAN/interface/patterns/ble_thread -I../../Middlewares/ST/STM32_WPAN/interface/patterns/ble_thread/tl -I../../Middlewares/ST/STM32_WPAN/interface/patterns/ble_thread/shci -I../../Middlewares/ST/STM32_WPAN/utilities -I../../Middlewares/ST/STM32_WPAN/ble/core -I../../Middlewares/ST/STM32_WPAN/ble/core/auto -I../../Middlewares/ST/STM32_WPAN/ble/core/template -I../../Middlewares/ST/STM32_WPAN/ble/svc/Inc -I../../Middlewares/ST/STM32_WPAN/ble/svc/Src -I../../Drivers/CMSIS/Device/ST/STM32WBxx/Include -I../../Utilities/sequencer -I../../Middlewares/ST/STM32_WPAN/ble -I../../Drivers/CMSIS/Include -I../../Drivers/BSP/P-NUCLEO-WB55.Nucleo -I../../tiny_lpm -O0 -ffunction-sections -fdata-sections -Wall -fstack-usage -MMD -MP -MF"Application/User/Core/stm32_lpm_if.d" -MT"Application/User/Core/stm32_lpm_if.o" --specs=nano.specs -mfpu=fpv4-sp-d16 -mfloat-abi=hard -mthumb -o "Application/User/Core/stm32_lpm_if.o"
arm-none-eabi-gcc "/home/sarbjeet/github/IoT/Code/STM32/CubeIDE_Workspace_3/BLE_p2pServer/Core/Src/stm32wbxx_hal_msp.c" -mcpu=cortex-m4 -std=gnu11 -g3 -DUSE_HAL_DRIVER -DUSE_STM32WBXX_NUCLEO -DDEBUG -DSTM32WB55xx -c -I../../Core/Inc -I../../STM32_WPAN/App -I../../Drivers/STM32WBxx_HAL_Driver/Inc -I../../Drivers/STM32WBxx_HAL_Driver/Inc/Legacy -I../../Utilities/lpm/tiny_lpm -I../../Middlewares/ST/STM32_WPAN -I../../Middlewares/ST/STM32_WPAN/interface/patterns/ble_thread -I../../Middlewares/ST/STM32_WPAN/interface/patterns/ble_thread/tl -I../../Middlewares/ST/STM32_WPAN/interface/patterns/ble_thread/shci -I../../Middlewares/ST/STM32_WPAN/utilities -I../../Middlewares/ST/STM32_WPAN/ble/core -I../../Middlewares/ST/STM32_WPAN/ble/core/auto -I../../Middlewares/ST/STM32_WPAN/ble/core/template -I../../Middlewares/ST/STM32_WPAN/ble/svc/Inc -I../../Middlewares/ST/STM32_WPAN/ble/svc/Src -I../../Drivers/CMSIS/Device/ST/STM32WBxx/Include -I../../Utilities/sequencer -I../../Middlewares/ST/STM32_WPAN/ble -I../../Drivers/CMSIS/Include -I../../Drivers/BSP/P-NUCLEO-WB55.Nucleo -I../../tiny_lpm -O0 -ffunction-sections -fdata-sections -Wall -fstack-usage -MMD -MP -MF"Application/User/Core/stm32wbxx_hal_msp.d" -MT"Application/User/Core/stm32wbxx_hal_msp.o" --specs=nano.specs -mfpu=fpv4-sp-d16 -mfloat-abi=hard -mthumb -o "Application/User/Core/stm32wbxx_hal_msp.o"
arm-none-eabi-gcc "/home/sarbjeet/github/IoT/Code/STM32/CubeIDE_Workspace_3/BLE_p2pServer/Core/Src/stm32wbxx_it.c" -mcpu=cortex-m4 -std=gnu11 -g3 -DUSE_HAL_DRIVER -DUSE_STM32WBXX_NUCLEO -DDEBUG -DSTM32WB55xx -c -I../../Core/Inc -I../../STM32_WPAN/App -I../../Drivers/STM32WBxx_HAL_Driver/Inc -I../../Drivers/STM32WBxx_HAL_Driver/Inc/Legacy -I../../Utilities/lpm/tiny_lpm -I../../Middlewares/ST/STM32_WPAN -I../../Middlewares/ST/STM32_WPAN/interface/patterns/ble_thread -I../../Middlewares/ST/STM32_WPAN/interface/patterns/ble_thread/tl -I../../Middlewares/ST/STM32_WPAN/interface/patterns/ble_thread/shci -I../../Middlewares/ST/STM32_WPAN/utilities -I../../Middlewares/ST/STM32_WPAN/ble/core -I../../Middlewares/ST/STM32_WPAN/ble/core/auto -I../../Middlewares/ST/STM32_WPAN/ble/core/template -I../../Middlewares/ST/STM32_WPAN/ble/svc/Inc -I../../Middlewares/ST/STM32_WPAN/ble/svc/Src -I../../Drivers/CMSIS/Device/ST/STM32WBxx/Include -I../../Utilities/sequencer -I../../Middlewares/ST/STM32_WPAN/ble -I../../Drivers/CMSIS/Include -I../../Drivers/BSP/P-NUCLEO-WB55.Nucleo -I../../tiny_lpm -O0 -ffunction-sections -fdata-sections -Wall -fstack-usage -MMD -MP -MF"Application/User/Core/stm32wbxx_it.d" -MT"Application/User/Core/stm32wbxx_it.o" --specs=nano.specs -mfpu=fpv4-sp-d16 -mfloat-abi=hard -mthumb -o "Application/User/Core/stm32wbxx_it.o"
arm-none-eabi-gcc "../Application/User/Core/syscalls.c" -mcpu=cortex-m4 -std=gnu11 -g3 -DUSE_HAL_DRIVER -DUSE_STM32WBXX_NUCLEO -DDEBUG -DSTM32WB55xx -c -I../../Core/Inc -I../../STM32_WPAN/App -I../../Drivers/STM32WBxx_HAL_Driver/Inc -I../../Drivers/STM32WBxx_HAL_Driver/Inc/Legacy -I../../Utilities/lpm/tiny_lpm -I../../Middlewares/ST/STM32_WPAN -I../../Middlewares/ST/STM32_WPAN/interface/patterns/ble_thread -I../../Middlewares/ST/STM32_WPAN/interface/patterns/ble_thread/tl -I../../Middlewares/ST/STM32_WPAN/interface/patterns/ble_thread/shci -I../../Middlewares/ST/STM32_WPAN/utilities -I../../Middlewares/ST/STM32_WPAN/ble/core -I../../Middlewares/ST/STM32_WPAN/ble/core/auto -I../../Middlewares/ST/STM32_WPAN/ble/core/template -I../../Middlewares/ST/STM32_WPAN/ble/svc/Inc -I../../Middlewares/ST/STM32_WPAN/ble/svc/Src -I../../Drivers/CMSIS/Device/ST/STM32WBxx/Include -I../../Utilities/sequencer -I../../Middlewares/ST/STM32_WPAN/ble -I../../Drivers/CMSIS/Include -I../../Drivers/BSP/P-NUCLEO-WB55.Nucleo -I../../tiny_lpm -O0 -ffunction-sections -fdata-sections -Wall -fstack-usage -MMD -MP -MF"Application/User/Core/syscalls.d" -MT"Application/User/Core/syscalls.o" --specs=nano.specs -mfpu=fpv4-sp-d16 -mfloat-abi=hard -mthumb -o "Application/User/Core/syscalls.o"
arm-none-eabi-gcc "../Application/User/Core/sysmem.c" -mcpu=cortex-m4 -std=gnu11 -g3 -DUSE_HAL_DRIVER -DUSE_STM32WBXX_NUCLEO -DDEBUG -DSTM32WB55xx -c -I../../Core/Inc -I../../STM32_WPAN/App -I../../Drivers/STM32WBxx_HAL_Driver/Inc -I../../Drivers/STM32WBxx_HAL_Driver/Inc/Legacy -I../../Utilities/lpm/tiny_lpm -I../../Middlewares/ST/STM32_WPAN -I../../Middlewares/ST/STM32_WPAN/interface/patterns/ble_thread -I../../Middlewares/ST/STM32_WPAN/interface/patterns/ble_thread/tl -I../../Middlewares/ST/STM32_WPAN/interface/patterns/ble_thread/shci -I../../Middlewares/ST/STM32_WPAN/utilities -I../../Middlewares/ST/STM32_WPAN/ble/core -I../../Middlewares/ST/STM32_WPAN/ble/core/auto -I../../Middlewares/ST/STM32_WPAN/ble/core/template -I../../Middlewares/ST/STM32_WPAN/ble/svc/Inc -I../../Middlewares/ST/STM32_WPAN/ble/svc/Src -I../../Drivers/CMSIS/Device/ST/STM32WBxx/Include -I../../Utilities/sequencer -I../../Middlewares/ST/STM32_WPAN/ble -I../../Drivers/CMSIS/Include -I../../Drivers/BSP/P-NUCLEO-WB55.Nucleo -I../../tiny_lpm -O0 -ffunction-sections -fdata-sections -Wall -fstack-usage -MMD -MP -MF"Application/User/Core/sysmem.d" -MT"Application/User/Core/sysmem.o" --specs=nano.specs -mfpu=fpv4-sp-d16 -mfloat-abi=hard -mthumb -o "Application/User/Core/sysmem.o"
arm-none-eabi-gcc -o "BLE_p2pServer.elf" @"objects.list"   -mcpu=cortex-m4 -T"/home/sarbjeet/github/IoT/Code/STM32/CubeIDE_Workspace_3/BLE_p2pServer/STM32CubeIDE/STM32WB55RGVX_FLASH.ld" --specs=nosys.specs -Wl,-Map="BLE_p2pServer.map" -Wl,--gc-sections -static --specs=nano.specs -mfpu=fpv4-sp-d16 -mfloat-abi=hard -mthumb -Wl,--start-group -lc -lm -Wl,--end-group
Finished building target: BLE_p2pServer.elf
 
arm-none-eabi-size   BLE_p2pServer.elf 
arm-none-eabi-objdump -h -S  BLE_p2pServer.elf  > "BLE_p2pServer.list"
arm-none-eabi-objcopy  -O ihex  BLE_p2pServer.elf  "BLE_p2pServer.hex"
   text	   data	    bss	    dec	    hex	filename
  35836	    443	   8699	  44978	   afb2	BLE_p2pServer.elf
Finished building: default.size.stdout
 
Finished building: BLE_p2pServer.hex
 
Finished building: BLE_p2pServer.list
 

16:00:25 Build Finished. 0 errors, 0 warnings. (took 7s.241ms)

