23:44:39 **** Incremental Build of configuration Debug for project custom_bare_metal_gpio_output ****
make -j4 all 
arm-none-eabi-gcc "../Src/main.c" -mcpu=cortex-m4 -std=gnu11 -g3 -DDEBUG -DSTM32 -DSTM32WB -DSTM32WB55RGVx -c -I../Inc -I/home/sarbjeet/github/IoT/Code/STM32/CubeIDE_Workspace_3/chip_headers/CMSIS/Device/ST/STM32WBxx/Include -I/home/sarbjeet/github/IoT/Code/STM32/CubeIDE_Workspace_3/chip_headers/CMSIS/Include -O0 -ffunction-sections -fdata-sections -Wall -fstack-usage -MMD -MP -MF"Src/main.d" -MT"Src/main.o" --specs=nano.specs -mfpu=fpv4-sp-d16 -mfloat-abi=hard -mthumb -o "Src/main.o"
arm-none-eabi-gcc -o "custom_bare_metal_gpio_output.elf" @"objects.list"   -mcpu=cortex-m4 -T"/home/sarbjeet/github/IoT/Code/STM32/CubeIDE_Workspace_3/custom_bare_metal_gpio_output/STM32WB55RGVX_FLASH.ld" --specs=nosys.specs -Wl,-Map="custom_bare_metal_gpio_output.map" -Wl,--gc-sections -static --specs=nano.specs -mfpu=fpv4-sp-d16 -mfloat-abi=hard -mthumb -Wl,--start-group -lc -lm -Wl,--end-group
Finished building target: custom_bare_metal_gpio_output.elf
 
arm-none-eabi-size   custom_bare_metal_gpio_output.elf 
arm-none-eabi-objdump -h -S  custom_bare_metal_gpio_output.elf  > "custom_bare_metal_gpio_output.list"
   text	   data	    bss	    dec	    hex	filename
    684	      8	   1564	   2256	    8d0	custom_bare_metal_gpio_output.elf
arm-none-eabi-objcopy  -O binary  custom_bare_metal_gpio_output.elf  "custom_bare_metal_gpio_output.bin"
Finished building: default.size.stdout
 
Finished building: custom_bare_metal_gpio_output.bin
 
Finished building: custom_bare_metal_gpio_output.list
 
23:44:41 **** Incremental Build of configuration Debug for project custom_bare_metal_gpio_output ****
make -j4 all 
arm-none-eabi-size   custom_bare_metal_gpio_output.elf 
   text	   data	    bss	    dec	    hex	filename
    684	      8	   1564	   2256	    8d0	custom_bare_metal_gpio_output.elf
Finished building: default.size.stdout
 
