stm32wbxx_ll_rcc.h:1666:22:LL_RCC_LSE_SetDriveCapability	16	static
stm32wbxx_ll_bus.h:364:22:LL_AHB1_GRP1_EnableClock	24	static
stm32wbxx_ll_bus.h:539:22:LL_AHB2_GRP1_EnableClock	24	static
main.c:101:5:main	8	static
main.c:159:6:SystemClock_Config	112	static
main.c:208:6:PeriphCommonClock_Config	88	static
main.c:233:13:MX_IPCC_Init	8	static
main.c:259:6:MX_LPUART1_UART_Init	8	static
main.c:307:6:MX_USART1_UART_Init	8	static
main.c:355:13:MX_RF_Init	4	static
main.c:376:13:MX_RNG_Init	8	static
main.c:403:13:MX_RTC_Init	8	static
main.c:442:13:MX_DMA_Init	8	static
main.c:465:13:MX_GPIO_Init	8	static
main.c:483:6:Error_Handler	4	static
