Archive member included to satisfy reference by file (symbol)

/opt/st/stm32cubeide_1.4.0/plugins/com.st.stm32cube.ide.mcu.externaltools.gnu-tools-for-stm32.7-2018-q2-update.linux64_1.4.0.202007081208/tools/bin/../lib/gcc/arm-none-eabi/7.3.1/../../../../arm-none-eabi/lib/thumb/v7e-m/fpv4-sp/hard/libc_nano.a(lib_a-errno.o)
                              Core/Src/syscalls.o (__errno)
/opt/st/stm32cubeide_1.4.0/plugins/com.st.stm32cube.ide.mcu.externaltools.gnu-tools-for-stm32.7-2018-q2-update.linux64_1.4.0.202007081208/tools/bin/../lib/gcc/arm-none-eabi/7.3.1/../../../../arm-none-eabi/lib/thumb/v7e-m/fpv4-sp/hard/libc_nano.a(lib_a-exit.o)
                              /opt/st/stm32cubeide_1.4.0/plugins/com.st.stm32cube.ide.mcu.externaltools.gnu-tools-for-stm32.7-2018-q2-update.linux64_1.4.0.202007081208/tools/bin/../lib/gcc/arm-none-eabi/7.3.1/../../../../arm-none-eabi/lib/thumb/v7e-m/fpv4-sp/hard/crt0.o (exit)
/opt/st/stm32cubeide_1.4.0/plugins/com.st.stm32cube.ide.mcu.externaltools.gnu-tools-for-stm32.7-2018-q2-update.linux64_1.4.0.202007081208/tools/bin/../lib/gcc/arm-none-eabi/7.3.1/../../../../arm-none-eabi/lib/thumb/v7e-m/fpv4-sp/hard/libc_nano.a(lib_a-impure.o)
                              /opt/st/stm32cubeide_1.4.0/plugins/com.st.stm32cube.ide.mcu.externaltools.gnu-tools-for-stm32.7-2018-q2-update.linux64_1.4.0.202007081208/tools/bin/../lib/gcc/arm-none-eabi/7.3.1/../../../../arm-none-eabi/lib/thumb/v7e-m/fpv4-sp/hard/libc_nano.a(lib_a-exit.o) (_global_impure_ptr)
/opt/st/stm32cubeide_1.4.0/plugins/com.st.stm32cube.ide.mcu.externaltools.gnu-tools-for-stm32.7-2018-q2-update.linux64_1.4.0.202007081208/tools/bin/../lib/gcc/arm-none-eabi/7.3.1/../../../../arm-none-eabi/lib/thumb/v7e-m/fpv4-sp/hard/libc_nano.a(lib_a-init.o)
                              /opt/st/stm32cubeide_1.4.0/plugins/com.st.stm32cube.ide.mcu.externaltools.gnu-tools-for-stm32.7-2018-q2-update.linux64_1.4.0.202007081208/tools/bin/../lib/gcc/arm-none-eabi/7.3.1/../../../../arm-none-eabi/lib/thumb/v7e-m/fpv4-sp/hard/crt0.o (__libc_init_array)
/opt/st/stm32cubeide_1.4.0/plugins/com.st.stm32cube.ide.mcu.externaltools.gnu-tools-for-stm32.7-2018-q2-update.linux64_1.4.0.202007081208/tools/bin/../lib/gcc/arm-none-eabi/7.3.1/../../../../arm-none-eabi/lib/thumb/v7e-m/fpv4-sp/hard/libc_nano.a(lib_a-memcmp.o)
                              Middlewares/ST/STM32_WPAN/ble/core/template/osal.o (memcmp)
/opt/st/stm32cubeide_1.4.0/plugins/com.st.stm32cube.ide.mcu.externaltools.gnu-tools-for-stm32.7-2018-q2-update.linux64_1.4.0.202007081208/tools/bin/../lib/gcc/arm-none-eabi/7.3.1/../../../../arm-none-eabi/lib/thumb/v7e-m/fpv4-sp/hard/libc_nano.a(lib_a-memcpy-stub.o)
                              Middlewares/ST/STM32_WPAN/ble/core/template/osal.o (memcpy)
/opt/st/stm32cubeide_1.4.0/plugins/com.st.stm32cube.ide.mcu.externaltools.gnu-tools-for-stm32.7-2018-q2-update.linux64_1.4.0.202007081208/tools/bin/../lib/gcc/arm-none-eabi/7.3.1/../../../../arm-none-eabi/lib/thumb/v7e-m/fpv4-sp/hard/libc_nano.a(lib_a-memset.o)
                              /opt/st/stm32cubeide_1.4.0/plugins/com.st.stm32cube.ide.mcu.externaltools.gnu-tools-for-stm32.7-2018-q2-update.linux64_1.4.0.202007081208/tools/bin/../lib/gcc/arm-none-eabi/7.3.1/../../../../arm-none-eabi/lib/thumb/v7e-m/fpv4-sp/hard/crt0.o (memset)
/opt/st/stm32cubeide_1.4.0/plugins/com.st.stm32cube.ide.mcu.externaltools.gnu-tools-for-stm32.7-2018-q2-update.linux64_1.4.0.202007081208/tools/bin/../lib/gcc/arm-none-eabi/7.3.1/../../../../arm-none-eabi/lib/thumb/v7e-m/fpv4-sp/hard/libc_nano.a(lib_a-printf.o)
                              Middlewares/ST/STM32_WPAN/utilities/dbg_trace.o (printf)
/opt/st/stm32cubeide_1.4.0/plugins/com.st.stm32cube.ide.mcu.externaltools.gnu-tools-for-stm32.7-2018-q2-update.linux64_1.4.0.202007081208/tools/bin/../lib/gcc/arm-none-eabi/7.3.1/../../../../arm-none-eabi/lib/thumb/v7e-m/fpv4-sp/hard/libc_nano.a(lib_a-strlen.o)
                              STM32_WPAN/App/app_ble.o (strlen)
/opt/st/stm32cubeide_1.4.0/plugins/com.st.stm32cube.ide.mcu.externaltools.gnu-tools-for-stm32.7-2018-q2-update.linux64_1.4.0.202007081208/tools/bin/../lib/gcc/arm-none-eabi/7.3.1/../../../../arm-none-eabi/lib/thumb/v7e-m/fpv4-sp/hard/libc_nano.a(lib_a-strrchr.o)
                              Middlewares/ST/STM32_WPAN/utilities/dbg_trace.o (strrchr)
/opt/st/stm32cubeide_1.4.0/plugins/com.st.stm32cube.ide.mcu.externaltools.gnu-tools-for-stm32.7-2018-q2-update.linux64_1.4.0.202007081208/tools/bin/../lib/gcc/arm-none-eabi/7.3.1/../../../../arm-none-eabi/lib/thumb/v7e-m/fpv4-sp/hard/libc_nano.a(lib_a-vprintf.o)
                              Middlewares/ST/STM32_WPAN/utilities/dbg_trace.o (vprintf)
/opt/st/stm32cubeide_1.4.0/plugins/com.st.stm32cube.ide.mcu.externaltools.gnu-tools-for-stm32.7-2018-q2-update.linux64_1.4.0.202007081208/tools/bin/../lib/gcc/arm-none-eabi/7.3.1/../../../../arm-none-eabi/lib/thumb/v7e-m/fpv4-sp/hard/libc_nano.a(lib_a-findfp.o)
[...]
Memory Configuration

Name             Origin             Length             Attributes
FLASH            0x0000000008000000 0x0000000000080000 xr
RAM1             0x0000000020000004 0x000000000002fffc xrw
RAM_SHARED       0x0000000020030000 0x0000000000002800 xrw
*default*        0x0000000000000000 0xffffffffffffffff

Linker script and memory map

LOAD /opt/st/stm32cubeide_1.4.0/plugins/com.st.stm32cube.ide.mcu.externaltools.gnu-tools-for-stm32.7-2018-q2-update.linux64_1.4.0.202007081208/tools/bin/../lib/gcc/arm-none-eabi/7.3.1/thumb/v7e-m/fpv4-sp/hard/crti.o
LOAD /opt/st/stm32cubeide_1.4.0/plugins/com.st.stm32cube.ide.mcu.externaltools.gnu-tools-for-stm32.7-2018-q2-update.linux64_1.4.0.202007081208/tools/bin/../lib/gcc/arm-none-eabi/7.3.1/thumb/v7e-m/fpv4-sp/hard/crtbegin.o
LOAD /opt/st/stm32cubeide_1.4.0/plugins/com.st.stm32cube.ide.mcu.externaltools.gnu-tools-for-stm32.7-2018-q2-update.linux64_1.4.0.202007081208/tools/bin/../lib/gcc/arm-none-eabi/7.3.1/../../../../arm-none-eabi/lib/thumb/v7e-m/fpv4-sp/hard/crt0.o
LOAD Core/Src/app_debug.o
LOAD Core/Src/app_entry.o
LOAD Core/Src/hw_timerserver.o
LOAD Core/Src/main.o
LOAD Core/Src/stm32_lpm_if.o
LOAD Core/Src/stm32wbxx_hal_msp.o
LOAD Core/Src/stm32wbxx_it.o
LOAD Core/Src/syscalls.o
LOAD Core/Src/sysmem.o
LOAD Core/Src/system_stm32wbxx.o
LOAD Core/Startup/startup_stm32wb55cgux.o
LOAD Drivers/STM32WBxx_HAL_Driver/Src/stm32wbxx_hal.o
LOAD Drivers/STM32WBxx_HAL_Driver/Src/stm32wbxx_hal_cortex.o
LOAD Drivers/STM32WBxx_HAL_Driver/Src/stm32wbxx_hal_dma.o
LOAD Drivers/STM32WBxx_HAL_Driver/Src/stm32wbxx_hal_dma_ex.o
LOAD Drivers/STM32WBxx_HAL_Driver/Src/stm32wbxx_hal_exti.o
LOAD Drivers/STM32WBxx_HAL_Driver/Src/stm32wbxx_hal_flash.o
LOAD Drivers/STM32WBxx_HAL_Driver/Src/stm32wbxx_hal_flash_ex.o
LOAD Drivers/STM32WBxx_HAL_Driver/Src/stm32wbxx_hal_gpio.o
LOAD Drivers/STM32WBxx_HAL_Driver/Src/stm32wbxx_hal_hsem.o
LOAD Drivers/STM32WBxx_HAL_Driver/Src/stm32wbxx_hal_pwr.o
LOAD Drivers/STM32WBxx_HAL_Driver/Src/stm32wbxx_hal_pwr_ex.o
LOAD Drivers/STM32WBxx_HAL_Driver/Src/stm32wbxx_hal_rcc.o
LOAD Drivers/STM32WBxx_HAL_Driver/Src/stm32wbxx_hal_rcc_ex.o
LOAD Drivers/STM32WBxx_HAL_Driver/Src/stm32wbxx_hal_rtc.o
LOAD Drivers/STM32WBxx_HAL_Driver/Src/stm32wbxx_hal_rtc_ex.o
LOAD Drivers/STM32WBxx_HAL_Driver/Src/stm32wbxx_hal_tim.o
LOAD Drivers/STM32WBxx_HAL_Driver/Src/stm32wbxx_hal_tim_ex.o
LOAD Middlewares/ST/STM32_WPAN/ble/core/auto/ble_gap_aci.o
LOAD Middlewares/ST/STM32_WPAN/ble/core/auto/ble_gatt_aci.o
LOAD Middlewares/ST/STM32_WPAN/ble/core/auto/ble_hal_aci.o
LOAD Middlewares/ST/STM32_WPAN/ble/core/auto/ble_hci_le.o
LOAD Middlewares/ST/STM32_WPAN/ble/core/auto/ble_l2cap_aci.o
LOAD Middlewares/ST/STM32_WPAN/ble/core/template/osal.o
LOAD Middlewares/ST/STM32_WPAN/ble/svc/Src/p2p_stm.o
LOAD Middlewares/ST/STM32_WPAN/ble/svc/Src/svc_ctl.o
LOAD Middlewares/ST/STM32_WPAN/interface/patterns/ble_thread/shci/shci.o
LOAD Middlewares/ST/STM32_WPAN/interface/patterns/ble_thread/tl/hci_tl.o
LOAD Middlewares/ST/STM32_WPAN/interface/patterns/ble_thread/tl/hci_tl_if.o
LOAD Middlewares/ST/STM32_WPAN/interface/patterns/ble_thread/tl/shci_tl.o
LOAD Middlewares/ST/STM32_WPAN/interface/patterns/ble_thread/tl/shci_tl_if.o
LOAD Middlewares/ST/STM32_WPAN/interface/patterns/ble_thread/tl/tl_mbox.o
LOAD Middlewares/ST/STM32_WPAN/utilities/dbg_trace.o
LOAD Middlewares/ST/STM32_WPAN/utilities/otp.o
LOAD Middlewares/ST/STM32_WPAN/utilities/stm_list.o
LOAD Middlewares/ST/STM32_WPAN/utilities/stm_queue.o
LOAD STM32_WPAN/App/app_ble.o
LOAD STM32_WPAN/App/p2p_server_app.o
LOAD STM32_WPAN/Target/hw_ipcc.o
LOAD Utilities/lpm/tiny_lpm/stm32_lpm.o
LOAD Utilities/sequencer/stm32_seq.o
START GROUP
LOAD /opt/st/stm32cubeide_1.4.0/plugins/com.st.stm32cube.ide.mcu.externaltools.gnu-tools-for-stm32.7-2018-q2-update.linux64_1.4.0.202007081208/tools/bin/../lib/gcc/arm-none-eabi/7.3.1/../../../../arm-none-eabi/lib/thumb/v7e-m/fpv4-sp/hard/libc_nano.a
LOAD /opt/st/stm32cubeide_1.4.0/plugins/com.st.stm32cube.ide.mcu.externaltools.gnu-tools-for-stm32.7-2018-q2-update.linux64_1.4.0.202007081208/tools/bin/../lib/gcc/arm-none-eabi/7.3.1/../../../../arm-none-eabi/lib/thumb/v7e-m/fpv4-sp/hard/libm.a
END GROUP
START GROUP
LOAD /opt/st/stm32cubeide_1.4.0/plugins/com.st.stm32cube.ide.mcu.externaltools.gnu-tools-for-stm32.7-2018-q2-update.linux64_1.4.0.202007081208/tools/bin/../lib/gcc/arm-none-eabi/7.3.1/thumb/v7e-m/fpv4-sp/hard/libgcc.a
LOAD /opt/st/stm32cubeide_1.4.0/plugins/com.st.stm32cube.ide.mcu.externaltools.gnu-tools-for-stm32.7-2018-q2-update.linux64_1.4.0.202007081208/tools/bin/../lib/gcc/arm-none-eabi/7.3.1/../../../../arm-none-eabi/lib/thumb/v7e-m/fpv4-sp/hard/libc_nano.a
END GROUP
START GROUP
LOAD /opt/st/stm32cubeide_1.4.0/plugins/com.st.stm32cube.ide.mcu.externaltools.gnu-tools-for-stm32.7-2018-q2-update.linux64_1.4.0.202007081208/tools/bin/../lib/gcc/arm-none-eabi/7.3.1/thumb/v7e-m/fpv4-sp/hard/libgcc.a
LOAD /opt/st/stm32cubeide_1.4.0/plugins/com.st.stm32cube.ide.mcu.externaltools.gnu-tools-for-stm32.7-2018-q2-update.linux64_1.4.0.202007081208/tools/bin/../lib/gcc/arm-none-eabi/7.3.1/../../../../arm-none-eabi/lib/thumb/v7e-m/fpv4-sp/hard/libc_nano.a
LOAD /opt/st/stm32cubeide_1.4.0/plugins/com.st.stm32cube.ide.mcu.externaltools.gnu-tools-for-stm32.7-2018-q2-update.linux64_1.4.0.202007081208/tools/bin/../lib/gcc/arm-none-eabi/7.3.1/../../../../arm-none-eabi/lib/thumb/v7e-m/fpv4-sp/hard/libnosys.a
END GROUP
START GROUP
LOAD /opt/st/stm32cubeide_1.4.0/plugins/com.st.stm32cube.ide.mcu.externaltools.gnu-tools-for-stm32.7-2018-q2-update.linux64_1.4.0.202007081208/tools/bin/../lib/gcc/arm-none-eabi/7.3.1/thumb/v7e-m/fpv4-sp/hard/libgcc.a
LOAD /opt/st/stm32cubeide_1.4.0/plugins/com.st.stm32cube.ide.mcu.externaltools.gnu-tools-for-stm32.7-2018-q2-update.linux64_1.4.0.202007081208/tools/bin/../lib/gcc/arm-none-eabi/7.3.1/../../../../arm-none-eabi/lib/thumb/v7e-m/fpv4-sp/hard/libc_nano.a
LOAD /opt/st/stm32cubeide_1.4.0/plugins/com.st.stm32cube.ide.mcu.externaltools.gnu-tools-for-stm32.7-2018-q2-update.linux64_1.4.0.202007081208/tools/bin/../lib/gcc/arm-none-eabi/7.3.1/../../../../arm-none-eabi/lib/thumb/v7e-m/fpv4-sp/hard/libnosys.a
END GROUP
LOAD /opt/st/stm32cubeide_1.4.0/plugins/com.st.stm32cube.ide.mcu.externaltools.gnu-tools-for-stm32.7-2018-q2-update.linux64_1.4.0.202007081208/tools/bin/../lib/gcc/arm-none-eabi/7.3.1/thumb/v7e-m/fpv4-sp/hard/crtend.o
LOAD /opt/st/stm32cubeide_1.4.0/plugins/com.st.stm32cube.ide.mcu.externaltools.gnu-tools-for-stm32.7-2018-q2-update.linux64_1.4.0.202007081208/tools/bin/../lib/gcc/arm-none-eabi/7.3.1/thumb/v7e-m/fpv4-sp/hard/crtn.o
                0x0000000020030000                _estack = 0x20030000
                0x0000000000000200                _Min_Heap_Size = 0x200
                0x0000000000000400                _Min_Stack_Size = 0x400

.isr_vector     0x0000000008000000      0x13c
                0x0000000008000000                . = ALIGN (0x4)
 *(.isr_vector)
 .isr_vector    0x0000000008000000      0x13c Core/Startup/startup_stm32wb55cgux.o
                0x0000000008000000                g_pfnVectors
                0x000000000800013c                . = ALIGN (0x4)

.text           0x000000000800013c     0x6a14
                0x000000000800013c                . = ALIGN (0x4)
 *(.text)
 .text          0x000000000800013c       0x40 /opt/st/stm32cubeide_1.4.0/plugins/com.st.stm32cube.ide.mcu.externaltools.gnu-tools-for-stm32.7-2018-q2-update.linux64_1.4.0.202007081208/tools/bin/../lib/gcc/arm-none-eabi/7.3.1/thumb/v7e-m/fpv4-sp/hard/crtbegin.o
 .text          0x000000000800017c       0x10 /opt/st/stm32cubeide_1.4.0/plugins/com.st.stm32cube.ide.mcu.externaltools.gnu-tools-for-stm32.7-2018-q2-update.linux64_1.4.0.202007081208/tools/bin/../lib/gcc/arm-none-eabi/7.3.1/../../../../arm-none-eabi/lib/thumb/v7e-m/fpv4-sp/hard/libc_nano.a(lib_a-strlen.o)
                0x000000000800017c                strlen
 *(.text*)
 .text.LL_AHB2_GRP1_EnableClock
                0x000000000800018c       0x32 Core/Src/app_debug.o
 .text.LL_AHB2_GRP1_DisableClock
                0x00000000080001be       0x26 Core/Src/app_debug.o
 .text.LL_C2_AHB2_GRP1_EnableClock
                0x00000000080001e4       0x38 Core/Src/app_debug.o
 .text.APPD_Init
                0x000000000800021c       0x74 Core/Src/app_debug.o
                0x000000000800021c                APPD_Init
 .text.APPD_EnableCPU2
                0x0000000008000290       0x38 Core/Src/app_debug.o
                0x0000000008000290                APPD_EnableCPU2
 .text.APPD_SetCPU2GpioConfig
                0x00000000080002c8      0x140 Core/Src/app_debug.o
 .text.APPD_BleDtbCfg
                0x0000000008000408        0xe Core/Src/app_debug.o
 *fill*         0x0000000008000416        0x2 
 .text.LL_C2_PWR_SetPowerMode
                0x0000000008000418       0x2c Core/Src/app_entry.o
 .text.LL_RCC_SetClkAfterWakeFromStop
                0x0000000008000444       0x28 Core/Src/app_entry.o
 .text.APPE_Init
                0x000000000800046c       0x20 Core/Src/app_entry.o
                0x000000000800046c                APPE_Init
 .text.SystemPower_Config
                0x000000000800048c       0x1a Core/Src/app_entry.o
 *fill*         0x00000000080004a6        0x2 
 .text.appe_Tl_Init
                0x00000000080004a8       0x6c Core/Src/app_entry.o
 .text.APPE_SysStatusNot
                0x0000000008000514       0x16 Core/Src/app_entry.o
 .text.APPE_SysUserEvtRx
                0x000000000800052a       0x20 Core/Src/app_entry.o
 .text.UTIL_SEQ_Idle
                0x000000000800054a        0xe Core/Src/app_entry.o
                0x000000000800054a                UTIL_SEQ_Idle
 .text.UTIL_SEQ_EvtIdle
                0x0000000008000558       0x1a Core/Src/app_entry.o
                0x0000000008000558                UTIL_SEQ_EvtIdle
 .text.shci_notify_asynch_evt
                0x0000000008000572       0x18 Core/Src/app_entry.o
                0x0000000008000572                shci_notify_asynch_evt
 .text.shci_cmd_resp_release
                0x000000000800058a       0x16 Core/Src/app_entry.o
                0x000000000800058a                shci_cmd_resp_release
 .text.shci_cmd_resp_wait
                0x00000000080005a0       0x16 Core/Src/app_entry.o
                0x00000000080005a0                shci_cmd_resp_wait
 *fill*         0x00000000080005b6        0x2 
 .text.LL_EXTI_EnableIT_0_31
                0x00000000080005b8       0x28 Core/Src/hw_timerserver.o
 .text.LL_EXTI_EnableRisingTrig_0_31
                0x00000000080005e0       0x24 Core/Src/hw_timerserver.o
 .text.ReadRtcSsrValue
                0x0000000008000604       0x40 Core/Src/hw_timerserver.o
 .text.LinkTimerAfter
                0x0000000008000644       0x8c Core/Src/hw_timerserver.o
 .text.LinkTimerBefore
                0x00000000080006d0       0xc0 Core/Src/hw_timerserver.o
 .text.linkTimer
                0x0000000008000790      0x154 Core/Src/hw_timerserver.o
 .text.UnlinkTimer
                0x00000000080008e4      0x108 Core/Src/hw_timerserver.o
 .text.ReturnTimeElapsed
                0x00000000080009ec       0x80 Core/Src/hw_timerserver.o
 .text.RestartWakeupCounter
                0x0000000008000a6c       0xbc Core/Src/hw_timerserver.o
 .text.RescheduleTimerList
                0x0000000008000b28      0x13c Core/Src/hw_timerserver.o
 .text.HW_TS_Init
                0x0000000008000c64      0x1c0 Core/Src/hw_timerserver.o
                0x0000000008000c64                HW_TS_Init
 .text.HW_TS_Create
                0x0000000008000e24       0xec Core/Src/hw_timerserver.o
                0x0000000008000e24                HW_TS_Create
 .text.HW_TS_Stop
                0x0000000008000f10      0x114 Core/Src/hw_timerserver.o
                0x0000000008000f10                HW_TS_Stop
 .text.HW_TS_Start
                0x0000000008001024      0x10c Core/Src/hw_timerserver.o
                0x0000000008001024                HW_TS_Start
 .text.LL_RCC_LSE_SetDriveCapability
                0x0000000008001130       0x2c Core/Src/main.o
 .text.LL_AHB2_GRP1_EnableClock
                0x000000000800115c       0x32 Core/Src/main.o
 .text.main     0x000000000800118e       0x26 Core/Src/main.o
                0x000000000800118e                main
 .text.SystemClock_Config
                0x00000000080011b4      0x10c Core/Src/main.o
                0x00000000080011b4                SystemClock_Config
 .text.MX_RF_Init
                0x00000000080012c0        0xe Core/Src/main.o
 *fill*         0x00000000080012ce        0x2 
 .text.MX_RTC_Init
                0x00000000080012d0       0x68 Core/Src/main.o
 .text.MX_GPIO_Init
                0x0000000008001338        0xe Core/Src/main.o
 .text.Error_Handler
                0x0000000008001346        0xe Core/Src/main.o
                0x0000000008001346                Error_Handler
 .text.LL_RCC_EnableRTC
                0x0000000008001354       0x22 Core/Src/stm32wbxx_hal_msp.o
 .text.LL_AHB3_GRP1_EnableClock
                0x0000000008001376       0x32 Core/Src/stm32wbxx_hal_msp.o
 .text.LL_APB1_GRP1_EnableClock
                0x00000000080013a8       0x32 Core/Src/stm32wbxx_hal_msp.o
 .text.HAL_MspInit
                0x00000000080013da       0x30 Core/Src/stm32wbxx_hal_msp.o
                0x00000000080013da                HAL_MspInit
 *fill*         0x000000000800140a        0x2 
 .text.HAL_RTC_MspInit
                0x000000000800140c       0x3c Core/Src/stm32wbxx_hal_msp.o
                0x000000000800140c                HAL_RTC_MspInit
 .text.NMI_Handler
                0x0000000008001448        0xe Core/Src/stm32wbxx_it.o
                0x0000000008001448                NMI_Handler
 .text.HardFault_Handler
                0x0000000008001456        0x6 Core/Src/stm32wbxx_it.o
                0x0000000008001456                HardFault_Handler
 .text.MemManage_Handler
                0x000000000800145c        0x6 Core/Src/stm32wbxx_it.o
                0x000000000800145c                MemManage_Handler
 .text.BusFault_Handler
                0x0000000008001462        0x6 Core/Src/stm32wbxx_it.o
                0x0000000008001462                BusFault_Handler
 .text.UsageFault_Handler
                0x0000000008001468        0x6 Core/Src/stm32wbxx_it.o
                0x0000000008001468                UsageFault_Handler
 .text.SVC_Handler
                0x000000000800146e        0xe Core/Src/stm32wbxx_it.o
                0x000000000800146e                SVC_Handler
 .text.DebugMon_Handler
                0x000000000800147c        0xe Core/Src/stm32wbxx_it.o
                0x000000000800147c                DebugMon_Handler
 .text.PendSV_Handler
                0x000000000800148a        0xe Core/Src/stm32wbxx_it.o
                0x000000000800148a                PendSV_Handler
 .text.SysTick_Handler
                0x0000000008001498        0xc Core/Src/stm32wbxx_it.o
                0x0000000008001498                SysTick_Handler
 .text.RTC_WKUP_IRQHandler
                0x00000000080014a4       0x14 Core/Src/stm32wbxx_it.o
                0x00000000080014a4                RTC_WKUP_IRQHandler
 .text.RCC_IRQHandler
                0x00000000080014b8        0xe Core/Src/stm32wbxx_it.o
                0x00000000080014b8                RCC_IRQHandler
 .text.HSEM_IRQHandler
                0x00000000080014c6        0xc Core/Src/stm32wbxx_it.o
                0x00000000080014c6                HSEM_IRQHandler
 *fill*         0x00000000080014d2        0x2 
 .text.SystemInit
                0x00000000080014d4       0xac Core/Src/system_stm32wbxx.o
                0x00000000080014d4                SystemInit
 .text.SystemCoreClockUpdate
                0x0000000008001580      0x144 Core/Src/system_stm32wbxx.o
                0x0000000008001580                SystemCoreClockUpdate
 .text.data_initializers
                0x00000000080016c4       0x18 Core/Startup/startup_stm32wb55cgux.o
 .text.Reset_Handler
                0x00000000080016dc       0x54 Core/Startup/startup_stm32wb55cgux.o
                0x00000000080016dc                Reset_Handler
 .text.Default_Handler
                0x0000000008001730        0x2 Core/Startup/startup_stm32wb55cgux.o
                0x0000000008001730                RTC_Alarm_IRQHandler
                0x0000000008001730                EXTI2_IRQHandler
                0x0000000008001730                TIM1_CC_IRQHandler
                0x0000000008001730                TSC_IRQHandler
                0x0000000008001730                USB_HP_IRQHandler
                0x0000000008001730                EXTI3_IRQHandler
                0x0000000008001730                LPTIM2_IRQHandler
                0x0000000008001730                I2C3_ER_IRQHandler
                0x0000000008001730                EXTI0_IRQHandler
                0x0000000008001730                FPU_IRQHandler
                0x0000000008001730                TIM1_UP_TIM16_IRQHandler
                0x0000000008001730                AES1_IRQHandler
                0x0000000008001730                SPI1_IRQHandler
                0x0000000008001730                PWR_SOTF_BLEACT_802ACT_RFPHASE_IRQHandler
                0x0000000008001730                DMA2_Channel2_IRQHandler
                0x0000000008001730                DMA1_Channel4_IRQHandler
                0x0000000008001730                ADC1_IRQHandler
                0x0000000008001730                PKA_IRQHandler
                0x0000000008001730                DMA1_Channel7_IRQHandler
                0x0000000008001730                LCD_IRQHandler
                0x0000000008001730                IPCC_C1_TX_IRQHandler
                0x0000000008001730                DMA2_Channel1_IRQHandler
                0x0000000008001730                QUADSPI_IRQHandler
                0x0000000008001730                I2C1_EV_IRQHandler
                0x0000000008001730                DMAMUX1_OVR_IRQHandler
                0x0000000008001730                DMA1_Channel6_IRQHandler
                0x0000000008001730                DMA2_Channel4_IRQHandler
                0x0000000008001730                DMA1_Channel1_IRQHandler
                0x0000000008001730                Default_Handler
                0x0000000008001730                DMA2_Channel7_IRQHandler
                0x0000000008001730                EXTI15_10_IRQHandler
                0x0000000008001730                IPCC_C1_RX_IRQHandler
                0x0000000008001730                C2SEV_PWR_C2H_IRQHandler
                0x0000000008001730                AES2_IRQHandler
                0x0000000008001730                I2C3_EV_IRQHandler
                0x0000000008001730                EXTI9_5_IRQHandler
                0x0000000008001730                PVD_PVM_IRQHandler
                0x0000000008001730                SPI2_IRQHandler
                0x0000000008001730                DMA2_Channel5_IRQHandler
                0x0000000008001730                CRS_IRQHandler
                0x0000000008001730                DMA1_Channel5_IRQHandler
                0x0000000008001730                USB_LP_IRQHandler
                0x0000000008001730                EXTI4_IRQHandler
                0x0000000008001730                RNG_IRQHandler
                0x0000000008001730                TIM1_TRG_COM_TIM17_IRQHandler
                0x0000000008001730                TAMP_STAMP_LSECSS_IRQHandler
                0x0000000008001730                DMA1_Channel3_IRQHandler
                0x0000000008001730                COMP_IRQHandler
                0x0000000008001730                WWDG_IRQHandler
                0x0000000008001730                LPUART1_IRQHandler
                0x0000000008001730                DMA2_Channel6_IRQHandler
                0x0000000008001730                TIM2_IRQHandler
                0x0000000008001730                TIM1_BRK_IRQHandler
                0x0000000008001730                EXTI1_IRQHandler
                0x0000000008001730                DMA1_Channel2_IRQHandler
                0x0000000008001730                FLASH_IRQHandler
                0x0000000008001730                USART1_IRQHandler
                0x0000000008001730                I2C1_ER_IRQHandler
                0x0000000008001730                LPTIM1_IRQHandler
                0x0000000008001730                SAI1_IRQHandler
                0x0000000008001730                DMA2_Channel3_IRQHandler
 *fill*         0x0000000008001732        0x2 
 .text.LL_DBGMCU_DisableDBGSleepMode
                0x0000000008001734       0x20 Drivers/STM32WBxx_HAL_Driver/Src/stm32wbxx_hal.o
 .text.LL_DBGMCU_DisableDBGStopMode
                0x0000000008001754       0x20 Drivers/STM32WBxx_HAL_Driver/Src/stm32wbxx_hal.o
 .text.LL_DBGMCU_DisableDBGStandbyMode
                0x0000000008001774       0x20 Drivers/STM32WBxx_HAL_Driver/Src/stm32wbxx_hal.o
 .text.HAL_Init
                0x0000000008001794       0x40 Drivers/STM32WBxx_HAL_Driver/Src/stm32wbxx_hal.o
                0x0000000008001794                HAL_Init
 .text.HAL_InitTick
                0x00000000080017d4       0x74 Drivers/STM32WBxx_HAL_Driver/Src/stm32wbxx_hal.o
                0x00000000080017d4                HAL_InitTick
 .text.HAL_IncTick
                0x0000000008001848       0x28 Drivers/STM32WBxx_HAL_Driver/Src/stm32wbxx_hal.o
                0x0000000008001848                HAL_IncTick
 .text.HAL_GetTick
                0x0000000008001870       0x18 Drivers/STM32WBxx_HAL_Driver/Src/stm32wbxx_hal.o
                0x0000000008001870                HAL_GetTick
 .text.HAL_GetTickPrio
                0x0000000008001888       0x18 Drivers/STM32WBxx_HAL_Driver/Src/stm32wbxx_hal.o
                0x0000000008001888                HAL_GetTickPrio
 .text.HAL_DBGMCU_DisableDBGSleepMode
                0x00000000080018a0        0xc Drivers/STM32WBxx_HAL_Driver/Src/stm32wbxx_hal.o
                0x00000000080018a0                HAL_DBGMCU_DisableDBGSleepMode
 .text.HAL_DBGMCU_DisableDBGStopMode
                0x00000000080018ac        0xc Drivers/STM32WBxx_HAL_Driver/Src/stm32wbxx_hal.o
                0x00000000080018ac                HAL_DBGMCU_DisableDBGStopMode
 .text.HAL_DBGMCU_DisableDBGStandbyMode
                0x00000000080018b8        0xc Drivers/STM32WBxx_HAL_Driver/Src/stm32wbxx_hal.o
                0x00000000080018b8                HAL_DBGMCU_DisableDBGStandbyMode
 .text.__NVIC_SetPriorityGrouping
                0x00000000080018c4       0x48 Drivers/STM32WBxx_HAL_Driver/Src/stm32wbxx_hal_cortex.o
 .text.__NVIC_GetPriorityGrouping
                0x000000000800190c       0x1c Drivers/STM32WBxx_HAL_Driver/Src/stm32wbxx_hal_cortex.o
 .text.__NVIC_EnableIRQ
                0x0000000008001928       0x3c Drivers/STM32WBxx_HAL_Driver/Src/stm32wbxx_hal_cortex.o
 .text.__NVIC_DisableIRQ
                0x0000000008001964       0x44 Drivers/STM32WBxx_HAL_Driver/Src/stm32wbxx_hal_cortex.o
 .text.__NVIC_SetPendingIRQ
                0x00000000080019a8       0x3c Drivers/STM32WBxx_HAL_Driver/Src/stm32wbxx_hal_cortex.o
 .text.__NVIC_ClearPendingIRQ
                0x00000000080019e4       0x3c Drivers/STM32WBxx_HAL_Driver/Src/stm32wbxx_hal_cortex.o
 .text.__NVIC_SetPriority
                0x0000000008001a20       0x54 Drivers/STM32WBxx_HAL_Driver/Src/stm32wbxx_hal_cortex.o
 .text.NVIC_EncodePriority
                0x0000000008001a74       0x66 Drivers/STM32WBxx_HAL_Driver/Src/stm32wbxx_hal_cortex.o
 *fill*         0x0000000008001ada        0x2 
 .text.SysTick_Config
                0x0000000008001adc       0x44 Drivers/STM32WBxx_HAL_Driver/Src/stm32wbxx_hal_cortex.o
 .text.HAL_NVIC_SetPriorityGrouping
                0x0000000008001b20       0x16 Drivers/STM32WBxx_HAL_Driver/Src/stm32wbxx_hal_cortex.o
                0x0000000008001b20                HAL_NVIC_SetPriorityGrouping
 .text.HAL_NVIC_SetPriority
                0x0000000008001b36       0x34 Drivers/STM32WBxx_HAL_Driver/Src/stm32wbxx_hal_cortex.o
                0x0000000008001b36                HAL_NVIC_SetPriority
 .text.HAL_NVIC_EnableIRQ
                0x0000000008001b6a       0x1c Drivers/STM32WBxx_HAL_Driver/Src/stm32wbxx_hal_cortex.o
                0x0000000008001b6a                HAL_NVIC_EnableIRQ
 .text.HAL_NVIC_DisableIRQ
                0x0000000008001b86       0x1c Drivers/STM32WBxx_HAL_Driver/Src/stm32wbxx_hal_cortex.o
                0x0000000008001b86                HAL_NVIC_DisableIRQ
 .text.HAL_SYSTICK_Config
                0x0000000008001ba2       0x18 Drivers/STM32WBxx_HAL_Driver/Src/stm32wbxx_hal_cortex.o
                0x0000000008001ba2                HAL_SYSTICK_Config
 .text.HAL_NVIC_SetPendingIRQ
                0x0000000008001bba       0x1c Drivers/STM32WBxx_HAL_Driver/Src/stm32wbxx_hal_cortex.o
                0x0000000008001bba                HAL_NVIC_SetPendingIRQ
 .text.HAL_NVIC_ClearPendingIRQ
                0x0000000008001bd6       0x1c Drivers/STM32WBxx_HAL_Driver/Src/stm32wbxx_hal_cortex.o
                0x0000000008001bd6                HAL_NVIC_ClearPendingIRQ
 *fill*         0x0000000008001bf2        0x2 
 .text.HAL_GPIO_Init
                0x0000000008001bf4      0x2e0 Drivers/STM32WBxx_HAL_Driver/Src/stm32wbxx_hal_gpio.o
                0x0000000008001bf4                HAL_GPIO_Init
 .text.HAL_GPIO_WritePin
                0x0000000008001ed4       0x30 Drivers/STM32WBxx_HAL_Driver/Src/stm32wbxx_hal_gpio.o
                0x0000000008001ed4                HAL_GPIO_WritePin
 .text.HAL_HSEM_IRQHandler
                0x0000000008001f04       0x34 Drivers/STM32WBxx_HAL_Driver/Src/stm32wbxx_hal_hsem.o
                0x0000000008001f04                HAL_HSEM_IRQHandler
 .text.HAL_HSEM_FreeCallback
                0x0000000008001f38       0x14 Drivers/STM32WBxx_HAL_Driver/Src/stm32wbxx_hal_hsem.o
                0x0000000008001f38                HAL_HSEM_FreeCallback
 .text.HAL_PWR_EnableBkUpAccess
                0x0000000008001f4c       0x20 Drivers/STM32WBxx_HAL_Driver/Src/stm32wbxx_hal_pwr.o
                0x0000000008001f4c                HAL_PWR_EnableBkUpAccess
 .text.HAL_PWREx_GetVoltageRange
                0x0000000008001f6c       0x1c Drivers/STM32WBxx_HAL_Driver/Src/stm32wbxx_hal_pwr_ex.o
                0x0000000008001f6c                HAL_PWREx_GetVoltageRange
 .text.LL_RCC_HSE_IsEnabledDiv2
                0x0000000008001f88       0x24 Drivers/STM32WBxx_HAL_Driver/Src/stm32wbxx_hal_rcc.o
 .text.LL_RCC_HSE_EnableBypass
                0x0000000008001fac       0x1e Drivers/STM32WBxx_HAL_Driver/Src/stm32wbxx_hal_rcc.o
 .text.LL_RCC_HSE_DisableBypass
                0x0000000008001fca       0x1e Drivers/STM32WBxx_HAL_Driver/Src/stm32wbxx_hal_rcc.o
 .text.LL_RCC_HSE_Enable
                0x0000000008001fe8       0x1e Drivers/STM32WBxx_HAL_Driver/Src/stm32wbxx_hal_rcc.o
 .text.LL_RCC_HSE_Disable
                0x0000000008002006       0x1e Drivers/STM32WBxx_HAL_Driver/Src/stm32wbxx_hal_rcc.o
 .text.LL_RCC_HSE_IsReady
                0x0000000008002024       0x24 Drivers/STM32WBxx_HAL_Driver/Src/stm32wbxx_hal_rcc.o
 .text.LL_RCC_HSI_Enable
                0x0000000008002048       0x1e Drivers/STM32WBxx_HAL_Driver/Src/stm32wbxx_hal_rcc.o
 .text.LL_RCC_HSI_Disable
                0x0000000008002066       0x1e Drivers/STM32WBxx_HAL_Driver/Src/stm32wbxx_hal_rcc.o
 .text.LL_RCC_HSI_IsReady
                0x0000000008002084       0x24 Drivers/STM32WBxx_HAL_Driver/Src/stm32wbxx_hal_rcc.o
 .text.LL_RCC_HSI_SetCalibTrimming
                0x00000000080020a8       0x2a Drivers/STM32WBxx_HAL_Driver/Src/stm32wbxx_hal_rcc.o
 .text.LL_RCC_HSI48_Enable
                0x00000000080020d2       0x22 Drivers/STM32WBxx_HAL_Driver/Src/stm32wbxx_hal_rcc.o
 .text.LL_RCC_HSI48_Disable
                0x00000000080020f4       0x22 Drivers/STM32WBxx_HAL_Driver/Src/stm32wbxx_hal_rcc.o
 .text.LL_RCC_HSI48_IsReady
                0x0000000008002116       0x24 Drivers/STM32WBxx_HAL_Driver/Src/stm32wbxx_hal_rcc.o
 .text.LL_RCC_LSE_Enable
                0x000000000800213a       0x22 Drivers/STM32WBxx_HAL_Driver/Src/stm32wbxx_hal_rcc.o
 .text.LL_RCC_LSE_Disable
                0x000000000800215c       0x22 Drivers/STM32WBxx_HAL_Driver/Src/stm32wbxx_hal_rcc.o
 .text.LL_RCC_LSE_EnableBypass
                0x000000000800217e       0x22 Drivers/STM32WBxx_HAL_Driver/Src/stm32wbxx_hal_rcc.o
 .text.LL_RCC_LSE_DisableBypass
                0x00000000080021a0       0x22 Drivers/STM32WBxx_HAL_Driver/Src/stm32wbxx_hal_rcc.o
 .text.LL_RCC_LSE_IsReady
                0x00000000080021c2       0x24 Drivers/STM32WBxx_HAL_Driver/Src/stm32wbxx_hal_rcc.o
 .text.LL_RCC_LSI1_Enable
                0x00000000080021e6       0x22 Drivers/STM32WBxx_HAL_Driver/Src/stm32wbxx_hal_rcc.o
 .text.LL_RCC_LSI1_Disable
                0x0000000008002208       0x22 Drivers/STM32WBxx_HAL_Driver/Src/stm32wbxx_hal_rcc.o
 .text.LL_RCC_LSI1_IsReady
                0x000000000800222a       0x24 Drivers/STM32WBxx_HAL_Driver/Src/stm32wbxx_hal_rcc.o
 .text.LL_RCC_LSI2_Enable
                0x000000000800224e       0x22 Drivers/STM32WBxx_HAL_Driver/Src/stm32wbxx_hal_rcc.o
 .text.LL_RCC_LSI2_Disable
                0x0000000008002270       0x22 Drivers/STM32WBxx_HAL_Driver/Src/stm32wbxx_hal_rcc.o
 .text.LL_RCC_LSI2_IsReady
                0x0000000008002292       0x24 Drivers/STM32WBxx_HAL_Driver/Src/stm32wbxx_hal_rcc.o
 .text.LL_RCC_LSI2_SetTrimming
                0x00000000080022b6       0x2e Drivers/STM32WBxx_HAL_Driver/Src/stm32wbxx_hal_rcc.o
 .text.LL_RCC_MSI_Enable
                0x00000000080022e4       0x1e Drivers/STM32WBxx_HAL_Driver/Src/stm32wbxx_hal_rcc.o
 .text.LL_RCC_MSI_Disable
                0x0000000008002302       0x1e Drivers/STM32WBxx_HAL_Driver/Src/stm32wbxx_hal_rcc.o
 .text.LL_RCC_MSI_IsReady
                0x0000000008002320       0x22 Drivers/STM32WBxx_HAL_Driver/Src/stm32wbxx_hal_rcc.o
 .text.LL_RCC_MSI_SetRange
                0x0000000008002342       0x28 Drivers/STM32WBxx_HAL_Driver/Src/stm32wbxx_hal_rcc.o
 .text.LL_RCC_MSI_GetRange
                0x000000000800236a       0x2a Drivers/STM32WBxx_HAL_Driver/Src/stm32wbxx_hal_rcc.o
 .text.LL_RCC_MSI_SetCalibTrimming
                0x0000000008002394       0x2a Drivers/STM32WBxx_HAL_Driver/Src/stm32wbxx_hal_rcc.o
 .text.LL_RCC_SetSysClkSource
                0x00000000080023be       0x28 Drivers/STM32WBxx_HAL_Driver/Src/stm32wbxx_hal_rcc.o
 .text.LL_RCC_GetSysClkSource
                0x00000000080023e6       0x18 Drivers/STM32WBxx_HAL_Driver/Src/stm32wbxx_hal_rcc.o
 .text.LL_RCC_SetAHBPrescaler
                0x00000000080023fe       0x28 Drivers/STM32WBxx_HAL_Driver/Src/stm32wbxx_hal_rcc.o
 .text.LL_C2_RCC_SetAHBPrescaler
                0x0000000008002426       0x2c Drivers/STM32WBxx_HAL_Driver/Src/stm32wbxx_hal_rcc.o
 .text.LL_RCC_SetAHB4Prescaler
                0x0000000008002452       0x2e Drivers/STM32WBxx_HAL_Driver/Src/stm32wbxx_hal_rcc.o
 .text.LL_RCC_SetAPB1Prescaler
                0x0000000008002480       0x28 Drivers/STM32WBxx_HAL_Driver/Src/stm32wbxx_hal_rcc.o
 .text.LL_RCC_SetAPB2Prescaler
                0x00000000080024a8       0x28 Drivers/STM32WBxx_HAL_Driver/Src/stm32wbxx_hal_rcc.o
 .text.LL_RCC_GetAHBPrescaler
                0x00000000080024d0       0x18 Drivers/STM32WBxx_HAL_Driver/Src/stm32wbxx_hal_rcc.o
 .text.LL_RCC_GetAHB4Prescaler
                0x00000000080024e8       0x1c Drivers/STM32WBxx_HAL_Driver/Src/stm32wbxx_hal_rcc.o
 .text.LL_RCC_PLL_Enable
                0x0000000008002504       0x1e Drivers/STM32WBxx_HAL_Driver/Src/stm32wbxx_hal_rcc.o
 .text.LL_RCC_PLL_Disable
                0x0000000008002522       0x1e Drivers/STM32WBxx_HAL_Driver/Src/stm32wbxx_hal_rcc.o
 .text.LL_RCC_PLL_IsReady
                0x0000000008002540       0x24 Drivers/STM32WBxx_HAL_Driver/Src/stm32wbxx_hal_rcc.o
 .text.LL_RCC_PLL_GetN
                0x0000000008002564       0x1a Drivers/STM32WBxx_HAL_Driver/Src/stm32wbxx_hal_rcc.o
 .text.LL_RCC_PLL_GetR
                0x000000000800257e       0x18 Drivers/STM32WBxx_HAL_Driver/Src/stm32wbxx_hal_rcc.o
 .text.LL_RCC_PLL_GetDivider
                0x0000000008002596       0x18 Drivers/STM32WBxx_HAL_Driver/Src/stm32wbxx_hal_rcc.o
 .text.LL_RCC_PLL_GetMainSource
                0x00000000080025ae       0x18 Drivers/STM32WBxx_HAL_Driver/Src/stm32wbxx_hal_rcc.o
 .text.LL_RCC_IsActiveFlag_HPRE
                0x00000000080025c6       0x24 Drivers/STM32WBxx_HAL_Driver/Src/stm32wbxx_hal_rcc.o
 .text.LL_RCC_IsActiveFlag_C2HPRE
                0x00000000080025ea       0x26 Drivers/STM32WBxx_HAL_Driver/Src/stm32wbxx_hal_rcc.o
 .text.LL_RCC_IsActiveFlag_SHDHPRE
                0x0000000008002610       0x26 Drivers/STM32WBxx_HAL_Driver/Src/stm32wbxx_hal_rcc.o
 .text.LL_RCC_IsActiveFlag_PPRE1
                0x0000000008002636       0x24 Drivers/STM32WBxx_HAL_Driver/Src/stm32wbxx_hal_rcc.o
 .text.LL_RCC_IsActiveFlag_PPRE2
                0x000000000800265a       0x24 Drivers/STM32WBxx_HAL_Driver/Src/stm32wbxx_hal_rcc.o
 *fill*         0x000000000800267e        0x2 
 .text.HAL_RCC_OscConfig
                0x0000000008002680      0x728 Drivers/STM32WBxx_HAL_Driver/Src/stm32wbxx_hal_rcc.o
                0x0000000008002680                HAL_RCC_OscConfig
 .text.HAL_RCC_ClockConfig
                0x0000000008002da8      0x278 Drivers/STM32WBxx_HAL_Driver/Src/stm32wbxx_hal_rcc.o
                0x0000000008002da8                HAL_RCC_ClockConfig
 .text.HAL_RCC_GetSysClockFreq
                0x0000000008003020       0xd4 Drivers/STM32WBxx_HAL_Driver/Src/stm32wbxx_hal_rcc.o
                0x0000000008003020                HAL_RCC_GetSysClockFreq
 .text.HAL_RCC_GetHCLKFreq
                0x00000000080030f4       0x28 Drivers/STM32WBxx_HAL_Driver/Src/stm32wbxx_hal_rcc.o
                0x00000000080030f4                HAL_RCC_GetHCLKFreq
 .text.RCC_SetFlashLatencyFromMSIRange
                0x000000000800311c       0x70 Drivers/STM32WBxx_HAL_Driver/Src/stm32wbxx_hal_rcc.o
 .text.RCC_SetFlashLatency
                0x000000000800318c      0x100 Drivers/STM32WBxx_HAL_Driver/Src/stm32wbxx_hal_rcc.o
 .text.LL_RCC_LSE_IsEnabled
                0x000000000800328c       0x24 Drivers/STM32WBxx_HAL_Driver/Src/stm32wbxx_hal_rcc_ex.o
 .text.LL_RCC_LSE_IsReady
                0x00000000080032b0       0x24 Drivers/STM32WBxx_HAL_Driver/Src/stm32wbxx_hal_rcc_ex.o
 .text.LL_RCC_SetRFWKPClockSource
                0x00000000080032d4       0x2c Drivers/STM32WBxx_HAL_Driver/Src/stm32wbxx_hal_rcc_ex.o
 .text.LL_RCC_SetSMPSClockSource
                0x0000000008003300       0x28 Drivers/STM32WBxx_HAL_Driver/Src/stm32wbxx_hal_rcc_ex.o
 .text.LL_RCC_SetSMPSPrescaler
                0x0000000008003328       0x28 Drivers/STM32WBxx_HAL_Driver/Src/stm32wbxx_hal_rcc_ex.o
 .text.LL_RCC_SetUSARTClockSource
                0x0000000008003350       0x2c Drivers/STM32WBxx_HAL_Driver/Src/stm32wbxx_hal_rcc_ex.o
 .text.LL_RCC_SetLPUARTClockSource
                0x000000000800337c       0x2c Drivers/STM32WBxx_HAL_Driver/Src/stm32wbxx_hal_rcc_ex.o
 .text.LL_RCC_SetI2CClockSource
                0x00000000080033a8       0x3a Drivers/STM32WBxx_HAL_Driver/Src/stm32wbxx_hal_rcc_ex.o
 .text.LL_RCC_SetLPTIMClockSource
                0x00000000080033e2       0x34 Drivers/STM32WBxx_HAL_Driver/Src/stm32wbxx_hal_rcc_ex.o
 .text.LL_RCC_SetSAIClockSource
                0x0000000008003416       0x2c Drivers/STM32WBxx_HAL_Driver/Src/stm32wbxx_hal_rcc_ex.o
 .text.LL_RCC_SetRNGClockSource
                0x0000000008003442       0x2c Drivers/STM32WBxx_HAL_Driver/Src/stm32wbxx_hal_rcc_ex.o
 .text.LL_RCC_SetCLK48ClockSource
                0x000000000800346e       0x2c Drivers/STM32WBxx_HAL_Driver/Src/stm32wbxx_hal_rcc_ex.o
 .text.LL_RCC_SetUSBClockSource
                0x000000000800349a       0x16 Drivers/STM32WBxx_HAL_Driver/Src/stm32wbxx_hal_rcc_ex.o
 .text.LL_RCC_SetADCClockSource
                0x00000000080034b0       0x2c Drivers/STM32WBxx_HAL_Driver/Src/stm32wbxx_hal_rcc_ex.o
 .text.LL_RCC_SetRTCClockSource
                0x00000000080034dc       0x2c Drivers/STM32WBxx_HAL_Driver/Src/stm32wbxx_hal_rcc_ex.o
 .text.LL_RCC_GetRTCClockSource
                0x0000000008003508       0x1a Drivers/STM32WBxx_HAL_Driver/Src/stm32wbxx_hal_rcc_ex.o
 .text.LL_RCC_ForceBackupDomainReset
                0x0000000008003522       0x22 Drivers/STM32WBxx_HAL_Driver/Src/stm32wbxx_hal_rcc_ex.o
 .text.LL_RCC_ReleaseBackupDomainReset
                0x0000000008003544       0x22 Drivers/STM32WBxx_HAL_Driver/Src/stm32wbxx_hal_rcc_ex.o
 .text.LL_RCC_PLLSAI1_Enable
                0x0000000008003566       0x1e Drivers/STM32WBxx_HAL_Driver/Src/stm32wbxx_hal_rcc_ex.o
 .text.LL_RCC_PLLSAI1_Disable
                0x0000000008003584       0x1e Drivers/STM32WBxx_HAL_Driver/Src/stm32wbxx_hal_rcc_ex.o
 .text.LL_RCC_PLLSAI1_IsReady
                0x00000000080035a2       0x24 Drivers/STM32WBxx_HAL_Driver/Src/stm32wbxx_hal_rcc_ex.o
 .text.HAL_RCCEx_PeriphCLKConfig
                0x00000000080035c6      0x2ea Drivers/STM32WBxx_HAL_Driver/Src/stm32wbxx_hal_rcc_ex.o
                0x00000000080035c6                HAL_RCCEx_PeriphCLKConfig
 .text.RCCEx_PLLSAI1_ConfigNP
                0x00000000080038b0       0xb6 Drivers/STM32WBxx_HAL_Driver/Src/stm32wbxx_hal_rcc_ex.o
 .text.RCCEx_PLLSAI1_ConfigNQ
                0x0000000008003966       0xb6 Drivers/STM32WBxx_HAL_Driver/Src/stm32wbxx_hal_rcc_ex.o
 .text.RCCEx_PLLSAI1_ConfigNR
                0x0000000008003a1c       0xb6 Drivers/STM32WBxx_HAL_Driver/Src/stm32wbxx_hal_rcc_ex.o
 .text.HAL_RTC_Init
                0x0000000008003ad2      0x13c Drivers/STM32WBxx_HAL_Driver/Src/stm32wbxx_hal_rtc.o
                0x0000000008003ad2                HAL_RTC_Init
 .text.HAL_RTC_WaitForSynchro
                0x0000000008003c0e       0x4c Drivers/STM32WBxx_HAL_Driver/Src/stm32wbxx_hal_rtc.o
                0x0000000008003c0e                HAL_RTC_WaitForSynchro
 .text.RTC_EnterInitMode
                0x0000000008003c5a       0x54 Drivers/STM32WBxx_HAL_Driver/Src/stm32wbxx_hal_rtc.o
                0x0000000008003c5a                RTC_EnterInitMode
 *fill*         0x0000000008003cae        0x2 
 .text.HAL_RTCEx_SetWakeUpTimer_IT
                0x0000000008003cb0      0x178 Drivers/STM32WBxx_HAL_Driver/Src/stm32wbxx_hal_rtc_ex.o
                0x0000000008003cb0                HAL_RTCEx_SetWakeUpTimer_IT
 .text.HAL_RTCEx_WakeUpTimerIRQHandler
                0x0000000008003e28       0x4c Drivers/STM32WBxx_HAL_Driver/Src/stm32wbxx_hal_rtc_ex.o
                0x0000000008003e28                HAL_RTCEx_WakeUpTimerIRQHandler
 .text.HAL_RTCEx_WakeUpTimerEventCallback
                0x0000000008003e74       0x14 Drivers/STM32WBxx_HAL_Driver/Src/stm32wbxx_hal_rtc_ex.o
                0x0000000008003e74                HAL_RTCEx_WakeUpTimerEventCallback
 .text.aci_gap_set_non_discoverable
                0x0000000008003e88       0x48 Middlewares/ST/STM32_WPAN/ble/core/auto/ble_gap_aci.o
                0x0000000008003e88                aci_gap_set_non_discoverable
 .text.aci_gap_set_discoverable
                0x0000000008003ed0      0x1bc Middlewares/ST/STM32_WPAN/ble/core/auto/ble_gap_aci.o
                0x0000000008003ed0                aci_gap_set_discoverable
 .text.aci_gap_set_io_capability
                0x000000000800408c       0x94 Middlewares/ST/STM32_WPAN/ble/core/auto/ble_gap_aci.o
                0x000000000800408c                aci_gap_set_io_capability
 .text.aci_gap_set_authentication_requirement
                0x0000000008004120      0x150 Middlewares/ST/STM32_WPAN/ble/core/auto/ble_gap_aci.o
                0x0000000008004120                aci_gap_set_authentication_requirement
 .text.aci_gap_init
                0x0000000008004270      0x116 Middlewares/ST/STM32_WPAN/ble/core/auto/ble_gap_aci.o
                0x0000000008004270                aci_gap_init
 .text.aci_gap_update_adv_data
                0x0000000008004386       0xb8 Middlewares/ST/STM32_WPAN/ble/core/auto/ble_gap_aci.o
                0x0000000008004386                aci_gap_update_adv_data
 .text.aci_gap_configure_whitelist
                0x000000000800443e       0x48 Middlewares/ST/STM32_WPAN/ble/core/auto/ble_gap_aci.o
                0x000000000800443e                aci_gap_configure_whitelist
 .text.aci_gatt_init
                0x0000000008004486       0x4a Middlewares/ST/STM32_WPAN/ble/core/auto/ble_gatt_aci.o
                0x0000000008004486                aci_gatt_init
 .text.aci_gatt_add_service
                0x00000000080044d0      0x15e Middlewares/ST/STM32_WPAN/ble/core/auto/ble_gatt_aci.o
                0x00000000080044d0                aci_gatt_add_service
 .text.aci_gatt_add_char
                0x000000000800462e      0x1d4 Middlewares/ST/STM32_WPAN/ble/core/auto/ble_gatt_aci.o
                0x000000000800462e                aci_gatt_add_char
 .text.aci_gatt_update_char_value
                0x0000000008004802      0x10e Middlewares/ST/STM32_WPAN/ble/core/auto/ble_gatt_aci.o
                0x0000000008004802                aci_gatt_update_char_value
 .text.aci_hal_write_config_data
                0x0000000008004910       0xd2 Middlewares/ST/STM32_WPAN/ble/core/auto/ble_hal_aci.o
                0x0000000008004910                aci_hal_write_config_data
 .text.aci_hal_set_tx_power_level
                0x00000000080049e2       0xae Middlewares/ST/STM32_WPAN/ble/core/auto/ble_hal_aci.o
                0x00000000080049e2                aci_hal_set_tx_power_level
 .text.aci_hal_set_radio_activity_mask
                0x0000000008004a90       0x94 Middlewares/ST/STM32_WPAN/ble/core/auto/ble_hal_aci.o
                0x0000000008004a90                aci_hal_set_radio_activity_mask
 .text.hci_reset
                0x0000000008004b24       0x48 Middlewares/ST/STM32_WPAN/ble/core/auto/ble_hci_le.o
                0x0000000008004b24                hci_reset
 .text.hci_le_read_phy
                0x0000000008004b6c       0xd0 Middlewares/ST/STM32_WPAN/ble/core/auto/ble_hci_le.o
                0x0000000008004b6c                hci_le_read_phy
 .text.hci_le_set_default_phy
                0x0000000008004c3c       0xce Middlewares/ST/STM32_WPAN/ble/core/auto/ble_hci_le.o
                0x0000000008004c3c                hci_le_set_default_phy
 .text.Osal_MemCpy
                0x0000000008004d0a       0x20 Middlewares/ST/STM32_WPAN/ble/core/template/osal.o
                0x0000000008004d0a                Osal_MemCpy
 .text.Osal_MemSet
                0x0000000008004d2a       0x20 Middlewares/ST/STM32_WPAN/ble/core/template/osal.o
                0x0000000008004d2a                Osal_MemSet
 *fill*         0x0000000008004d4a        0x2 
 .text.PeerToPeer_Event_Handler
                0x0000000008004d4c       0xc4 Middlewares/ST/STM32_WPAN/ble/svc/Src/p2p_stm.o
 .text.P2PS_STM_Init
                0x0000000008004e10      0x140 Middlewares/ST/STM32_WPAN/ble/svc/Src/p2p_stm.o
                0x0000000008004e10                P2PS_STM_Init
 .text.BLS_Init
                0x0000000008004f50        0xe Middlewares/ST/STM32_WPAN/ble/svc/Src/svc_ctl.o
                0x0000000008004f50                BLS_Init
 .text.CRS_STM_Init
                0x0000000008004f5e        0xe Middlewares/ST/STM32_WPAN/ble/svc/Src/svc_ctl.o
                0x0000000008004f5e                CRS_STM_Init
 .text.DIS_Init
                0x0000000008004f6c        0xe Middlewares/ST/STM32_WPAN/ble/svc/Src/svc_ctl.o
                0x0000000008004f6c                DIS_Init
 .text.EDS_STM_Init
                0x0000000008004f7a        0xe Middlewares/ST/STM32_WPAN/ble/svc/Src/svc_ctl.o
                0x0000000008004f7a                EDS_STM_Init
 .text.HIDS_Init
                0x0000000008004f88        0xe Middlewares/ST/STM32_WPAN/ble/svc/Src/svc_ctl.o
                0x0000000008004f88                HIDS_Init
 .text.HRS_Init
                0x0000000008004f96        0xe Middlewares/ST/STM32_WPAN/ble/svc/Src/svc_ctl.o
                0x0000000008004f96                HRS_Init
 .text.HTS_Init
                0x0000000008004fa4        0xe Middlewares/ST/STM32_WPAN/ble/svc/Src/svc_ctl.o
                0x0000000008004fa4                HTS_Init
 .text.IAS_Init
                0x0000000008004fb2        0xe Middlewares/ST/STM32_WPAN/ble/svc/Src/svc_ctl.o
                0x0000000008004fb2                IAS_Init
 .text.LLS_Init
                0x0000000008004fc0        0xe Middlewares/ST/STM32_WPAN/ble/svc/Src/svc_ctl.o
                0x0000000008004fc0                LLS_Init
 .text.TPS_Init
                0x0000000008004fce        0xe Middlewares/ST/STM32_WPAN/ble/svc/Src/svc_ctl.o
                0x0000000008004fce                TPS_Init
 .text.MOTENV_STM_Init
                0x0000000008004fdc        0xe Middlewares/ST/STM32_WPAN/ble/svc/Src/svc_ctl.o
                0x0000000008004fdc                MOTENV_STM_Init
 .text.OTAS_STM_Init
                0x0000000008004fea        0xe Middlewares/ST/STM32_WPAN/ble/svc/Src/svc_ctl.o
                0x0000000008004fea                OTAS_STM_Init
 .text.MESH_Init
                0x0000000008004ff8        0xe Middlewares/ST/STM32_WPAN/ble/svc/Src/svc_ctl.o
                0x0000000008004ff8                MESH_Init
 .text.BVOPUS_STM_Init
                0x0000000008005006        0xe Middlewares/ST/STM32_WPAN/ble/svc/Src/svc_ctl.o
                0x0000000008005006                BVOPUS_STM_Init
 .text.SVCCTL_InitCustomSvc
                0x0000000008005014        0xe Middlewares/ST/STM32_WPAN/ble/svc/Src/svc_ctl.o
                0x0000000008005014                SVCCTL_InitCustomSvc
 *fill*         0x0000000008005022        0x2 
 .text.SVCCTL_Init
                0x0000000008005024       0x20 Middlewares/ST/STM32_WPAN/ble/svc/Src/svc_ctl.o
                0x0000000008005024                SVCCTL_Init
 .text.SVCCTL_SvcInit
                0x0000000008005044       0x48 Middlewares/ST/STM32_WPAN/ble/svc/Src/svc_ctl.o
                0x0000000008005044                SVCCTL_SvcInit
 .text.SVCCTL_RegisterSvcHandler
                0x000000000800508c       0x34 Middlewares/ST/STM32_WPAN/ble/svc/Src/svc_ctl.o
                0x000000000800508c                SVCCTL_RegisterSvcHandler
 .text.SVCCTL_UserEvtRx
                0x00000000080050c0       0xa4 Middlewares/ST/STM32_WPAN/ble/svc/Src/svc_ctl.o
                0x00000000080050c0                SVCCTL_UserEvtRx
 .text.SHCI_C2_BLE_Init
                0x0000000008005164       0x2e Middlewares/ST/STM32_WPAN/interface/patterns/ble_thread/shci/shci.o
                0x0000000008005164                SHCI_C2_BLE_Init
 .text.SHCI_C2_DEBUG_Init
                0x0000000008005192       0x2e Middlewares/ST/STM32_WPAN/interface/patterns/ble_thread/shci/shci.o
                0x0000000008005192                SHCI_C2_DEBUG_Init
 .text.hci_init
                0x00000000080051c0       0x38 Middlewares/ST/STM32_WPAN/interface/patterns/ble_thread/tl/hci_tl.o
                0x00000000080051c0                hci_init
 .text.hci_user_evt_proc
                0x00000000080051f8       0xa4 Middlewares/ST/STM32_WPAN/interface/patterns/ble_thread/tl/hci_tl.o
                0x00000000080051f8                hci_user_evt_proc
 .text.hci_send_req
                0x000000000800529c      0x104 Middlewares/ST/STM32_WPAN/interface/patterns/ble_thread/tl/hci_tl.o
                0x000000000800529c                hci_send_req
 .text.TlInit   0x00000000080053a0       0x60 Middlewares/ST/STM32_WPAN/interface/patterns/ble_thread/tl/hci_tl.o
 .text.SendCmd  0x0000000008005400       0x58 Middlewares/ST/STM32_WPAN/interface/patterns/ble_thread/tl/hci_tl.o
 .text.NotifyCmdStatus
                0x0000000008005458       0x40 Middlewares/ST/STM32_WPAN/interface/patterns/ble_thread/tl/hci_tl.o
 .text.TlEvtReceived
                0x0000000008005498       0x48 Middlewares/ST/STM32_WPAN/interface/patterns/ble_thread/tl/hci_tl.o
 .text.OutputCmdTrace
                0x00000000080054e0       0x14 Middlewares/ST/STM32_WPAN/interface/patterns/ble_thread/tl/hci_tl.o
 .text.OutputRspTrace
                0x00000000080054f4       0x28 Middlewares/ST/STM32_WPAN/interface/patterns/ble_thread/tl/hci_tl.o
 .text.OutputEvtTrace
                0x000000000800551c       0x1e Middlewares/ST/STM32_WPAN/interface/patterns/ble_thread/tl/hci_tl.o
 *fill*         0x000000000800553a        0x2 
 .text.hci_register_io_bus
                0x000000000800553c       0x28 Middlewares/ST/STM32_WPAN/interface/patterns/ble_thread/tl/hci_tl_if.o
                0x000000000800553c                hci_register_io_bus
 .text.shci_init
                0x0000000008005564       0x38 Middlewares/ST/STM32_WPAN/interface/patterns/ble_thread/tl/shci_tl.o
                0x0000000008005564                shci_init
 .text.shci_user_evt_proc
                0x000000000800559c       0xa4 Middlewares/ST/STM32_WPAN/interface/patterns/ble_thread/tl/shci_tl.o
                0x000000000800559c                shci_user_evt_proc
 .text.shci_send
                0x0000000008005640       0x8c Middlewares/ST/STM32_WPAN/interface/patterns/ble_thread/tl/shci_tl.o
                0x0000000008005640                shci_send
 .text.TlInit   0x00000000080056cc       0x64 Middlewares/ST/STM32_WPAN/interface/patterns/ble_thread/tl/shci_tl.o
 .text.Cmd_SetStatus
                0x0000000008005730       0x50 Middlewares/ST/STM32_WPAN/interface/patterns/ble_thread/tl/shci_tl.o
 .text.TlCmdEvtReceived
                0x0000000008005780       0x16 Middlewares/ST/STM32_WPAN/interface/patterns/ble_thread/tl/shci_tl.o
 *fill*         0x0000000008005796        0x2 
 .text.TlUserEvtReceived
                0x0000000008005798       0x24 Middlewares/ST/STM32_WPAN/interface/patterns/ble_thread/tl/shci_tl.o
 .text.OutputCmdTrace
                0x00000000080057bc       0x14 Middlewares/ST/STM32_WPAN/interface/patterns/ble_thread/tl/shci_tl.o
 .text.OutputRspTrace
                0x00000000080057d0       0x20 Middlewares/ST/STM32_WPAN/interface/patterns/ble_thread/tl/shci_tl.o
 .text.OutputEvtTrace
                0x00000000080057f0       0x1e Middlewares/ST/STM32_WPAN/interface/patterns/ble_thread/tl/shci_tl.o
 *fill*         0x000000000800580e        0x2 
 .text.shci_register_io_bus
                0x0000000008005810       0x28 Middlewares/ST/STM32_WPAN/interface/patterns/ble_thread/tl/shci_tl_if.o
                0x0000000008005810                shci_register_io_bus
 .text.TL_Enable
                0x0000000008005838        0xc Middlewares/ST/STM32_WPAN/interface/patterns/ble_thread/tl/tl_mbox.o
                0x0000000008005838                TL_Enable
 .text.TL_Init  0x0000000008005844       0x74 Middlewares/ST/STM32_WPAN/interface/patterns/ble_thread/tl/tl_mbox.o
                0x0000000008005844                TL_Init
 .text.TL_BLE_Init
                0x00000000080058b8       0x68 Middlewares/ST/STM32_WPAN/interface/patterns/ble_thread/tl/tl_mbox.o
                0x00000000080058b8                TL_BLE_Init
 .text.TL_BLE_SendCmd
                0x0000000008005920       0x28 Middlewares/ST/STM32_WPAN/interface/patterns/ble_thread/tl/tl_mbox.o
                0x0000000008005920                TL_BLE_SendCmd
 .text.TL_SYS_Init
                0x0000000008005948       0x54 Middlewares/ST/STM32_WPAN/interface/patterns/ble_thread/tl/tl_mbox.o
                0x0000000008005948                TL_SYS_Init
 .text.TL_SYS_SendCmd
                0x000000000800599c       0x28 Middlewares/ST/STM32_WPAN/interface/patterns/ble_thread/tl/tl_mbox.o
                0x000000000800599c                TL_SYS_SendCmd
 .text.TL_MM_Init
                0x00000000080059c4       0x78 Middlewares/ST/STM32_WPAN/interface/patterns/ble_thread/tl/tl_mbox.o
                0x00000000080059c4                TL_MM_Init
 .text.TL_MM_EvtDone
                0x0000000008005a3c       0x2c Middlewares/ST/STM32_WPAN/interface/patterns/ble_thread/tl/tl_mbox.o
                0x0000000008005a3c                TL_MM_EvtDone
 .text.SendFreeBuf
                0x0000000008005a68       0x40 Middlewares/ST/STM32_WPAN/interface/patterns/ble_thread/tl/tl_mbox.o
 .text.OutputMemReleaseTrace
                0x0000000008005aa8       0x30 Middlewares/ST/STM32_WPAN/interface/patterns/ble_thread/tl/tl_mbox.o
 .text.TL_TRACES_Init
                0x0000000008005ad8       0x24 Middlewares/ST/STM32_WPAN/interface/patterns/ble_thread/tl/tl_mbox.o
                0x0000000008005ad8                TL_TRACES_Init
 .text.OTP_Read
                0x0000000008005afc       0x50 Middlewares/ST/STM32_WPAN/utilities/otp.o
                0x0000000008005afc                OTP_Read
 .text.LST_init_head
                0x0000000008005b4c       0x20 Middlewares/ST/STM32_WPAN/utilities/stm_list.o
                0x0000000008005b4c                LST_init_head
 .text.LST_is_empty
                0x0000000008005b6c       0x40 Middlewares/ST/STM32_WPAN/utilities/stm_list.o
                0x0000000008005b6c                LST_is_empty
 .text.LST_insert_head
                0x0000000008005bac       0x48 Middlewares/ST/STM32_WPAN/utilities/stm_list.o
                0x0000000008005bac                LST_insert_head
 .text.LST_insert_tail
                0x0000000008005bf4       0x48 Middlewares/ST/STM32_WPAN/utilities/stm_list.o
                0x0000000008005bf4                LST_insert_tail
 .text.LST_remove_node
                0x0000000008005c3c       0x3e Middlewares/ST/STM32_WPAN/utilities/stm_list.o
                0x0000000008005c3c                LST_remove_node
 .text.LST_remove_head
                0x0000000008005c7a       0x3a Middlewares/ST/STM32_WPAN/utilities/stm_list.o
                0x0000000008005c7a                LST_remove_head
 .text.LL_FLASH_GetUDN
                0x0000000008005cb4       0x18 STM32_WPAN/App/app_ble.o
 .text.LL_FLASH_GetDeviceID
                0x0000000008005ccc       0x18 STM32_WPAN/App/app_ble.o
 .text.LL_FLASH_GetSTCompanyID
                0x0000000008005ce4       0x18 STM32_WPAN/App/app_ble.o
 .text.APP_BLE_Init
                0x0000000008005cfc       0xd0 STM32_WPAN/App/app_ble.o
                0x0000000008005cfc                APP_BLE_Init
 .text.SVCCTL_App_Notification
                0x0000000008005dcc      0x13c STM32_WPAN/App/app_ble.o
                0x0000000008005dcc                SVCCTL_App_Notification
 .text.Ble_Tl_Init
                0x0000000008005f08       0x2c STM32_WPAN/App/app_ble.o
 .text.Ble_Hci_Gap_Gatt_Init
                0x0000000008005f34      0x1b4 STM32_WPAN/App/app_ble.o
 .text.Adv_Request
                0x00000000080060e8       0xe4 STM32_WPAN/App/app_ble.o
 .text.BleGetBdAddress
                0x00000000080061cc       0x88 STM32_WPAN/App/app_ble.o
 .text.Adv_Cancel
                0x0000000008006254       0x34 STM32_WPAN/App/app_ble.o
 .text.Adv_Cancel_Req
                0x0000000008006288       0x10 STM32_WPAN/App/app_ble.o
 .text.Switch_OFF_GPIO
                0x0000000008006298        0xe STM32_WPAN/App/app_ble.o
 .text.hci_notify_asynch_evt
                0x00000000080062a6       0x18 STM32_WPAN/App/app_ble.o
                0x00000000080062a6                hci_notify_asynch_evt
 .text.hci_cmd_resp_release
                0x00000000080062be       0x16 STM32_WPAN/App/app_ble.o
                0x00000000080062be                hci_cmd_resp_release
 .text.hci_cmd_resp_wait
                0x00000000080062d4       0x16 STM32_WPAN/App/app_ble.o
                0x00000000080062d4                hci_cmd_resp_wait
 .text.BLE_UserEvtRx
                0x00000000080062ea       0x38 STM32_WPAN/App/app_ble.o
 .text.BLE_StatusNot
                0x0000000008006322       0x36 STM32_WPAN/App/app_ble.o
 .text.P2PS_STM_App_Notification
                0x0000000008006358       0x30 STM32_WPAN/App/p2p_server_app.o
                0x0000000008006358                P2PS_STM_App_Notification
 .text.P2PS_APP_Notification
                0x0000000008006388       0x28 STM32_WPAN/App/p2p_server_app.o
                0x0000000008006388                P2PS_APP_Notification
 .text.P2PS_APP_Init
                0x00000000080063b0        0xe STM32_WPAN/App/p2p_server_app.o
                0x00000000080063b0                P2PS_APP_Init
 *fill*         0x00000000080063be        0x2 
 .text.LL_PWR_EnableBootC2
                0x00000000080063c0       0x20 STM32_WPAN/Target/hw_ipcc.o
 .text.LL_C2_EXTI_EnableEvent_32_63
                0x00000000080063e0       0x28 STM32_WPAN/Target/hw_ipcc.o
 .text.LL_EXTI_EnableRisingTrig_32_63
                0x0000000008006408       0x24 STM32_WPAN/Target/hw_ipcc.o
 .text.LL_AHB3_GRP1_EnableClock
                0x000000000800642c       0x32 STM32_WPAN/Target/hw_ipcc.o
 .text.LL_C1_IPCC_EnableIT_TXF
                0x000000000800645e       0x20 STM32_WPAN/Target/hw_ipcc.o
 .text.LL_C1_IPCC_EnableIT_RXO
                0x000000000800647e       0x20 STM32_WPAN/Target/hw_ipcc.o
 .text.LL_C1_IPCC_EnableTransmitChannel
                0x000000000800649e       0x26 STM32_WPAN/Target/hw_ipcc.o
 .text.LL_C1_IPCC_EnableReceiveChannel
                0x00000000080064c4       0x24 STM32_WPAN/Target/hw_ipcc.o
 .text.LL_C1_IPCC_SetFlag_CHx
                0x00000000080064e8       0x1e STM32_WPAN/Target/hw_ipcc.o
 .text.LL_C1_IPCC_IsActiveFlag_CHx
                0x0000000008006506       0x2a STM32_WPAN/Target/hw_ipcc.o
 .text.HW_IPCC_Enable
                0x0000000008006530       0x20 STM32_WPAN/Target/hw_ipcc.o
                0x0000000008006530                HW_IPCC_Enable
 .text.HW_IPCC_Init
                0x0000000008006550       0x2c STM32_WPAN/Target/hw_ipcc.o
                0x0000000008006550                HW_IPCC_Init
 .text.HW_IPCC_BLE_Init
                0x000000000800657c       0x14 STM32_WPAN/Target/hw_ipcc.o
                0x000000000800657c                HW_IPCC_BLE_Init
 .text.HW_IPCC_BLE_SendCmd
                0x0000000008006590       0x14 STM32_WPAN/Target/hw_ipcc.o
                0x0000000008006590                HW_IPCC_BLE_SendCmd
 .text.HW_IPCC_SYS_Init
                0x00000000080065a4       0x14 STM32_WPAN/Target/hw_ipcc.o
                0x00000000080065a4                HW_IPCC_SYS_Init
 .text.HW_IPCC_SYS_SendCmd
                0x00000000080065b8       0x1c STM32_WPAN/Target/hw_ipcc.o
                0x00000000080065b8                HW_IPCC_SYS_SendCmd
 .text.HW_IPCC_MM_SendFreeBuf
                0x00000000080065d4       0x44 STM32_WPAN/Target/hw_ipcc.o
                0x00000000080065d4                HW_IPCC_MM_SendFreeBuf
 .text.HW_IPCC_TRACES_Init
                0x0000000008006618       0x14 STM32_WPAN/Target/hw_ipcc.o
                0x0000000008006618                HW_IPCC_TRACES_Init
 .text.UTIL_LPM_Init
                0x000000000800662c       0x24 Utilities/lpm/tiny_lpm/stm32_lpm.o
                0x000000000800662c                UTIL_LPM_Init
 .text.UTIL_LPM_SetOffMode
                0x0000000008006650       0x5c Utilities/lpm/tiny_lpm/stm32_lpm.o
                0x0000000008006650                UTIL_LPM_SetOffMode
 .text.UTIL_SEQ_Run
                0x00000000080066ac      0x1c0 Utilities/sequencer/stm32_seq.o
                0x00000000080066ac                UTIL_SEQ_Run
 .text.UTIL_SEQ_RegTask
                0x000000000800686c       0x40 Utilities/sequencer/stm32_seq.o
                0x000000000800686c                UTIL_SEQ_RegTask
 .text.UTIL_SEQ_SetTask
                0x00000000080068ac       0x54 Utilities/sequencer/stm32_seq.o
                0x00000000080068ac                UTIL_SEQ_SetTask
 .text.UTIL_SEQ_PauseTask
                0x0000000008006900       0x3c Utilities/sequencer/stm32_seq.o
                0x0000000008006900                UTIL_SEQ_PauseTask
 .text.UTIL_SEQ_ResumeTask
                0x000000000800693c       0x3c Utilities/sequencer/stm32_seq.o
                0x000000000800693c                UTIL_SEQ_ResumeTask
 .text.UTIL_SEQ_SetEvt
                0x0000000008006978       0x3c Utilities/sequencer/stm32_seq.o
                0x0000000008006978                UTIL_SEQ_SetEvt
 .text.UTIL_SEQ_WaitEvt
                0x00000000080069b4       0x84 Utilities/sequencer/stm32_seq.o
                0x00000000080069b4                UTIL_SEQ_WaitEvt
 .text.UTIL_SEQ_PreIdle
                0x0000000008006a38        0xe Utilities/sequencer/stm32_seq.o
                0x0000000008006a38                UTIL_SEQ_PreIdle
 .text.UTIL_SEQ_PostIdle
                0x0000000008006a46        0xe Utilities/sequencer/stm32_seq.o
                0x0000000008006a46                UTIL_SEQ_PostIdle
 .text.SEQ_BitPosition
                0x0000000008006a54       0x74 Utilities/sequencer/stm32_seq.o
                0x0000000008006a54                SEQ_BitPosition
 .text.__libc_init_array
                0x0000000008006ac8       0x48 /opt/st/stm32cubeide_1.4.0/plugins/com.st.stm32cube.ide.mcu.externaltools.gnu-tools-for-stm32.7-2018-q2-update.linux64_1.4.0.202007081208/tools/bin/../lib/gcc/arm-none-eabi/7.3.1/../../../../arm-none-eabi/lib/thumb/v7e-m/fpv4-sp/hard/libc_nano.a(lib_a-init.o)
                0x0000000008006ac8                __libc_init_array
 .text.memcpy   0x0000000008006b10       0x16 /opt/st/stm32cubeide_1.4.0/plugins/com.st.stm32cube.ide.mcu.externaltools.gnu-tools-for-stm32.7-2018-q2-update.linux64_1.4.0.202007081208/tools/bin/../lib/gcc/arm-none-eabi/7.3.1/../../../../arm-none-eabi/lib/thumb/v7e-m/fpv4-sp/hard/libc_nano.a(lib_a-memcpy-stub.o)
                0x0000000008006b10                memcpy
 .text.memset   0x0000000008006b26       0x10 /opt/st/stm32cubeide_1.4.0/plugins/com.st.stm32cube.ide.mcu.externaltools.gnu-tools-for-stm32.7-2018-q2-update.linux64_1.4.0.202007081208/tools/bin/../lib/gcc/arm-none-eabi/7.3.1/../../../../arm-none-eabi/lib/thumb/v7e-m/fpv4-sp/hard/libc_nano.a(lib_a-memset.o)
                0x0000000008006b26                memset
 *(.glue_7)
 .glue_7        0x0000000008006b36        0x0 linker stubs
 *(.glue_7t)
 .glue_7t       0x0000000008006b36        0x0 linker stubs
 *(.eh_frame)
 *fill*         0x0000000008006b36        0x2 
 .eh_frame      0x0000000008006b38        0x0 /opt/st/stm32cubeide_1.4.0/plugins/com.st.stm32cube.ide.mcu.externaltools.gnu-tools-for-stm32.7-2018-q2-update.linux64_1.4.0.202007081208/tools/bin/../lib/gcc/arm-none-eabi/7.3.1/thumb/v7e-m/fpv4-sp/hard/crtbegin.o
 *(.init)
 .init          0x0000000008006b38        0x4 /opt/st/stm32cubeide_1.4.0/plugins/com.st.stm32cube.ide.mcu.externaltools.gnu-tools-for-stm32.7-2018-q2-update.linux64_1.4.0.202007081208/tools/bin/../lib/gcc/arm-none-eabi/7.3.1/thumb/v7e-m/fpv4-sp/hard/crti.o
                0x0000000008006b38                _init
 .init          0x0000000008006b3c        0x8 /opt/st/stm32cubeide_1.4.0/plugins/com.st.stm32cube.ide.mcu.externaltools.gnu-tools-for-stm32.7-2018-q2-update.linux64_1.4.0.202007081208/tools/bin/../lib/gcc/arm-none-eabi/7.3.1/thumb/v7e-m/fpv4-sp/hard/crtn.o
 *(.fini)
 .fini          0x0000000008006b44        0x4 /opt/st/stm32cubeide_1.4.0/plugins/com.st.stm32cube.ide.mcu.externaltools.gnu-tools-for-stm32.7-2018-q2-update.linux64_1.4.0.202007081208/tools/bin/../lib/gcc/arm-none-eabi/7.3.1/thumb/v7e-m/fpv4-sp/hard/crti.o
                0x0000000008006b44                _fini
 .fini          0x0000000008006b48        0x8 /opt/st/stm32cubeide_1.4.0/plugins/com.st.stm32cube.ide.mcu.externaltools.gnu-tools-for-stm32.7-2018-q2-update.linux64_1.4.0.202007081208/tools/bin/../lib/gcc/arm-none-eabi/7.3.1/thumb/v7e-m/fpv4-sp/hard/crtn.o
                0x0000000008006b50                . = ALIGN (0x4)
                0x0000000008006b50                _etext = .

.vfp11_veneer   0x0000000008006b50        0x0
 .vfp11_veneer  0x0000000008006b50        0x0 linker stubs

.v4_bx          0x0000000008006b50        0x0
 .v4_bx         0x0000000008006b50        0x0 linker stubs

.iplt           0x0000000008006b50        0x0
 .iplt          0x0000000008006b50        0x0 /opt/st/stm32cubeide_1.4.0/plugins/com.st.stm32cube.ide.mcu.externaltools.gnu-tools-for-stm32.7-2018-q2-update.linux64_1.4.0.202007081208/tools/bin/../lib/gcc/arm-none-eabi/7.3.1/thumb/v7e-m/fpv4-sp/hard/crtbegin.o

.rodata         0x0000000008006b50      0x250
                0x0000000008006b50                . = ALIGN (0x4)
 *(.rodata)
 .rodata        0x0000000008006b50       0x1b Core/Src/app_debug.o
 *fill*         0x0000000008006b6b        0x1 
 .rodata        0x0000000008006b6c       0x2c Drivers/STM32WBxx_HAL_Driver/Src/stm32wbxx_hal_rcc.o
 .rodata        0x0000000008006b98       0x38 STM32_WPAN/App/app_ble.o
 *(.rodata*)
 .rodata.aGpioConfigList
                0x0000000008006bd0      0x110 Core/Src/app_debug.o
 .rodata.AHBPrescTable
                0x0000000008006ce0       0x40 Core/Src/system_stm32wbxx.o
                0x0000000008006ce0                AHBPrescTable
 .rodata.MSIRangeTable
                0x0000000008006d20       0x40 Core/Src/system_stm32wbxx.o
                0x0000000008006d20                MSIRangeTable
 .rodata.M_bd_addr
                0x0000000008006d60        0x6 STM32_WPAN/App/app_ble.o
 *fill*         0x0000000008006d66        0x2 
 .rodata.BLE_CFG_IR_VALUE
                0x0000000008006d68       0x10 STM32_WPAN/App/app_ble.o
 .rodata.BLE_CFG_ER_VALUE
                0x0000000008006d78       0x10 STM32_WPAN/App/app_ble.o
 .rodata.local_name
                0x0000000008006d88        0x8 STM32_WPAN/App/app_ble.o
 .rodata.SEQ_clz_table_4bit
                0x0000000008006d90       0x10 Utilities/sequencer/stm32_seq.o
                0x0000000008006da0                . = ALIGN (0x4)

.rel.dyn        0x0000000008006da0        0x0
 .rel.iplt      0x0000000008006da0        0x0 /opt/st/stm32cubeide_1.4.0/plugins/com.st.stm32cube.ide.mcu.externaltools.gnu-tools-for-stm32.7-2018-q2-update.linux64_1.4.0.202007081208/tools/bin/../lib/gcc/arm-none-eabi/7.3.1/thumb/v7e-m/fpv4-sp/hard/crtbegin.o

.ARM.extab
 *(.ARM.extab* .gnu.linkonce.armextab.*)

.ARM            0x0000000008006da0        0x0
                0x0000000008006da0                __exidx_start = .
 *(.ARM.exidx*)
                0x0000000008006da0                __exidx_end = .

.preinit_array  0x0000000008006da0        0x0
                0x0000000008006da0                PROVIDE (__preinit_array_start = .)
 *(.preinit_array*)
                0x0000000008006da0                PROVIDE (__preinit_array_end = .)

.init_array     0x0000000008006da0        0x4
                0x0000000008006da0                PROVIDE (__init_array_start = .)
 *(SORT_BY_NAME(.init_array.*))
 *(.init_array*)
 .init_array    0x0000000008006da0        0x4 /opt/st/stm32cubeide_1.4.0/plugins/com.st.stm32cube.ide.mcu.externaltools.gnu-tools-for-stm32.7-2018-q2-update.linux64_1.4.0.202007081208/tools/bin/../lib/gcc/arm-none-eabi/7.3.1/thumb/v7e-m/fpv4-sp/hard/crtbegin.o
                0x0000000008006da4                PROVIDE (__init_array_end = .)

.fini_array     0x0000000008006da4        0x4
                [!provide]                        PROVIDE (__fini_array_start = .)
 *(SORT_BY_NAME(.fini_array.*))
 *(.fini_array*)
 .fini_array    0x0000000008006da4        0x4 /opt/st/stm32cubeide_1.4.0/plugins/com.st.stm32cube.ide.mcu.externaltools.gnu-tools-for-stm32.7-2018-q2-update.linux64_1.4.0.202007081208/tools/bin/../lib/gcc/arm-none-eabi/7.3.1/thumb/v7e-m/fpv4-sp/hard/crtbegin.o
                [!provide]                        PROVIDE (__fini_array_end = .)
                0x0000000008006da8                _sidata = LOADADDR (.data)

.data           0x0000000020000004       0x24 load address 0x0000000008006da8
                0x0000000020000004                . = ALIGN (0x4)
                0x0000000020000004                _sdata = .
 *(.data)
 *(.data*)
 .data.SystemCoreClock
                0x0000000020000004        0x4 Core/Src/system_stm32wbxx.o
                0x0000000020000004                SystemCoreClock
 .data.uwTickPrio
                0x0000000020000008        0x4 Drivers/STM32WBxx_HAL_Driver/Src/stm32wbxx_hal.o
                0x0000000020000008                uwTickPrio
 .data.uwTickFreq
                0x000000002000000c        0x1 Drivers/STM32WBxx_HAL_Driver/Src/stm32wbxx_hal.o
                0x000000002000000c                uwTickFreq
 *fill*         0x000000002000000d        0x3 
 .data.manuf_data
                0x0000000020000010        0xe STM32_WPAN/App/app_ble.o
                0x0000000020000010                manuf_data
 *fill*         0x000000002000001e        0x2 
 .data.TaskMask
                0x0000000020000020        0x4 Utilities/sequencer/stm32_seq.o
 .data.SuperMask
                0x0000000020000024        0x4 Utilities/sequencer/stm32_seq.o
                0x0000000020000028                . = ALIGN (0x4)
                0x0000000020000028                _edata = .

.igot.plt       0x0000000020000028        0x0 load address 0x0000000008006dcc
 .igot.plt      0x0000000020000028        0x0 /opt/st/stm32cubeide_1.4.0/plugins/com.st.stm32cube.ide.mcu.externaltools.gnu-tools-for-stm32.7-2018-q2-update.linux64_1.4.0.202007081208/tools/bin/../lib/gcc/arm-none-eabi/7.3.1/thumb/v7e-m/fpv4-sp/hard/crtbegin.o

TIMERSERVER_CONTEXT
                0x0000000020000028       0x99 load address 0x0000000008006dcc
 TIMERSERVER_CONTEXT
                0x0000000020000028       0x99 Core/Src/hw_timerserver.o

BLE_DRIVER_CONTEXT
                0x00000000200000c4       0x3d load address 0x0000000008006e65
 BLE_DRIVER_CONTEXT
                0x00000000200000c4        0x6 Middlewares/ST/STM32_WPAN/ble/svc/Src/p2p_stm.o
 *fill*         0x00000000200000ca        0x2 
 BLE_DRIVER_CONTEXT
                0x00000000200000cc       0x21 Middlewares/ST/STM32_WPAN/ble/svc/Src/svc_ctl.o
                0x00000000200000cc                SVCCTL_EvtHandler
                0x00000000200000ec                SVCCTL_CltHandler
 *fill*         0x00000000200000ed        0x3 
 BLE_DRIVER_CONTEXT
                0x00000000200000f0       0x11 Middlewares/ST/STM32_WPAN/interface/patterns/ble_thread/tl/hci_tl.o
                0x0000000020000100                UserEventFlow

SYSTEM_DRIVER_CONTEXT
                0x0000000020000104       0x11 load address 0x0000000008006ea2
 SYSTEM_DRIVER_CONTEXT
                0x0000000020000104       0x11 Middlewares/ST/STM32_WPAN/interface/patterns/ble_thread/tl/shci_tl.o
                0x0000000020000114                SHCI_TL_UserEventFlow

BLE_APP_CONTEXT
                0x0000000020000118       0x98 load address 0x0000000008006eb3
 BLE_APP_CONTEXT
                0x0000000020000118       0x98 STM32_WPAN/App/app_ble.o
                0x00000000200001b0                . = ALIGN (0x4)

.bss            0x00000000200001b0      0x174 load address 0x0000000008006f4b
                0x00000000200001b0                _sbss = .
                0x00000000200001b0                __bss_start__ = _sbss
 *(.bss)
 .bss           0x00000000200001b0       0x1c /opt/st/stm32cubeide_1.4.0/plugins/com.st.stm32cube.ide.mcu.externaltools.gnu-tools-for-stm32.7-2018-q2-update.linux64_1.4.0.202007081208/tools/bin/../lib/gcc/arm-none-eabi/7.3.1/thumb/v7e-m/fpv4-sp/hard/crtbegin.o
 *(.bss*)
 .bss.phrtc     0x00000000200001cc        0x4 Core/Src/hw_timerserver.o
 .bss.WakeupTimerDivider
                0x00000000200001d0        0x1 Core/Src/hw_timerserver.o
 .bss.AsynchPrescalerUserConfig
                0x00000000200001d1        0x1 Core/Src/hw_timerserver.o
 .bss.SynchPrescalerUserConfig
                0x00000000200001d2        0x2 Core/Src/hw_timerserver.o
 .bss.MaxWakeupTimerSetup
                0x00000000200001d4        0x2 Core/Src/hw_timerserver.o
 *fill*         0x00000000200001d6        0x2 
 .bss.hciContext
                0x00000000200001d8       0x20 Middlewares/ST/STM32_WPAN/interface/patterns/ble_thread/tl/hci_tl.o
 .bss.HciCmdEventQueue
                0x00000000200001f8        0x8 Middlewares/ST/STM32_WPAN/interface/patterns/ble_thread/tl/hci_tl.o
 .bss.StatusNotCallBackFunction
                0x0000000020000200        0x4 Middlewares/ST/STM32_WPAN/interface/patterns/ble_thread/tl/hci_tl.o
 .bss.shciContext
                0x0000000020000204       0x20 Middlewares/ST/STM32_WPAN/interface/patterns/ble_thread/tl/shci_tl.o
 .bss.StatusNotCallBackFunction
                0x0000000020000224        0x4 Middlewares/ST/STM32_WPAN/interface/patterns/ble_thread/tl/shci_tl.o
 .bss.LocalFreeBufQueue
                0x0000000020000228        0x8 Middlewares/ST/STM32_WPAN/interface/patterns/ble_thread/tl/tl_mbox.o
 .bss.BLE_IoBusEvtCallBackFunction
                0x0000000020000230        0x4 Middlewares/ST/STM32_WPAN/interface/patterns/ble_thread/tl/tl_mbox.o
 .bss.BLE_IoBusAclDataTxAck
                0x0000000020000234        0x4 Middlewares/ST/STM32_WPAN/interface/patterns/ble_thread/tl/tl_mbox.o
 .bss.SYS_CMD_IoBusCallBackFunction
                0x0000000020000238        0x4 Middlewares/ST/STM32_WPAN/interface/patterns/ble_thread/tl/tl_mbox.o
 .bss.SYS_EVT_IoBusCallBackFunction
                0x000000002000023c        0x4 Middlewares/ST/STM32_WPAN/interface/patterns/ble_thread/tl/tl_mbox.o
 .bss.p_mem_manager_table.8017
                0x0000000020000240        0x4 Middlewares/ST/STM32_WPAN/interface/patterns/ble_thread/tl/tl_mbox.o
 .bss.bd_addr_udn
                0x0000000020000244        0x6 STM32_WPAN/App/app_ble.o
 *fill*         0x000000002000024a        0x2 
 .bss.FreeBufCb
                0x000000002000024c        0x4 STM32_WPAN/Target/hw_ipcc.o
 .bss.StopModeDisable
                0x0000000020000250        0x4 Utilities/lpm/tiny_lpm/stm32_lpm.o
 .bss.OffModeDisable
                0x0000000020000254        0x4 Utilities/lpm/tiny_lpm/stm32_lpm.o
 .bss.TaskSet   0x0000000020000258        0x4 Utilities/sequencer/stm32_seq.o
 .bss.EvtSet    0x000000002000025c        0x4 Utilities/sequencer/stm32_seq.o
 .bss.EvtWaited
                0x0000000020000260        0x4 Utilities/sequencer/stm32_seq.o
 .bss.CurrentTaskIdx
                0x0000000020000264        0x4 Utilities/sequencer/stm32_seq.o
 .bss.TaskCb    0x0000000020000268       0x80 Utilities/sequencer/stm32_seq.o
 .bss.TaskPrio  0x00000000200002e8       0x10 Utilities/sequencer/stm32_seq.o
 *(COMMON)
 COMMON         0x00000000200002f8       0x24 Core/Src/main.o
                0x00000000200002f8                hrtc
 COMMON         0x000000002000031c        0x4 Drivers/STM32WBxx_HAL_Driver/Src/stm32wbxx_hal.o
                0x000000002000031c                uwTick
 COMMON         0x0000000020000320        0x4 STM32_WPAN/App/app_ble.o
                0x0000000020000320                handleNotification
                0x0000000020000324                . = ALIGN (0x4)
                0x0000000020000324                _ebss = .
                0x0000000020000324                __bss_end__ = _ebss

._user_heap_stack
                0x0000000020000324      0x604 load address 0x0000000008006f4b
                0x0000000020000328                . = ALIGN (0x8)
 *fill*         0x0000000020000324        0x4 
                [!provide]                        PROVIDE (end = .)
                0x0000000020000328                PROVIDE (_end = .)
                0x0000000020000528                . = (. + _Min_Heap_Size)
 *fill*         0x0000000020000328      0x200 
                0x0000000020000928                . = (. + _Min_Stack_Size)
 *fill*         0x0000000020000528      0x400 
                0x0000000020000928                . = ALIGN (0x8)

/DISCARD/
 libc.a(*)
 libm.a(*)
 libgcc.a(*)

.ARM.attributes
                0x0000000000000000       0x30
 *(.ARM.attributes)
 .ARM.attributes
                0x0000000000000000       0x22 /opt/st/stm32cubeide_1.4.0/plugins/com.st.stm32cube.ide.mcu.externaltools.gnu-tools-for-stm32.7-2018-q2-update.linux64_1.4.0.202007081208/tools/bin/../lib/gcc/arm-none-eabi/7.3.1/thumb/v7e-m/fpv4-sp/hard/crti.o
 .ARM.attributes
                0x0000000000000022       0x34 /opt/st/stm32cubeide_1.4.0/plugins/com.st.stm32cube.ide.mcu.externaltools.gnu-tools-for-stm32.7-2018-q2-update.linux64_1.4.0.202007081208/tools/bin/../lib/gcc/arm-none-eabi/7.3.1/thumb/v7e-m/fpv4-sp/hard/crtbegin.o
 .ARM.attributes
                0x0000000000000056       0x39 Core/Src/app_debug.o
 .ARM.attributes
                0x000000000000008f       0x39 Core/Src/app_entry.o
 .ARM.attributes
                0x00000000000000c8       0x39 Core/Src/hw_timerserver.o
 .ARM.attributes
                0x0000000000000101       0x39 Core/Src/main.o
 .ARM.attributes
                0x000000000000013a       0x39 Core/Src/stm32wbxx_hal_msp.o
 .ARM.attributes
                0x0000000000000173       0x39 Core/Src/stm32wbxx_it.o
 .ARM.attributes
                0x00000000000001ac       0x39 Core/Src/system_stm32wbxx.o
 .ARM.attributes
                0x00000000000001e5       0x21 Core/Startup/startup_stm32wb55cgux.o
 .ARM.attributes
                0x0000000000000206       0x39 Drivers/STM32WBxx_HAL_Driver/Src/stm32wbxx_hal.o
 .ARM.attributes
                0x000000000000023f       0x39 Drivers/STM32WBxx_HAL_Driver/Src/stm32wbxx_hal_cortex.o
 .ARM.attributes
                0x0000000000000278       0x39 Drivers/STM32WBxx_HAL_Driver/Src/stm32wbxx_hal_gpio.o
 .ARM.attributes
                0x00000000000002b1       0x39 Drivers/STM32WBxx_HAL_Driver/Src/stm32wbxx_hal_hsem.o
 .ARM.attributes
                0x00000000000002ea       0x39 Drivers/STM32WBxx_HAL_Driver/Src/stm32wbxx_hal_pwr.o
 .ARM.attributes
                0x0000000000000323       0x39 Drivers/STM32WBxx_HAL_Driver/Src/stm32wbxx_hal_pwr_ex.o
 .ARM.attributes
                0x000000000000035c       0x39 Drivers/STM32WBxx_HAL_Driver/Src/stm32wbxx_hal_rcc.o
 .ARM.attributes
                0x0000000000000395       0x39 Drivers/STM32WBxx_HAL_Driver/Src/stm32wbxx_hal_rcc_ex.o
 .ARM.attributes
                0x00000000000003ce       0x39 Drivers/STM32WBxx_HAL_Driver/Src/stm32wbxx_hal_rtc.o
 .ARM.attributes
                0x0000000000000407       0x39 Drivers/STM32WBxx_HAL_Driver/Src/stm32wbxx_hal_rtc_ex.o
 .ARM.attributes
                0x0000000000000440       0x39 Middlewares/ST/STM32_WPAN/ble/core/auto/ble_gap_aci.o
 .ARM.attributes
                0x0000000000000479       0x39 Middlewares/ST/STM32_WPAN/ble/core/auto/ble_gatt_aci.o
 .ARM.attributes
                0x00000000000004b2       0x39 Middlewares/ST/STM32_WPAN/ble/core/auto/ble_hal_aci.o
 .ARM.attributes
                0x00000000000004eb       0x39 Middlewares/ST/STM32_WPAN/ble/core/auto/ble_hci_le.o
 .ARM.attributes
                0x0000000000000524       0x39 Middlewares/ST/STM32_WPAN/ble/core/template/osal.o
 .ARM.attributes
                0x000000000000055d       0x39 Middlewares/ST/STM32_WPAN/ble/svc/Src/p2p_stm.o
 .ARM.attributes
                0x0000000000000596       0x39 Middlewares/ST/STM32_WPAN/ble/svc/Src/svc_ctl.o
 .ARM.attributes
                0x00000000000005cf       0x39 Middlewares/ST/STM32_WPAN/interface/patterns/ble_thread/shci/shci.o
 .ARM.attributes
                0x0000000000000608       0x39 Middlewares/ST/STM32_WPAN/interface/patterns/ble_thread/tl/hci_tl.o
 .ARM.attributes
                0x0000000000000641       0x39 Middlewares/ST/STM32_WPAN/interface/patterns/ble_thread/tl/hci_tl_if.o
 .ARM.attributes
                0x000000000000067a       0x39 Middlewares/ST/STM32_WPAN/interface/patterns/ble_thread/tl/shci_tl.o
 .ARM.attributes
                0x00000000000006b3       0x39 Middlewares/ST/STM32_WPAN/interface/patterns/ble_thread/tl/shci_tl_if.o
 .ARM.attributes
                0x00000000000006ec       0x39 Middlewares/ST/STM32_WPAN/interface/patterns/ble_thread/tl/tl_mbox.o
 .ARM.attributes
                0x0000000000000725       0x39 Middlewares/ST/STM32_WPAN/utilities/otp.o
 .ARM.attributes
                0x000000000000075e       0x39 Middlewares/ST/STM32_WPAN/utilities/stm_list.o
 .ARM.attributes
                0x0000000000000797       0x39 STM32_WPAN/App/app_ble.o
 .ARM.attributes
                0x00000000000007d0       0x39 STM32_WPAN/App/p2p_server_app.o
 .ARM.attributes
                0x0000000000000809       0x39 STM32_WPAN/Target/hw_ipcc.o
 .ARM.attributes
                0x0000000000000842       0x39 Utilities/lpm/tiny_lpm/stm32_lpm.o
 .ARM.attributes
                0x000000000000087b       0x39 Utilities/sequencer/stm32_seq.o
 .ARM.attributes
                0x00000000000008b4       0x34 /opt/st/stm32cubeide_1.4.0/plugins/com.st.stm32cube.ide.mcu.externaltools.gnu-tools-for-stm32.7-2018-q2-update.linux64_1.4.0.202007081208/tools/bin/../lib/gcc/arm-none-eabi/7.3.1/../../../../arm-none-eabi/lib/thumb/v7e-m/fpv4-sp/hard/libc_nano.a(lib_a-init.o)
 .ARM.attributes
                0x00000000000008e8       0x34 /opt/st/stm32cubeide_1.4.0/plugins/com.st.stm32cube.ide.mcu.externaltools.gnu-tools-for-stm32.7-2018-q2-update.linux64_1.4.0.202007081208/tools/bin/../lib/gcc/arm-none-eabi/7.3.1/../../../../arm-none-eabi/lib/thumb/v7e-m/fpv4-sp/hard/libc_nano.a(lib_a-memcpy-stub.o)
 .ARM.attributes
                0x000000000000091c       0x34 /opt/st/stm32cubeide_1.4.0/plugins/com.st.stm32cube.ide.mcu.externaltools.gnu-tools-for-stm32.7-2018-q2-update.linux64_1.4.0.202007081208/tools/bin/../lib/gcc/arm-none-eabi/7.3.1/../../../../arm-none-eabi/lib/thumb/v7e-m/fpv4-sp/hard/libc_nano.a(lib_a-memset.o)
 .ARM.attributes
                0x0000000000000950       0x1b /opt/st/stm32cubeide_1.4.0/plugins/com.st.stm32cube.ide.mcu.externaltools.gnu-tools-for-stm32.7-2018-q2-update.linux64_1.4.0.202007081208/tools/bin/../lib/gcc/arm-none-eabi/7.3.1/../../../../arm-none-eabi/lib/thumb/v7e-m/fpv4-sp/hard/libc_nano.a(lib_a-strlen.o)
 .ARM.attributes
                0x000000000000096b       0x22 /opt/st/stm32cubeide_1.4.0/plugins/com.st.stm32cube.ide.mcu.externaltools.gnu-tools-for-stm32.7-2018-q2-update.linux64_1.4.0.202007081208/tools/bin/../lib/gcc/arm-none-eabi/7.3.1/thumb/v7e-m/fpv4-sp/hard/crtn.o

MAPPING_TABLE   0x0000000020030000       0x28
 *(MAPPING_TABLE)
 MAPPING_TABLE  0x0000000020030000       0x28 Middlewares/ST/STM32_WPAN/interface/patterns/ble_thread/tl/tl_mbox.o

MB_MEM1         0x0000000020030028      0x1b7
 *(MB_MEM1)
 MB_MEM1        0x0000000020030028       0xac Middlewares/ST/STM32_WPAN/interface/patterns/ble_thread/tl/tl_mbox.o
 MB_MEM1        0x00000000200300d4      0x10b STM32_WPAN/App/app_ble.o

MB_MEM2         0x00000000200301e0      0x877
                0x00000000200301e0                _sMB_MEM2 = .
 *(MB_MEM2)
 MB_MEM2        0x00000000200301e0        0x8 Core/Src/app_debug.o
 MB_MEM2        0x00000000200301e8      0x85e Core/Src/app_entry.o
 *fill*         0x0000000020030a46        0x2 
 MB_MEM2        0x0000000020030a48        0xf Middlewares/ST/STM32_WPAN/interface/patterns/ble_thread/tl/tl_mbox.o
                0x0000000020030a57                _eMB_MEM2 = .
OUTPUT(stm32WB55CG_BLE_Conf_Test.elf elf32-littlearm)

.debug_info     0x0000000000000000    0x2ca10
 .debug_info    0x0000000000000000     0x1219 Core/Src/app_debug.o
 .debug_info    0x0000000000001219     0x17ba Core/Src/app_entry.o
 .debug_info    0x00000000000029d3     0x1acf Core/Src/hw_timerserver.o
 .debug_info    0x00000000000044a2     0x1634 Core/Src/main.o
 .debug_info    0x0000000000005ad6      0xb3c Core/Src/stm32wbxx_hal_msp.o
 .debug_info    0x0000000000006612      0x5fb Core/Src/stm32wbxx_it.o
 .debug_info    0x0000000000006c0d      0x7e0 Core/Src/system_stm32wbxx.o
 .debug_info    0x00000000000073ed       0x22 Core/Startup/startup_stm32wb55cgux.o
 .debug_info    0x000000000000740f     0x1353 Drivers/STM32WBxx_HAL_Driver/Src/stm32wbxx_hal.o
 .debug_info    0x0000000000008762      0xe14 Drivers/STM32WBxx_HAL_Driver/Src/stm32wbxx_hal_cortex.o
 .debug_info    0x0000000000009576      0x815 Drivers/STM32WBxx_HAL_Driver/Src/stm32wbxx_hal_gpio.o
 .debug_info    0x0000000000009d8b      0x53e Drivers/STM32WBxx_HAL_Driver/Src/stm32wbxx_hal_hsem.o
 .debug_info    0x000000000000a2c9      0xa0c Drivers/STM32WBxx_HAL_Driver/Src/stm32wbxx_hal_pwr.o
 .debug_info    0x000000000000acd5     0x115e Drivers/STM32WBxx_HAL_Driver/Src/stm32wbxx_hal_pwr_ex.o
 .debug_info    0x000000000000be33     0x1599 Drivers/STM32WBxx_HAL_Driver/Src/stm32wbxx_hal_rcc.o
 .debug_info    0x000000000000d3cc     0x1cc9 Drivers/STM32WBxx_HAL_Driver/Src/stm32wbxx_hal_rcc_ex.o
 .debug_info    0x000000000000f095      0xd89 Drivers/STM32WBxx_HAL_Driver/Src/stm32wbxx_hal_rtc.o
 .debug_info    0x000000000000fe1e     0x1120 Drivers/STM32WBxx_HAL_Driver/Src/stm32wbxx_hal_rtc_ex.o
 .debug_info    0x0000000000010f3e     0x338e Middlewares/ST/STM32_WPAN/ble/core/auto/ble_gap_aci.o
 .debug_info    0x00000000000142cc     0x3731 Middlewares/ST/STM32_WPAN/ble/core/auto/ble_gatt_aci.o
 .debug_info    0x00000000000179fd     0x14bd Middlewares/ST/STM32_WPAN/ble/core/auto/ble_hal_aci.o
 .debug_info    0x0000000000018eba     0x3728 Middlewares/ST/STM32_WPAN/ble/core/auto/ble_hci_le.o
 .debug_info    0x000000000001c5e2      0x956 Middlewares/ST/STM32_WPAN/ble/core/template/osal.o
 .debug_info    0x000000000001cf38      0xee2 Middlewares/ST/STM32_WPAN/ble/svc/Src/p2p_stm.o
 .debug_info    0x000000000001de1a      0xec7 Middlewares/ST/STM32_WPAN/ble/svc/Src/svc_ctl.o
 .debug_info    0x000000000001ece1     0x1e90 Middlewares/ST/STM32_WPAN/interface/patterns/ble_thread/shci/shci.o
 .debug_info    0x0000000000020b71     0x1264 Middlewares/ST/STM32_WPAN/interface/patterns/ble_thread/tl/hci_tl.o
 .debug_info    0x0000000000021dd5      0x9c8 Middlewares/ST/STM32_WPAN/interface/patterns/ble_thread/tl/hci_tl_if.o
 .debug_info    0x000000000002279d      0xf66 Middlewares/ST/STM32_WPAN/interface/patterns/ble_thread/tl/shci_tl.o
 .debug_info    0x0000000000023703      0x9c8 Middlewares/ST/STM32_WPAN/interface/patterns/ble_thread/tl/shci_tl_if.o
 .debug_info    0x00000000000240cb     0x13ef Middlewares/ST/STM32_WPAN/interface/patterns/ble_thread/tl/tl_mbox.o
 .debug_info    0x00000000000254ba      0xa8a Middlewares/ST/STM32_WPAN/utilities/otp.o
 .debug_info    0x0000000000025f44     0x110c Middlewares/ST/STM32_WPAN/utilities/stm_list.o
 .debug_info    0x0000000000027050     0x19ab STM32_WPAN/App/app_ble.o
 .debug_info    0x00000000000289fb      0xc75 STM32_WPAN/App/p2p_server_app.o
 .debug_info    0x0000000000029670     0x1701 STM32_WPAN/Target/hw_ipcc.o
 .debug_info    0x000000000002ad71      0xbf1 Utilities/lpm/tiny_lpm/stm32_lpm.o
 .debug_info    0x000000000002b962     0x10ae Utilities/sequencer/stm32_seq.o

.debug_abbrev   0x0000000000000000     0x5313
 .debug_abbrev  0x0000000000000000      0x26c Core/Src/app_debug.o
 .debug_abbrev  0x000000000000026c      0x2ca Core/Src/app_entry.o
 .debug_abbrev  0x0000000000000536      0x368 Core/Src/hw_timerserver.o
 .debug_abbrev  0x000000000000089e      0x2a4 Core/Src/main.o
 .debug_abbrev  0x0000000000000b42      0x1a5 Core/Src/stm32wbxx_hal_msp.o
 .debug_abbrev  0x0000000000000ce7      0x123 Core/Src/stm32wbxx_it.o
 .debug_abbrev  0x0000000000000e0a      0x163 Core/Src/system_stm32wbxx.o
 .debug_abbrev  0x0000000000000f6d       0x12 Core/Startup/startup_stm32wb55cgux.o
 .debug_abbrev  0x0000000000000f7f      0x2df Drivers/STM32WBxx_HAL_Driver/Src/stm32wbxx_hal.o
 .debug_abbrev  0x000000000000125e      0x2f1 Drivers/STM32WBxx_HAL_Driver/Src/stm32wbxx_hal_cortex.o
 .debug_abbrev  0x000000000000154f      0x1d3 Drivers/STM32WBxx_HAL_Driver/Src/stm32wbxx_hal_gpio.o
 .debug_abbrev  0x0000000000001722      0x1fe Drivers/STM32WBxx_HAL_Driver/Src/stm32wbxx_hal_hsem.o
 .debug_abbrev  0x0000000000001920      0x1b9 Drivers/STM32WBxx_HAL_Driver/Src/stm32wbxx_hal_pwr.o
 .debug_abbrev  0x0000000000001ad9      0x2d6 Drivers/STM32WBxx_HAL_Driver/Src/stm32wbxx_hal_pwr_ex.o
 .debug_abbrev  0x0000000000001daf      0x24a Drivers/STM32WBxx_HAL_Driver/Src/stm32wbxx_hal_rcc.o
 .debug_abbrev  0x0000000000001ff9      0x2d9 Drivers/STM32WBxx_HAL_Driver/Src/stm32wbxx_hal_rcc_ex.o
 .debug_abbrev  0x00000000000022d2      0x1b5 Drivers/STM32WBxx_HAL_Driver/Src/stm32wbxx_hal_rtc.o
 .debug_abbrev  0x0000000000002487      0x1c4 Drivers/STM32WBxx_HAL_Driver/Src/stm32wbxx_hal_rtc_ex.o
 .debug_abbrev  0x000000000000264b      0x204 Middlewares/ST/STM32_WPAN/ble/core/auto/ble_gap_aci.o
 .debug_abbrev  0x000000000000284f      0x20d Middlewares/ST/STM32_WPAN/ble/core/auto/ble_gatt_aci.o
 .debug_abbrev  0x0000000000002a5c      0x204 Middlewares/ST/STM32_WPAN/ble/core/auto/ble_hal_aci.o
 .debug_abbrev  0x0000000000002c60      0x1f9 Middlewares/ST/STM32_WPAN/ble/core/auto/ble_hci_le.o
 .debug_abbrev  0x0000000000002e59      0x1a4 Middlewares/ST/STM32_WPAN/ble/core/template/osal.o
 .debug_abbrev  0x0000000000002ffd      0x227 Middlewares/ST/STM32_WPAN/ble/svc/Src/p2p_stm.o
 .debug_abbrev  0x0000000000003224      0x223 Middlewares/ST/STM32_WPAN/ble/svc/Src/svc_ctl.o
 .debug_abbrev  0x0000000000003447      0x23a Middlewares/ST/STM32_WPAN/interface/patterns/ble_thread/shci/shci.o
 .debug_abbrev  0x0000000000003681      0x2aa Middlewares/ST/STM32_WPAN/interface/patterns/ble_thread/tl/hci_tl.o
 .debug_abbrev  0x000000000000392b      0x18e Middlewares/ST/STM32_WPAN/interface/patterns/ble_thread/tl/hci_tl_if.o
 .debug_abbrev  0x0000000000003ab9      0x27d Middlewares/ST/STM32_WPAN/interface/patterns/ble_thread/tl/shci_tl.o
 .debug_abbrev  0x0000000000003d36      0x18e Middlewares/ST/STM32_WPAN/interface/patterns/ble_thread/tl/shci_tl_if.o
 .debug_abbrev  0x0000000000003ec4      0x288 Middlewares/ST/STM32_WPAN/interface/patterns/ble_thread/tl/tl_mbox.o
 .debug_abbrev  0x000000000000414c      0x1b7 Middlewares/ST/STM32_WPAN/utilities/otp.o
 .debug_abbrev  0x0000000000004303      0x282 Middlewares/ST/STM32_WPAN/utilities/stm_list.o
 .debug_abbrev  0x0000000000004585      0x2f9 STM32_WPAN/App/app_ble.o
 .debug_abbrev  0x000000000000487e      0x1be STM32_WPAN/App/p2p_server_app.o
 .debug_abbrev  0x0000000000004a3c      0x311 STM32_WPAN/Target/hw_ipcc.o
 .debug_abbrev  0x0000000000004d4d      0x293 Utilities/lpm/tiny_lpm/stm32_lpm.o
 .debug_abbrev  0x0000000000004fe0      0x333 Utilities/sequencer/stm32_seq.o

.debug_aranges  0x0000000000000000     0x1fe8
 .debug_aranges
                0x0000000000000000       0x50 Core/Src/app_debug.o
 .debug_aranges
                0x0000000000000050       0x78 Core/Src/app_entry.o
 .debug_aranges
                0x00000000000000c8       0xa8 Core/Src/hw_timerserver.o
 .debug_aranges
                0x0000000000000170       0x58 Core/Src/main.o
 .debug_aranges
                0x00000000000001c8       0x58 Core/Src/stm32wbxx_hal_msp.o
 .debug_aranges
                0x0000000000000220       0x78 Core/Src/stm32wbxx_it.o
 .debug_aranges
                0x0000000000000298       0x28 Core/Src/system_stm32wbxx.o
 .debug_aranges
                0x00000000000002c0       0x30 Core/Startup/startup_stm32wb55cgux.o
 .debug_aranges
                0x00000000000002f0      0x280 Drivers/STM32WBxx_HAL_Driver/Src/stm32wbxx_hal.o
 .debug_aranges
                0x0000000000000570      0x108 Drivers/STM32WBxx_HAL_Driver/Src/stm32wbxx_hal_cortex.o
 .debug_aranges
                0x0000000000000678       0x58 Drivers/STM32WBxx_HAL_Driver/Src/stm32wbxx_hal_gpio.o
 .debug_aranges
                0x00000000000006d0       0x70 Drivers/STM32WBxx_HAL_Driver/Src/stm32wbxx_hal_hsem.o
 .debug_aranges
                0x0000000000000740       0xd0 Drivers/STM32WBxx_HAL_Driver/Src/stm32wbxx_hal_pwr.o
 .debug_aranges
                0x0000000000000810      0x288 Drivers/STM32WBxx_HAL_Driver/Src/stm32wbxx_hal_pwr_ex.o
 .debug_aranges
                0x0000000000000a98      0x2a0 Drivers/STM32WBxx_HAL_Driver/Src/stm32wbxx_hal_rcc.o
 .debug_aranges
                0x0000000000000d38      0x390 Drivers/STM32WBxx_HAL_Driver/Src/stm32wbxx_hal_rcc_ex.o
 .debug_aranges
                0x00000000000010c8       0xb8 Drivers/STM32WBxx_HAL_Driver/Src/stm32wbxx_hal_rtc.o
 .debug_aranges
                0x0000000000001180      0x140 Drivers/STM32WBxx_HAL_Driver/Src/stm32wbxx_hal_rtc_ex.o
 .debug_aranges
                0x00000000000012c0      0x168 Middlewares/ST/STM32_WPAN/ble/core/auto/ble_gap_aci.o
 .debug_aranges
                0x0000000000001428      0x180 Middlewares/ST/STM32_WPAN/ble/core/auto/ble_gatt_aci.o
 .debug_aranges
                0x00000000000015a8       0xb0 Middlewares/ST/STM32_WPAN/ble/core/auto/ble_hal_aci.o
 .debug_aranges
                0x0000000000001658      0x208 Middlewares/ST/STM32_WPAN/ble/core/auto/ble_hci_le.o
 .debug_aranges
                0x0000000000001860       0x30 Middlewares/ST/STM32_WPAN/ble/core/template/osal.o
 .debug_aranges
                0x0000000000001890       0x30 Middlewares/ST/STM32_WPAN/ble/svc/Src/p2p_stm.o
 .debug_aranges
                0x00000000000018c0       0xc0 Middlewares/ST/STM32_WPAN/ble/svc/Src/svc_ctl.o
 .debug_aranges
                0x0000000000001980       0xe8 Middlewares/ST/STM32_WPAN/interface/patterns/ble_thread/shci/shci.o
 .debug_aranges
                0x0000000000001a68       0x80 Middlewares/ST/STM32_WPAN/interface/patterns/ble_thread/tl/hci_tl.o
 .debug_aranges
                0x0000000000001ae8       0x20 Middlewares/ST/STM32_WPAN/interface/patterns/ble_thread/tl/hci_tl_if.o
 .debug_aranges
                0x0000000000001b08       0x80 Middlewares/ST/STM32_WPAN/interface/patterns/ble_thread/tl/shci_tl.o
 .debug_aranges
                0x0000000000001b88       0x20 Middlewares/ST/STM32_WPAN/interface/patterns/ble_thread/tl/shci_tl_if.o
 .debug_aranges
                0x0000000000001ba8       0xa8 Middlewares/ST/STM32_WPAN/interface/patterns/ble_thread/tl/tl_mbox.o
 .debug_aranges
                0x0000000000001c50       0x20 Middlewares/ST/STM32_WPAN/utilities/otp.o
 .debug_aranges
                0x0000000000001c70       0x78 Middlewares/ST/STM32_WPAN/utilities/stm_list.o
 .debug_aranges
                0x0000000000001ce8       0xb0 STM32_WPAN/App/app_ble.o
 .debug_aranges
                0x0000000000001d98       0x30 STM32_WPAN/App/p2p_server_app.o
 .debug_aranges
                0x0000000000001dc8      0x130 STM32_WPAN/Target/hw_ipcc.o
 .debug_aranges
                0x0000000000001ef8       0x48 Utilities/lpm/tiny_lpm/stm32_lpm.o
 .debug_aranges
                0x0000000000001f40       0xa8 Utilities/sequencer/stm32_seq.o

.debug_ranges   0x0000000000000000     0x1d90
 .debug_ranges  0x0000000000000000       0x40 Core/Src/app_debug.o
 .debug_ranges  0x0000000000000040       0x68 Core/Src/app_entry.o
 .debug_ranges  0x00000000000000a8       0x98 Core/Src/hw_timerserver.o
 .debug_ranges  0x0000000000000140       0x48 Core/Src/main.o
 .debug_ranges  0x0000000000000188       0x48 Core/Src/stm32wbxx_hal_msp.o
 .debug_ranges  0x00000000000001d0       0x68 Core/Src/stm32wbxx_it.o
 .debug_ranges  0x0000000000000238       0x18 Core/Src/system_stm32wbxx.o
 .debug_ranges  0x0000000000000250       0x28 Core/Startup/startup_stm32wb55cgux.o
 .debug_ranges  0x0000000000000278      0x270 Drivers/STM32WBxx_HAL_Driver/Src/stm32wbxx_hal.o
 .debug_ranges  0x00000000000004e8       0xf8 Drivers/STM32WBxx_HAL_Driver/Src/stm32wbxx_hal_cortex.o
 .debug_ranges  0x00000000000005e0       0x48 Drivers/STM32WBxx_HAL_Driver/Src/stm32wbxx_hal_gpio.o