stm32wbxx_ll_system.h:2221:26:LL_FLASH_GetUDN	4	static
stm32wbxx_ll_system.h:2233:26:LL_FLASH_GetDeviceID	4	static
stm32wbxx_ll_system.h:2245:26:LL_FLASH_GetSTCompanyID	4	static
app_ble.c:382:6:APP_BLE_Init	64	static
app_ble.c:502:28:SVCCTL_App_Notification	48	static
app_ble.c:700:22:APP_BLE_Get_Server_Connection_Status	4	static
app_ble.c:713:13:Ble_Tl_Init	16	static
app_ble.c:724:13:Ble_Hci_Gap_Gatt_Init	88	static
app_ble.c:866:13:Adv_Request	56	static
app_ble.c:951:16:BleGetBdAddress	32	static
app_ble.c:1001:13:Adv_Cancel	16	static
app_ble.c:1033:13:Adv_Cancel_Req	8	static
app_ble.c:1045:13:Switch_OFF_GPIO	4	static
app_ble.c:1104:6:hci_notify_asynch_evt	16	static
app_ble.c:1110:6:hci_cmd_resp_release	16	static
app_ble.c:1116:6:hci_cmd_resp_wait	16	static
app_ble.c:1122:13:BLE_UserEvtRx	24	static
app_ble.c:1140:13:BLE_StatusNot	24	static
app_ble.c:1171:6:SVCCTL_ResumeUserEventFlow	8	static
