stm32wbxx_ll_exti.h:391:22:LL_EXTI_EnableIT_32_63	16	static
stm32wbxx_ll_exti.h:417:22:LL_C2_EXTI_EnableIT_32_63	16	static
stm32wbxx_ll_rcc.h:1497:22:LL_RCC_HSI_EnableAutoFromStop	4	static
stm32wbxx_ll_rcc.h:2330:22:LL_RCC_SetClkAfterWakeFromStop	16	static
stm32wbxx_ll_bus.h:1497:22:LL_C2_AHB1_GRP1_EnableClock	24	static
stm32wbxx_ll_bus.h:1573:22:LL_C2_AHB1_GRP1_EnableClockSleep	24	static
app_entry.c:97:6:APPE_Init	8	static
app_entry.c:139:13:displayConcurrentMode	8	static
app_entry.c:149:13:Init_Debug	8	static
app_entry.c:204:13:SystemPower_Config	8	static
app_entry.c:236:13:appe_Tl_Init	40	static
app_entry.c:262:13:APPE_SysStatusNot	16	static
app_entry.c:277:13:APPE_SysUserEvtRx	24	static
app_entry.c:304:13:APPE_SysEvtError	16	static
app_entry.c:323:13:APPE_SysEvtReadyProcessing	8	static
app_entry.c:355:13:Led_Init	8	static
app_entry.c:372:13:Button_Init	8	static
app_entry.c:419:6:UTIL_SEQ_Idle	4	static
app_entry.c:434:6:UTIL_SEQ_EvtIdle	16	static
app_entry.c:462:6:shci_notify_asynch_evt	16	static
app_entry.c:469:6:shci_cmd_resp_release	16	static
app_entry.c:476:6:shci_cmd_resp_wait	16	static
app_entry.c:484:6:TL_TRACES_EvtReceived	16	static
app_entry.c:501:6:DbgOutputInit	8	static
app_entry.c:516:6:DbgOutputTraces	24	static
app_entry.c:529:6:HAL_GPIO_EXTI_Callback	16	static
