stm32wbxx_ll_exti.h:322:22:LL_EXTI_EnableIT_0_31	16	static
stm32wbxx_ll_exti.h:1029:22:LL_EXTI_EnableRisingTrig_0_31	16	static
hw_timerserver.c:104:17:ReadRtcSsrValue	16	static
hw_timerserver.c:129:13:LinkTimerAfter	24	static
hw_timerserver.c:152:13:LinkTimerBefore	24	static
hw_timerserver.c:179:17:linkTimer	24	static
hw_timerserver.c:249:13:UnlinkTimer	24	static
hw_timerserver.c:291:17:ReturnTimeElapsed	16	static
hw_timerserver.c:333:13:RestartWakeupCounter	16	static
hw_timerserver.c:392:13:RescheduleTimerList	24	static
hw_timerserver.c:484:6:HW_TS_RTC_Wakeup_Handler	48	static,ignoring_inline_asm
hw_timerserver.c:586:6:HW_TS_Init	40	static,ignoring_inline_asm
hw_timerserver.c:672:22:HW_TS_Create	48	static,ignoring_inline_asm
hw_timerserver.c:717:6:HW_TS_Delete	16	static
hw_timerserver.c:726:6:HW_TS_Stop	32	static,ignoring_inline_asm
hw_timerserver.c:798:6:HW_TS_Start	32	static,ignoring_inline_asm
hw_timerserver.c:852:10:HW_TS_RTC_ReadLeftTicksToCount	32	static,ignoring_inline_asm
hw_timerserver.c:885:13:HW_TS_RTC_Int_AppNot	24	static
