stm32wbxx_ll_exti.h:460:22:LL_EXTI_DisableIT_0_31	16	static
stm32wbxx_ll_exti.h:529:22:LL_EXTI_DisableIT_32_63	16	static
stm32wbxx_ll_rcc.h:1610:22:LL_RCC_LSE_Enable	4	static
stm32wbxx_ll_rcc.h:1712:26:LL_RCC_LSE_IsReady	4	static
stm32wbxx_ll_rcc.h:2085:22:LL_RCC_SetRFWKPClockSource	16	static
stm32wbxx_ll_rcc.h:2840:22:LL_RCC_SetRTCClockSource	16	static
stm32wbxx_ll_rcc.h:2864:22:LL_RCC_EnableRTC	4	static
stm32wbxx_ll_rcc.h:2894:22:LL_RCC_ForceBackupDomainReset	4	static
stm32wbxx_ll_rcc.h:2904:22:LL_RCC_ReleaseBackupDomainReset	4	static
stm32wbxx_ll_rcc.h:4119:26:LL_RCC_IsActiveFlag_PINRST	4	static
stm32wbxx_ll_rcc.h:4129:26:LL_RCC_IsActiveFlag_SFTRST	4	static
stm32wbxx_ll_bus.h:744:22:LL_AHB3_GRP1_EnableClock	24	static
stm32wbxx_ll_ipcc.h:312:22:LL_C1_IPCC_DisableTransmitChannel	16	static
stm32wbxx_ll_ipcc.h:381:22:LL_C1_IPCC_DisableReceiveChannel	16	static
stm32wbxx_ll_ipcc.h:450:22:LL_C2_IPCC_DisableTransmitChannel	16	static
stm32wbxx_ll_ipcc.h:519:22:LL_C2_IPCC_DisableReceiveChannel	16	static
stm32wbxx_ll_ipcc.h:574:22:LL_C1_IPCC_ClearFlag_CHx	16	static
stm32wbxx_ll_ipcc.h:645:22:LL_C2_IPCC_ClearFlag_CHx	16	static
stm32wbxx_ll_cortex.h:311:22:LL_LPM_EnableSleep	4	static
stm32wbxx_ll_rtc.h:1033:22:LL_RTC_EnableWriteProtection	16	static
stm32wbxx_ll_rtc.h:1044:22:LL_RTC_DisableWriteProtection	16	static
stm32wbxx_ll_rtc.h:3008:22:LL_RTC_WAKEUP_SetClock	16	static
main.c:70:5:main	8	static
main.c:105:13:Init_Exti	8	static
main.c:114:13:Reset_Device	8	static
main.c:125:13:Reset_IPCC	8	static
main.c:162:13:Reset_BackupDomain	8	static
main.c:181:13:Init_RTC	8	static
main.c:227:6:SystemClock_Config	8	static
main.c:297:6:HAL_Delay	24	static,ignoring_inline_asm
