stm32wbxx_it.c:48:6:NMI_Handler	4	static
stm32wbxx_it.c:57:6:HardFault_Handler	4	static
stm32wbxx_it.c:70:6:SVC_Handler	4	static
stm32wbxx_it.c:79:6:DebugMon_Handler	4	static
stm32wbxx_it.c:88:6:PendSV_Handler	4	static
stm32wbxx_it.c:97:6:SysTick_Handler	8	static
stm32wbxx_it.c:102:7:IPCC_C1_TX_IRQHandler	8	static
stm32wbxx_it.c:109:6:IPCC_C1_RX_IRQHandler	8	static
stm32wbxx_it.c:121:6:EXTI4_IRQHandler	8	static
stm32wbxx_it.c:126:6:EXTI0_IRQHandler	8	static
stm32wbxx_it.c:131:6:EXTI1_IRQHandler	8	static
stm32wbxx_it.c:137:6:USART1_IRQHandler	8	static
stm32wbxx_it.c:144:6:DMA2_Channel4_IRQHandler	8	static
stm32wbxx_it.c:151:6:LPUART1_IRQHandler	8	static
stm32wbxx_it.c:158:6:DMA1_Channel4_IRQHandler	8	static
stm32wbxx_it.c:176:6:RTC_WKUP_IRQHandler	8	static
