Archive member included to satisfy reference by file (symbol)

/usr/bin/../lib/gcc/arm-none-eabi/7.3.1/../../../../arm-none-eabi/lib/thumb/v7e-m/fpv4-sp/hard/libc_nano.a(lib_a-exit.o)
                              /usr/bin/../lib/gcc/arm-none-eabi/7.3.1/../../../../arm-none-eabi/lib/thumb/v7e-m/fpv4-sp/hard/crt0.o (exit)
/usr/bin/../lib/gcc/arm-none-eabi/7.3.1/../../../../arm-none-eabi/lib/thumb/v7e-m/fpv4-sp/hard/libc_nano.a(lib_a-impure.o)
                              /usr/bin/../lib/gcc/arm-none-eabi/7.3.1/../../../../arm-none-eabi/lib/thumb/v7e-m/fpv4-sp/hard/libc_nano.a(lib_a-exit.o) (_global_impure_ptr)
/usr/bin/../lib/gcc/arm-none-eabi/7.3.1/../../../../arm-none-eabi/lib/thumb/v7e-m/fpv4-sp/hard/libc_nano.a(lib_a-init.o)
                              /usr/bin/../lib/gcc/arm-none-eabi/7.3.1/../../../../arm-none-eabi/lib/thumb/v7e-m/fpv4-sp/hard/crt0.o (__libc_init_array)
/usr/bin/../lib/gcc/arm-none-eabi/7.3.1/../../../../arm-none-eabi/lib/thumb/v7e-m/fpv4-sp/hard/libc_nano.a(lib_a-locale.o)
                              _build/nrf52840_xxaa/nrf_log_str_formatter.c.o (__locale_ctype_ptr)
/usr/bin/../lib/gcc/arm-none-eabi/7.3.1/../../../../arm-none-eabi/lib/thumb/v7e-m/fpv4-sp/hard/libc_nano.a(lib_a-mbtowc_r.o)
                              /usr/bin/../lib/gcc/arm-none-eabi/7.3.1/../../../../arm-none-eabi/lib/thumb/v7e-m/fpv4-sp/hard/libc_nano.a(lib_a-locale.o) (__ascii_mbtowc)
/usr/bin/../lib/gcc/arm-none-eabi/7.3.1/../../../../arm-none-eabi/lib/thumb/v7e-m/fpv4-sp/hard/libc_nano.a(lib_a-memcmp.o)
                              _build/nrf52840_xxaa/ble_advdata.c.o (memcmp)
/usr/bin/../lib/gcc/arm-none-eabi/7.3.1/../../../../arm-none-eabi/lib/thumb/v7e-m/fpv4-sp/hard/libc_nano.a(lib_a-memcpy-stub.o)
                              _build/nrf52840_xxaa/nrf_log_frontend.c.o (memcpy)
/usr/bin/../lib/gcc/arm-none-eabi/7.3.1/../../../../arm-none-eabi/lib/thumb/v7e-m/fpv4-sp/hard/libc_nano.a(lib_a-memset.o)
                              /usr/bin/../lib/gcc/arm-none-eabi/7.3.1/../../../../arm-none-eabi/lib/thumb/v7e-m/fpv4-sp/hard/crt0.o (memset)
/usr/bin/../lib/gcc/arm-none-eabi/7.3.1/../../../../arm-none-eabi/lib/thumb/v7e-m/fpv4-sp/hard/libc_nano.a(lib_a-strcmp.o)
                              /usr/bin/../lib/gcc/arm-none-eabi/7.3.1/../../../../arm-none-eabi/lib/thumb/v7e-m/fpv4-sp/hard/libc_nano.a(lib_a-locale.o) (strcmp)
/usr/bin/../lib/gcc/arm-none-eabi/7.3.1/../../../../arm-none-eabi/lib/thumb/v7e-m/fpv4-sp/hard/libc_nano.a(lib_a-strcpy.o)
                              _build/nrf52840_xxaa/SEGGER_RTT.c.o (strcpy)
/usr/bin/../lib/gcc/arm-none-eabi/7.3.1/../../../../arm-none-eabi/lib/thumb/v7e-m/fpv4-sp/hard/libc_nano.a(lib_a-strlen.o)
                              _build/nrf52840_xxaa/nrf_log_frontend.c.o (strlen)
/usr/bin/../lib/gcc/arm-none-eabi/7.3.1/../../../../arm-none-eabi/lib/thumb/v7e-m/fpv4-sp/hard/libc_nano.a(lib_a-wctomb_r.o)
                              /usr/bin/../lib/gcc/arm-none-eabi/7.3.1/../../../../arm-none-eabi/lib/thumb/v7e-m/fpv4-sp/hard/libc_nano.a(lib_a-locale.o) (__ascii_wctomb)
/usr/bin/../lib/gcc/arm-none-eabi/7.3.1/../../../../arm-none-eabi/lib/thumb/v7e-m/fpv4-sp/hard/libc_nano.a(lib_a-ctype_.o)
                              /usr/bin/../lib/gcc/arm-none-eabi/7.3.1/../../../../arm-none-eabi/lib/thumb/v7e-m/fpv4-sp/hard/libc_nano.a(lib_a-locale.o) (_ctype_)
/usr/bin/../lib/gcc/arm-none-eabi/7.3.1/../../../../arm-none-eabi/lib/thumb/v7e-m/fpv4-sp/hard/libnosys.a(_exit.o)
                              /usr/bin/../lib/gcc/arm-none-eabi/7.3.1/../../../../arm-none-eabi/lib/thumb/v7e-m/fpv4-sp/hard/libc_nano.a(lib_a-exit.o) (_exit)

Allocating common symbols
Common symbol       size              file

nrf_nvic_state      0xc               _build/nrf52840_xxaa/app_util_platform.c.o
nrf_drv_uart_use_easy_dma
                    0x2               _build/nrf52840_xxaa/nrf_drv_uart.c.o
_SEGGER_RTT         0x78              _build/nrf52840_xxaa/SEGGER_RTT.c.o

Discarded input sections

 .text          0x0000000000000000        0x0 /usr/bin/../lib/gcc/arm-none-eabi/7.3.1/thumb/v7e-m/fpv4-sp/hard/crti.o
 .data          0x0000000000000000        0x0 /usr/bin/../lib/gcc/arm-none-eabi/7.3.1/thumb/v7e-m/fpv4-sp/hard/crti.o
 .bss           0x0000000000000000        0x0 /usr/bin/../lib/gcc/arm-none-eabi/7.3.1/thumb/v7e-m/fpv4-sp/hard/crti.o
 .data          0x0000000000000000        0x4 /usr/bin/../lib/gcc/arm-none-eabi/7.3.1/thumb/v7e-m/fpv4-sp/hard/crtbegin.o
 .data          0x0000000000000000        0x0 /usr/bin/../lib/gcc/arm-none-eabi/7.3.1/../../../../arm-none-eabi/lib/thumb/v7e-m/fpv4-sp/hard/crt0.o
 .bss           0x0000000000000000        0x0 /usr/bin/../lib/gcc/arm-none-eabi/7.3.1/../../../../arm-none-eabi/lib/thumb/v7e-m/fpv4-sp/hard/crt0.o
 .ARM.extab     0x0000000000000000        0x0 /usr/bin/../lib/gcc/arm-none-eabi/7.3.1/../../../../arm-none-eabi/lib/thumb/v7e-m/fpv4-sp/hard/crt0.o
 .data          0x0000000000000000        0x0 _build/nrf52840_xxaa/gcc_startup_nrf52840.S.o
[...]
Memory Configuration

Name             Origin             Length             Attributes
FLASH            0x0000000000027000 0x00000000000d9000 xr
RAM              0x0000000020002300 0x000000000003dd00 xrw
*default*        0x0000000000000000 0xffffffffffffffff

Linker script and memory map


.text           0x0000000000027000     0x3808
 *(.isr_vector)
 .isr_vector    0x0000000000027000      0x200 _build/nrf52840_xxaa/gcc_startup_nrf52840.S.o
                0x0000000000027000                __isr_vector
 *(.text*)
 .text          0x0000000000027200       0x40 /usr/bin/../lib/gcc/arm-none-eabi/7.3.1/thumb/v7e-m/fpv4-sp/hard/crtbegin.o
 .text          0x0000000000027240       0x74 /usr/bin/../lib/gcc/arm-none-eabi/7.3.1/../../../../arm-none-eabi/lib/thumb/v7e-m/fpv4-sp/hard/crt0.o
                0x0000000000027240                _mainCRTStartup
                0x0000000000027240                _start
 .text          0x00000000000272b4       0x3c _build/nrf52840_xxaa/gcc_startup_nrf52840.S.o
                0x00000000000272b4                Reset_Handler
                0x00000000000272dc                NMI_Handler
                0x00000000000272de                HardFault_Handler
                0x00000000000272e0                MemoryManagement_Handler
                0x00000000000272e2                BusFault_Handler
                0x00000000000272e4                UsageFault_Handler
                0x00000000000272e6                SVC_Handler
                0x00000000000272e8                DebugMon_Handler
                0x00000000000272ea                PendSV_Handler
                0x00000000000272ec                SysTick_Handler
                0x00000000000272ee                TIMER2_IRQHandler
                0x00000000000272ee                RTC0_IRQHandler
                0x00000000000272ee                SWI0_EGU0_IRQHandler
                0x00000000000272ee                PWM1_IRQHandler
                0x00000000000272ee                RADIO_IRQHandler
                0x00000000000272ee                PDM_IRQHandler
                0x00000000000272ee                TEMP_IRQHandler
                0x00000000000272ee                QDEC_IRQHandler
                0x00000000000272ee                TIMER3_IRQHandler
                0x00000000000272ee                PWM3_IRQHandler
                0x00000000000272ee                FPU_IRQHandler
                0x00000000000272ee                USBD_IRQHandler
                0x00000000000272ee                SPIM0_SPIS0_TWIM0_TWIS0_SPI0_TWI0_IRQHandler
                0x00000000000272ee                TIMER4_IRQHandler
                0x00000000000272ee                CRYPTOCELL_IRQHandler
                0x00000000000272ee                I2S_IRQHandler
                0x00000000000272ee                SWI4_EGU4_IRQHandler
                0x00000000000272ee                TIMER0_IRQHandler
                0x00000000000272ee                UARTE1_IRQHandler
                0x00000000000272ee                TIMER1_IRQHandler
                0x00000000000272ee                SPIM3_IRQHandler
                0x00000000000272ee                PWM2_IRQHandler
                0x00000000000272ee                ECB_IRQHandler
                0x00000000000272ee                SPIM1_SPIS1_TWIM1_TWIS1_SPI1_TWI1_IRQHandler
                0x00000000000272ee                Default_Handler
                0x00000000000272ee                SAADC_IRQHandler
                0x00000000000272ee                CCM_AAR_IRQHandler
                0x00000000000272ee                WDT_IRQHandler
                0x00000000000272ee                SWI5_EGU5_IRQHandler
                0x00000000000272ee                RNG_IRQHandler
                0x00000000000272ee                RTC2_IRQHandler
                0x00000000000272ee                PWM0_IRQHandler
                0x00000000000272ee                SWI3_EGU3_IRQHandler
                0x00000000000272ee                SWI1_EGU1_IRQHandler
                0x00000000000272ee                SPIM2_SPIS2_SPI2_IRQHandler
                0x00000000000272ee                NFCT_IRQHandler
                0x00000000000272ee                MWU_IRQHandler
                0x00000000000272ee                QSPI_IRQHandler
                0x00000000000272ee                COMP_LPCOMP_IRQHandler
 .text.nrf_log_backend_serial_put
                0x00000000000272f0       0xd4 _build/nrf52840_xxaa/nrf_log_backend_serial.c.o
                0x00000000000272f0                nrf_log_backend_serial_put
 .text.nrf_log_backend_uart_flush
                0x00000000000273c4        0x4 _build/nrf52840_xxaa/nrf_log_backend_uart.c.o
 .text.nrf_log_backend_uart_put
                0x00000000000273c8       0x20 _build/nrf52840_xxaa/nrf_log_backend_uart.c.o
 .text.serial_tx
                0x00000000000273e8       0x4c _build/nrf52840_xxaa/nrf_log_backend_uart.c.o
 .text.nrf_log_backend_uart_panic_set
                0x0000000000027434       0x60 _build/nrf52840_xxaa/nrf_log_backend_uart.c.o
 .text.log_skip
                0x0000000000027494       0xc8 _build/nrf52840_xxaa/nrf_log_frontend.c.o
 .text.nrf_log_module_name_get
                0x000000000002755c       0x58 _build/nrf52840_xxaa/nrf_log_frontend.c.o
                0x000000000002755c                nrf_log_module_name_get
 .text.nrf_log_color_id_get
                0x00000000000275b4       0x2c _build/nrf52840_xxaa/nrf_log_frontend.c.o
                0x00000000000275b4                nrf_log_color_id_get
 .text.log_pending_hook
                0x00000000000275e0        0x4 _build/nrf52840_xxaa/nrf_log_frontend.c.o
                0x00000000000275e0                log_pending_hook
 .text.nrf_log_frontend_std_0
                0x00000000000275e4       0xe4 _build/nrf52840_xxaa/nrf_log_frontend.c.o
                0x00000000000275e4                nrf_log_frontend_std_0
 .text.nrf_log_frontend_dequeue.part.6
                0x00000000000276c8      0x248 _build/nrf52840_xxaa/nrf_log_frontend.c.o
 .text.nrf_log_frontend_dequeue
                0x0000000000027910       0x18 _build/nrf52840_xxaa/nrf_log_frontend.c.o
                0x0000000000027910                nrf_log_frontend_dequeue
 .text.nrf_log_panic
                0x0000000000027928       0x28 _build/nrf52840_xxaa/nrf_log_frontend.c.o
                0x0000000000027928                nrf_log_panic
 .text.nrf_log_std_entry_process
                0x0000000000027950      0x14c _build/nrf52840_xxaa/nrf_log_str_formatter.c.o
                0x0000000000027950                nrf_log_std_entry_process
 .text.nrf_log_hexdump_entry_process
                0x0000000000027a9c      0x160 _build/nrf52840_xxaa/nrf_log_str_formatter.c.o
                0x0000000000027a9c                nrf_log_hexdump_entry_process
 .text.app_error_handler_bare
                0x0000000000027bfc       0x20 _build/nrf52840_xxaa/app_error.c.o
                0x0000000000027bfc                app_error_handler_bare
 .text.app_error_fault_handler
                0x0000000000027c1c       0x70 _build/nrf52840_xxaa/app_error_weak.c.o
                0x0000000000027c1c                app_error_fault_handler
 .text.app_timer_start
                0x0000000000027c8c       0xcc _build/nrf52840_xxaa/app_timer2.c.o
                0x0000000000027c8c                app_timer_start
 .text.app_timer_stop
                0x0000000000027d58       0x7c _build/nrf52840_xxaa/app_timer2.c.o
                0x0000000000027d58                app_timer_stop
 .text.app_util_critical_region_enter
                0x0000000000027dd4       0x4c _build/nrf52840_xxaa/app_util_platform.c.o
                0x0000000000027dd4                app_util_critical_region_enter
 .text.app_util_critical_region_exit
                0x0000000000027e20       0x30 _build/nrf52840_xxaa/app_util_platform.c.o
                0x0000000000027e20                app_util_critical_region_exit
 .text.drv_rtc_counter_get
                0x0000000000027e50        0x8 _build/nrf52840_xxaa/drv_rtc.c.o
                0x0000000000027e50                drv_rtc_counter_get
 .text.drv_rtc_irq_trigger
                0x0000000000027e58       0x24 _build/nrf52840_xxaa/drv_rtc.c.o
                0x0000000000027e58                drv_rtc_irq_trigger
 .text.RTC1_IRQHandler
                0x0000000000027e7c       0x14 _build/nrf52840_xxaa/drv_rtc.c.o
                0x0000000000027e7c                RTC1_IRQHandler
 .text.nrf_atfifo_item_alloc
                0x0000000000027e90       0x58 _build/nrf52840_xxaa/nrf_atfifo.c.o
                0x0000000000027e90                nrf_atfifo_item_alloc
 .text.nrf_atfifo_item_put
                0x0000000000027ee8       0x20 _build/nrf52840_xxaa/nrf_atfifo.c.o
                0x0000000000027ee8                nrf_atfifo_item_put
 .text.nrf_atflags_set
                0x0000000000027f08       0x14 _build/nrf52840_xxaa/nrf_atflags.c.o
                0x0000000000027f08                nrf_atflags_set
 .text.nrf_atflags_clear
                0x0000000000027f1c       0x14 _build/nrf52840_xxaa/nrf_atflags.c.o
                0x0000000000027f1c                nrf_atflags_clear
 .text.nrf_atflags_get
                0x0000000000027f30       0x14 _build/nrf52840_xxaa/nrf_atflags.c.o
                0x0000000000027f30                nrf_atflags_get
 .text.nrf_atomic_u32_fetch_store
                0x0000000000027f44       0x14 _build/nrf52840_xxaa/nrf_atomic.c.o
                0x0000000000027f44                nrf_atomic_u32_fetch_store
 .text.nrf_atomic_u32_or
                0x0000000000027f58       0x18 _build/nrf52840_xxaa/nrf_atomic.c.o
                0x0000000000027f58                nrf_atomic_u32_or
 .text.nrf_atomic_u32_and
                0x0000000000027f70       0x18 _build/nrf52840_xxaa/nrf_atomic.c.o
                0x0000000000027f70                nrf_atomic_u32_and
 .text.nrf_atomic_u32_add
                0x0000000000027f88       0x18 _build/nrf52840_xxaa/nrf_atomic.c.o
                0x0000000000027f88                nrf_atomic_u32_add
 .text.nrf_atomic_u32_sub
                0x0000000000027fa0       0x18 _build/nrf52840_xxaa/nrf_atomic.c.o
                0x0000000000027fa0                nrf_atomic_u32_sub
 .text.nrf_atomic_flag_set
                0x0000000000027fb8       0x18 _build/nrf52840_xxaa/nrf_atomic.c.o
                0x0000000000027fb8                nrf_atomic_flag_set
 .text.nrf_atomic_flag_clear_fetch
                0x0000000000027fd0       0x18 _build/nrf52840_xxaa/nrf_atomic.c.o
                0x0000000000027fd0                nrf_atomic_flag_clear_fetch
 .text.nrf_balloc_alloc
                0x0000000000027fe8       0x50 _build/nrf52840_xxaa/nrf_balloc.c.o
                0x0000000000027fe8                nrf_balloc_alloc
 .text.nrf_balloc_free
                0x0000000000028038       0x38 _build/nrf52840_xxaa/nrf_balloc.c.o
                0x0000000000028038                nrf_balloc_free
 .text.nrf_fprintf_buffer_flush
                0x0000000000028070       0x18 _build/nrf52840_xxaa/nrf_fprintf.c.o
                0x0000000000028070                nrf_fprintf_buffer_flush
 .text.nrf_fprintf
                0x0000000000028088       0x20 _build/nrf52840_xxaa/nrf_fprintf.c.o
                0x0000000000028088                nrf_fprintf
 .text.unsigned_print
                0x00000000000280a8      0x148 _build/nrf52840_xxaa/nrf_fprintf_format.c.o
 .text.nrf_fprintf_fmt
                0x00000000000281f0      0x6e4 _build/nrf52840_xxaa/nrf_fprintf_format.c.o
                0x00000000000281f0                nrf_fprintf_fmt
 .text.nrf_memobj_alloc
                0x00000000000288d4       0x84 _build/nrf52840_xxaa/nrf_memobj.c.o
                0x00000000000288d4                nrf_memobj_alloc
 .text.nrf_memobj_get
                0x0000000000028958        0x8 _build/nrf52840_xxaa/nrf_memobj.c.o
                0x0000000000028958                nrf_memobj_get
 .text.nrf_memobj_put
                0x0000000000028960       0x44 _build/nrf52840_xxaa/nrf_memobj.c.o
                0x0000000000028960                nrf_memobj_put
 .text.nrf_memobj_write
                0x00000000000289a4       0x68 _build/nrf52840_xxaa/nrf_memobj.c.o
                0x00000000000289a4                nrf_memobj_write
 .text.nrf_memobj_read
                0x0000000000028a0c       0x68 _build/nrf52840_xxaa/nrf_memobj.c.o
                0x0000000000028a0c                nrf_memobj_read
 .text.nrf_section_iter_init
                0x0000000000028a74       0x14 _build/nrf52840_xxaa/nrf_section_iter.c.o
                0x0000000000028a74                nrf_section_iter_init
 .text.nrf_section_iter_next
                0x0000000000028a88       0x18 _build/nrf52840_xxaa/nrf_section_iter.c.o
                0x0000000000028a88                nrf_section_iter_next
 .text.SystemInit
                0x0000000000028aa0      0x254 _build/nrf52840_xxaa/system_nrf52840.c.o
                0x0000000000028aa0                SystemInit
 .text.bsp_board_led_on
                0x0000000000028cf4       0x28 _build/nrf52840_xxaa/boards.c.o
                0x0000000000028cf4                bsp_board_led_on
 .text.bsp_board_led_off
                0x0000000000028d1c       0x28 _build/nrf52840_xxaa/boards.c.o
                0x0000000000028d1c                bsp_board_led_off
 .text.bsp_board_button_state_get
                0x0000000000028d44       0x14 _build/nrf52840_xxaa/boards.c.o
                0x0000000000028d44                bsp_board_button_state_get
 .text.bsp_board_init
                0x0000000000028d58       0xd4 _build/nrf52840_xxaa/boards.c.o
                0x0000000000028d58                bsp_board_init
 .text.clock_irq_handler
                0x0000000000028e2c       0x44 _build/nrf52840_xxaa/nrf_drv_clock.c.o
 .text.soc_evt_handler
                0x0000000000028e70       0x28 _build/nrf52840_xxaa/nrf_drv_clock.c.o
 .text.sd_state_evt_handler
                0x0000000000028e98       0xc0 _build/nrf52840_xxaa/nrf_drv_clock.c.o
 .text.uarte_evt_handler
                0x0000000000028f58       0x34 _build/nrf52840_xxaa/nrf_drv_uart.c.o
 .text.uart_evt_handler
                0x0000000000028f8c       0x34 _build/nrf52840_xxaa/nrf_drv_uart.c.o
 .text.nrf_drv_uart_init
                0x0000000000028fc0       0x88 _build/nrf52840_xxaa/nrf_drv_uart.c.o
                0x0000000000028fc0                nrf_drv_uart_init
 .text.nrfx_clock_init
                0x0000000000029048       0x1c _build/nrf52840_xxaa/nrfx_clock.c.o
                0x0000000000029048                nrfx_clock_init
 .text.nrfx_clock_enable
                0x0000000000029064       0x24 _build/nrf52840_xxaa/nrfx_clock.c.o
                0x0000000000029064                nrfx_clock_enable
 .text.nrfx_clock_lfclk_stop
                0x0000000000029088       0x38 _build/nrf52840_xxaa/nrfx_clock.c.o
                0x0000000000029088                nrfx_clock_lfclk_stop
 .text.POWER_CLOCK_IRQHandler
                0x00000000000290c0       0x64 _build/nrf52840_xxaa/nrfx_clock.c.o
                0x00000000000290c0                POWER_CLOCK_IRQHandler
 .text.GPIOTE_IRQHandler
                0x0000000000029124      0x2bc _build/nrf52840_xxaa/nrfx_gpiote.c.o
                0x0000000000029124                GPIOTE_IRQHandler
 .text.UARTE0_UART0_IRQHandler
                0x00000000000293e0        0xc _build/nrf52840_xxaa/nrfx_prs.c.o
                0x00000000000293e0                UARTE0_UART0_IRQHandler
 .text.nrfx_prs_acquire
                0x00000000000293ec       0x4c _build/nrf52840_xxaa/nrfx_prs.c.o
                0x00000000000293ec                nrfx_prs_acquire
 .text.nrfx_prs_release
                0x0000000000029438       0x18 _build/nrf52840_xxaa/nrfx_prs.c.o
                0x0000000000029438                nrfx_prs_release
 .text.nrfx_uart_0_irq_handler
                0x0000000000029450      0x1c0 _build/nrf52840_xxaa/nrfx_uart.c.o
                0x0000000000029450                nrfx_uart_0_irq_handler
 .text.nrfx_uart_init
                0x0000000000029610      0x1e8 _build/nrf52840_xxaa/nrfx_uart.c.o
                0x0000000000029610                nrfx_uart_init
 .text.nrfx_uart_uninit
                0x00000000000297f8      0x108 _build/nrf52840_xxaa/nrfx_uart.c.o
                0x00000000000297f8                nrfx_uart_uninit
 .text.nrfx_uart_tx
                0x0000000000029900       0xcc _build/nrf52840_xxaa/nrfx_uart.c.o
                0x0000000000029900                nrfx_uart_tx
 .text.nrfx_uarte_0_irq_handler
                0x00000000000299cc      0x154 _build/nrf52840_xxaa/nrfx_uarte.c.o
                0x00000000000299cc                nrfx_uarte_0_irq_handler
 .text.nrfx_uarte_init
                0x0000000000029b20      0x234 _build/nrf52840_xxaa/nrfx_uarte.c.o
                0x0000000000029b20                nrfx_uarte_init
 .text.nrfx_uarte_uninit
                0x0000000000029d54      0x168 _build/nrf52840_xxaa/nrfx_uarte.c.o
                0x0000000000029d54                nrfx_uarte_uninit
 .text.nrfx_uarte_tx
                0x0000000000029ebc       0xac _build/nrf52840_xxaa/nrfx_uarte.c.o
                0x0000000000029ebc                nrfx_uarte_tx
 .text.startup.main
                0x0000000000029f68       0x28 _build/nrf52840_xxaa/main.c.o
                0x0000000000029f68                main
 .text.ble_evt_handler
                0x0000000000029f90      0x1d4 _build/nrf52840_xxaa/ble_conn_params.c.o
 .text.ble_evt_handler
                0x000000000002a164      0x160 _build/nrf52840_xxaa/ble_conn_state.c.o
 .text.ble_srv_is_notification_enabled
                0x000000000002a2c4        0x8 _build/nrf52840_xxaa/ble_srv_common.c.o
                0x000000000002a2c4                ble_srv_is_notification_enabled
 .text.nrf_sdh_is_enabled
                0x000000000002a2cc        0xc _build/nrf52840_xxaa/nrf_sdh.c.o
                0x000000000002a2cc                nrf_sdh_is_enabled
 .text.SWI2_EGU2_IRQHandler
                0x000000000002a2d8       0x2c _build/nrf52840_xxaa/nrf_sdh.c.o
                0x000000000002a2d8                SWI2_EGU2_IRQHandler
 .text.sd_ble_evt_get
                0x000000000002a304        0x4 _build/nrf52840_xxaa/nrf_sdh_ble.c.o
 .text.nrf_sdh_ble_evts_poll
                0x000000000002a308       0x58 _build/nrf52840_xxaa/nrf_sdh_ble.c.o
 .text.sd_evt_get
                0x000000000002a360        0x4 _build/nrf52840_xxaa/nrf_sdh_soc.c.o
 .text.nrf_sdh_soc_evts_poll
                0x000000000002a364       0x4c _build/nrf52840_xxaa/nrf_sdh_soc.c.o
 .text.exit     0x000000000002a3b0       0x28 /usr/bin/../lib/gcc/arm-none-eabi/7.3.1/../../../../arm-none-eabi/lib/thumb/v7e-m/fpv4-sp/hard/libc_nano.a(lib_a-exit.o)
                0x000000000002a3b0                exit
 .text.__libc_init_array
                0x000000000002a3d8       0x48 /usr/bin/../lib/gcc/arm-none-eabi/7.3.1/../../../../arm-none-eabi/lib/thumb/v7e-m/fpv4-sp/hard/libc_nano.a(lib_a-init.o)
                0x000000000002a3d8                __libc_init_array
 .text.__locale_ctype_ptr
                0x000000000002a420       0x1c /usr/bin/../lib/gcc/arm-none-eabi/7.3.1/../../../../arm-none-eabi/lib/thumb/v7e-m/fpv4-sp/hard/libc_nano.a(lib_a-locale.o)
                0x000000000002a420                __locale_ctype_ptr
 .text.__ascii_mbtowc
                0x000000000002a43c       0x24 /usr/bin/../lib/gcc/arm-none-eabi/7.3.1/../../../../arm-none-eabi/lib/thumb/v7e-m/fpv4-sp/hard/libc_nano.a(lib_a-mbtowc_r.o)
                0x000000000002a43c                __ascii_mbtowc
 .text.memcpy   0x000000000002a460       0x16 /usr/bin/../lib/gcc/arm-none-eabi/7.3.1/../../../../arm-none-eabi/lib/thumb/v7e-m/fpv4-sp/hard/libc_nano.a(lib_a-memcpy-stub.o)
                0x000000000002a460                memcpy
 .text.memset   0x000000000002a476       0x10 /usr/bin/../lib/gcc/arm-none-eabi/7.3.1/../../../../arm-none-eabi/lib/thumb/v7e-m/fpv4-sp/hard/libc_nano.a(lib_a-memset.o)
                0x000000000002a476                memset
 .text          0x000000000002a486       0x10 /usr/bin/../lib/gcc/arm-none-eabi/7.3.1/../../../../arm-none-eabi/lib/thumb/v7e-m/fpv4-sp/hard/libc_nano.a(lib_a-strlen.o)
                0x000000000002a486                strlen
 .text.__ascii_wctomb
                0x000000000002a496       0x1a /usr/bin/../lib/gcc/arm-none-eabi/7.3.1/../../../../arm-none-eabi/lib/thumb/v7e-m/fpv4-sp/hard/libc_nano.a(lib_a-wctomb_r.o)
                0x000000000002a496                __ascii_wctomb
 .text._exit    0x000000000002a4b0        0x4 /usr/bin/../lib/gcc/arm-none-eabi/7.3.1/../../../../arm-none-eabi/lib/thumb/v7e-m/fpv4-sp/hard/libnosys.a(_exit.o)
                0x000000000002a4b0                _exit
 *(.init)
 .init          0x000000000002a4b4        0x4 /usr/bin/../lib/gcc/arm-none-eabi/7.3.1/thumb/v7e-m/fpv4-sp/hard/crti.o
                0x000000000002a4b4                _init
 .init          0x000000000002a4b8        0x8 /usr/bin/../lib/gcc/arm-none-eabi/7.3.1/thumb/v7e-m/fpv4-sp/hard/crtn.o
 *(.fini)
 .fini          0x000000000002a4c0        0x4 /usr/bin/../lib/gcc/arm-none-eabi/7.3.1/thumb/v7e-m/fpv4-sp/hard/crti.o
                0x000000000002a4c0                _fini
 .fini          0x000000000002a4c4        0x8 /usr/bin/../lib/gcc/arm-none-eabi/7.3.1/thumb/v7e-m/fpv4-sp/hard/crtn.o
 *crtbegin.o(.ctors)
 *crtbegin?.o(.ctors)
 *(EXCLUDE_FILE(*crtend.o *crtend?.o) .ctors)
 *(SORT_BY_NAME(.ctors.*))
 *(.ctors)
 *crtbegin.o(.dtors)
 *crtbegin?.o(.dtors)
 *(EXCLUDE_FILE(*crtend.o *crtend?.o) .dtors)
 *(SORT_BY_NAME(.dtors.*))
 *(.dtors)
 *(.rodata*)
 .rodata        0x000000000002a4cc       0x20 _build/nrf52840_xxaa/nrf_log_backend_uart.c.o
 .rodata.nrf_log_backend_uart_api
                0x000000000002a4ec        0xc _build/nrf52840_xxaa/nrf_log_backend_uart.c.o
                0x000000000002a4ec                nrf_log_backend_uart_api
 .rodata.str1.4
                0x000000000002a4f8       0x11 _build/nrf52840_xxaa/nrf_log_default_backends.c.o
 *fill*         0x000000000002a509        0x3 
 .rodata.nrf_log_frontend_dequeue.part.6.str1.4
                0x000000000002a50c       0x11 _build/nrf52840_xxaa/nrf_log_frontend.c.o
 *fill*         0x000000000002a51d        0x3 
 .rodata.str1.4
                0x000000000002a520        0x4 _build/nrf52840_xxaa/nrf_log_frontend.c.o
 .rodata.m_colors
                0x000000000002a524       0x24 _build/nrf52840_xxaa/nrf_log_str_formatter.c.o
 .rodata.nrf_log_hexdump_entry_process.str1.4
                0x000000000002a548       0x13 _build/nrf52840_xxaa/nrf_log_str_formatter.c.o
                                         0x16 (size before relaxing)
 *fill*         0x000000000002a55b        0x1 
 .rodata.nrf_log_std_entry_process.str1.4
                0x000000000002a55c       0x3b _build/nrf52840_xxaa/nrf_log_str_formatter.c.o
 *fill*         0x000000000002a597        0x1 
 .rodata.severity_names
                0x000000000002a598       0x14 _build/nrf52840_xxaa/nrf_log_str_formatter.c.o
 .rodata.str1.4
                0x000000000002a5ac       0x56 _build/nrf52840_xxaa/nrf_log_str_formatter.c.o
 *fill*         0x000000000002a602        0x2 
 .rodata.str1.4
                0x000000000002a604        0xb _build/nrf52840_xxaa/app_button.c.o
 *fill*         0x000000000002a60f        0x1 
 .rodata.app_error_fault_handler.str1.4
                0x000000000002a610       0x19 _build/nrf52840_xxaa/app_error_weak.c.o
 *fill*         0x000000000002a629        0x3 
 .rodata.str1.4
                0x000000000002a62c        0xa _build/nrf52840_xxaa/app_timer2.c.o
 *fill*         0x000000000002a636        0x2 
 .rodata._aV2C.7796
                0x000000000002a638       0x10 _build/nrf52840_xxaa/nrf_fprintf_format.c.o
 .rodata.str1.4
                0x000000000002a648        0x9 _build/nrf52840_xxaa/nrf_pwr_mgmt.c.o
 *fill*         0x000000000002a651        0x3 
 .rodata.str1.4
                0x000000000002a654        0x9 _build/nrf52840_xxaa/nrf_sortlist.c.o
 *fill*         0x000000000002a65d        0x3 
 .rodata.CSWTCH.15
                0x000000000002a660        0x6 _build/nrf52840_xxaa/system_nrf52840.c.o
 *fill*         0x000000000002a666        0x2 
 .rodata.CSWTCH.6
                0x000000000002a668        0x6 _build/nrf52840_xxaa/system_nrf52840.c.o
 *fill*         0x000000000002a66e        0x2 
 .rodata.m_board_led_list
                0x000000000002a670        0x4 _build/nrf52840_xxaa/boards.c.o
 .rodata.str1.4
                0x000000000002a674        0x6 _build/nrf52840_xxaa/nrf_drv_clock.c.o
 *fill*         0x000000000002a67a        0x2 
 .rodata.str1.4
                0x000000000002a67c        0x6 _build/nrf52840_xxaa/nrfx_clock.c.o
 *fill*         0x000000000002a682        0x2 
 .rodata.str1.4
                0x000000000002a684        0x7 _build/nrf52840_xxaa/nrfx_gpiote.c.o
 *fill*         0x000000000002a68b        0x1 
 .rodata.str1.4
                0x000000000002a68c        0x4 _build/nrf52840_xxaa/nrfx_prs.c.o
 .rodata.str1.4
                0x000000000002a690        0x5 _build/nrf52840_xxaa/nrfx_uart.c.o
 *fill*         0x000000000002a695        0x3 
 .rodata.str1.4
                0x000000000002a698        0x6 _build/nrf52840_xxaa/nrfx_uarte.c.o
 *fill*         0x000000000002a69e        0x2 
 .rodata.str1.4
                0x000000000002a6a0        0xd _build/nrf52840_xxaa/nrf_ble_gatt.c.o
 *fill*         0x000000000002a6ad        0x3 
 .rodata.sdh_stack_observers
                0x000000000002a6b0        0xc _build/nrf52840_xxaa/nrf_sdh.c.o
 .rodata.str1.4
                0x000000000002a6bc        0x8 _build/nrf52840_xxaa/nrf_sdh.c.o
 .rodata.sdh_ble_observers
                0x000000000002a6c4        0xc _build/nrf52840_xxaa/nrf_sdh_ble.c.o
 .rodata.str1.4
                0x000000000002a6d0        0xc _build/nrf52840_xxaa/nrf_sdh_ble.c.o
 .rodata.sdh_soc_observers
                0x000000000002a6dc        0xc _build/nrf52840_xxaa/nrf_sdh_soc.c.o
 .rodata.str1.4
                0x000000000002a6e8        0xc _build/nrf52840_xxaa/nrf_sdh_soc.c.o
 .rodata._global_impure_ptr
                0x000000000002a6f4        0x4 /usr/bin/../lib/gcc/arm-none-eabi/7.3.1/../../../../arm-none-eabi/lib/thumb/v7e-m/fpv4-sp/hard/libc_nano.a(lib_a-impure.o)
                0x000000000002a6f4                _global_impure_ptr
 .rodata._setlocale_r.str1.1
                0x000000000002a6f8        0x8 /usr/bin/../lib/gcc/arm-none-eabi/7.3.1/../../../../arm-none-eabi/lib/thumb/v7e-m/fpv4-sp/hard/libc_nano.a(lib_a-locale.o)
                                          0x9 (size before relaxing)
 .rodata.str1.1
                0x000000000002a700        0x2 /usr/bin/../lib/gcc/arm-none-eabi/7.3.1/../../../../arm-none-eabi/lib/thumb/v7e-m/fpv4-sp/hard/libc_nano.a(lib_a-locale.o)
 .rodata._ctype_
                0x000000000002a702      0x101 /usr/bin/../lib/gcc/arm-none-eabi/7.3.1/../../../../arm-none-eabi/lib/thumb/v7e-m/fpv4-sp/hard/libc_nano.a(lib_a-ctype_.o)
                0x000000000002a702                _ctype_
 *(.eh_frame*)
 *fill*         0x000000000002a803        0x1 
 .eh_frame      0x000000000002a804        0x0 /usr/bin/../lib/gcc/arm-none-eabi/7.3.1/thumb/v7e-m/fpv4-sp/hard/crtbegin.o
 .eh_frame      0x000000000002a804        0x4 /usr/bin/../lib/gcc/arm-none-eabi/7.3.1/thumb/v7e-m/fpv4-sp/hard/crtend.o

.glue_7         0x000000000002a808        0x0
 .glue_7        0x000000000002a808        0x0 linker stubs

.glue_7t        0x000000000002a808        0x0
 .glue_7t       0x000000000002a808        0x0 linker stubs

.vfp11_veneer   0x000000000002a808        0x0
 .vfp11_veneer  0x000000000002a808        0x0 linker stubs

.v4_bx          0x000000000002a808        0x0
 .v4_bx         0x000000000002a808        0x0 linker stubs

.iplt           0x000000000002a808        0x0
 .iplt          0x000000000002a808        0x0 /usr/bin/../lib/gcc/arm-none-eabi/7.3.1/thumb/v7e-m/fpv4-sp/hard/crtbegin.o

.mem_section_dummy_rom

.sdh_soc_observers
                0x000000000002a808        0x8
                0x000000000002a808                PROVIDE (__start_sdh_soc_observers = .)
 *(SORT_BY_NAME(.sdh_soc_observers*))
 .sdh_soc_observers0
                0x000000000002a808        0x8 _build/nrf52840_xxaa/nrf_drv_clock.c.o
                0x000000000002a810                PROVIDE (__stop_sdh_soc_observers = .)

.pwr_mgmt_data  0x000000000002a810        0x0
                0x000000000002a810                PROVIDE (__start_pwr_mgmt_data = .)
 *(SORT_BY_NAME(.pwr_mgmt_data*))
                0x000000000002a810                PROVIDE (__stop_pwr_mgmt_data = .)

.sdh_ble_observers
                0x000000000002a810       0x10
                0x000000000002a810                PROVIDE (__start_sdh_ble_observers = .)
 *(SORT_BY_NAME(.sdh_ble_observers*))
 .sdh_ble_observers0
                0x000000000002a810        0x8 _build/nrf52840_xxaa/ble_conn_state.c.o
 .sdh_ble_observers1
                0x000000000002a818        0x8 _build/nrf52840_xxaa/ble_conn_params.c.o
                0x000000000002a820                PROVIDE (__stop_sdh_ble_observers = .)

.sdh_req_observers
                0x000000000002a820        0x0
                0x000000000002a820                PROVIDE (__start_sdh_req_observers = .)
 *(SORT_BY_NAME(.sdh_req_observers*))
                0x000000000002a820                PROVIDE (__stop_sdh_req_observers = .)

.sdh_state_observers
                0x000000000002a820        0x8
                0x000000000002a820                PROVIDE (__start_sdh_state_observers = .)
 *(SORT_BY_NAME(.sdh_state_observers*))
 .sdh_state_observers0
                0x000000000002a820        0x8 _build/nrf52840_xxaa/nrf_drv_clock.c.o
                0x000000000002a828                PROVIDE (__stop_sdh_state_observers = .)

.sdh_stack_observers
                0x000000000002a828       0x10
                0x000000000002a828                PROVIDE (__start_sdh_stack_observers = .)
 *(SORT_BY_NAME(.sdh_stack_observers*))
 .sdh_stack_observers0
                0x000000000002a828        0x8 _build/nrf52840_xxaa/nrf_sdh_ble.c.o
 .sdh_stack_observers0
                0x000000000002a830        0x8 _build/nrf52840_xxaa/nrf_sdh_soc.c.o
                0x000000000002a838                PROVIDE (__stop_sdh_stack_observers = .)

.nrf_queue      0x000000000002a838        0x0
                [!provide]                        PROVIDE (__start_nrf_queue = .)
 *(.nrf_queue)
                [!provide]                        PROVIDE (__stop_nrf_queue = .)

.nrf_balloc     0x000000000002a838       0x14
                [!provide]                        PROVIDE (__start_nrf_balloc = .)
 *(.nrf_balloc)
 .nrf_balloc    0x000000000002a838       0x14 _build/nrf52840_xxaa/nrf_log_frontend.c.o
                0x000000000002a838                log_mempool
                [!provide]                        PROVIDE (__stop_nrf_balloc = .)

.cli_command    0x000000000002a84c        0x0
                [!provide]                        PROVIDE (__start_cli_command = .)
 *(.cli_command)
                [!provide]                        PROVIDE (__stop_cli_command = .)

.crypto_data    0x000000000002a84c        0x0
                [!provide]                        PROVIDE (__start_crypto_data = .)
 *(SORT_BY_NAME(.crypto_data*))
                [!provide]                        PROVIDE (__stop_crypto_data = .)

.log_const_data
                0x000000000002a84c       0x78
                0x000000000002a84c                PROVIDE (__start_log_const_data = .)
 *(SORT_BY_NAME(.log_const_data*))
 .log_const_data_CLOCK
                0x000000000002a84c        0x8 _build/nrf52840_xxaa/nrfx_clock.c.o
                0x000000000002a84c                m_nrf_log_CLOCK_logs_data_const
 .log_const_data_GPIOTE
                0x000000000002a854        0x8 _build/nrf52840_xxaa/nrfx_gpiote.c.o
                0x000000000002a854                m_nrf_log_GPIOTE_logs_data_const
 .log_const_data_PRS
                0x000000000002a85c        0x8 _build/nrf52840_xxaa/nrfx_prs.c.o
                0x000000000002a85c                m_nrf_log_PRS_logs_data_const
 .log_const_data_UART
                0x000000000002a864        0x8 _build/nrf52840_xxaa/nrfx_uart.c.o
                0x000000000002a864                m_nrf_log_UART_logs_data_const
 .log_const_data_UARTE
                0x000000000002a86c        0x8 _build/nrf52840_xxaa/nrfx_uarte.c.o
                0x000000000002a86c                m_nrf_log_UARTE_logs_data_const
 .log_const_data_app
                0x000000000002a874        0x8 _build/nrf52840_xxaa/nrf_log_frontend.c.o
                0x000000000002a874                m_nrf_log_app_logs_data_const
 .log_const_data_app_button
                0x000000000002a87c        0x8 _build/nrf52840_xxaa/app_button.c.o
                0x000000000002a87c                m_nrf_log_app_button_logs_data_const
 .log_const_data_app_timer
                0x000000000002a884        0x8 _build/nrf52840_xxaa/app_timer2.c.o
                0x000000000002a884                m_nrf_log_app_timer_logs_data_const
 .log_const_data_clock
                0x000000000002a88c        0x8 _build/nrf52840_xxaa/nrf_drv_clock.c.o
                0x000000000002a88c                m_nrf_log_clock_logs_data_const
 .log_const_data_nrf_ble_gatt
                0x000000000002a894        0x8 _build/nrf52840_xxaa/nrf_ble_gatt.c.o
                0x000000000002a894                m_nrf_log_nrf_ble_gatt_logs_data_const
 .log_const_data_nrf_sdh
                0x000000000002a89c        0x8 _build/nrf52840_xxaa/nrf_sdh.c.o
                0x000000000002a89c                m_nrf_log_nrf_sdh_logs_data_const
 .log_const_data_nrf_sdh_ble
                0x000000000002a8a4        0x8 _build/nrf52840_xxaa/nrf_sdh_ble.c.o
                0x000000000002a8a4                m_nrf_log_nrf_sdh_ble_logs_data_const
 .log_const_data_nrf_sdh_soc
                0x000000000002a8ac        0x8 _build/nrf52840_xxaa/nrf_sdh_soc.c.o
                0x000000000002a8ac                m_nrf_log_nrf_sdh_soc_logs_data_const
 .log_const_data_pwr_mgmt
                0x000000000002a8b4        0x8 _build/nrf52840_xxaa/nrf_pwr_mgmt.c.o
                0x000000000002a8b4                m_nrf_log_pwr_mgmt_logs_data_const
 .log_const_data_sortlist
                0x000000000002a8bc        0x8 _build/nrf52840_xxaa/nrf_sortlist.c.o
                0x000000000002a8bc                m_nrf_log_sortlist_logs_data_const
                0x000000000002a8c4                PROVIDE (__stop_log_const_data = .)

.log_backends   0x000000000002a8c4       0x10
                [!provide]                        PROVIDE (__start_log_backends = .)
 *(SORT_BY_NAME(.log_backends*))
 .log_backends  0x000000000002a8c4       0x10 _build/nrf52840_xxaa/nrf_log_default_backends.c.o
                [!provide]                        PROVIDE (__stop_log_backends = .)

.ARM.extab
 *(.ARM.extab* .gnu.linkonce.armextab.*)
                0x000000000002a8d4                __exidx_start = .

.ARM.exidx      0x000000000002a8d4        0x8
 *(.ARM.exidx* .gnu.linkonce.armexidx.*)
 .ARM.exidx     0x000000000002a8d4        0x8 /usr/bin/../lib/gcc/arm-none-eabi/7.3.1/../../../../arm-none-eabi/lib/thumb/v7e-m/fpv4-sp/hard/crt0.o
                0x000000000002a8dc                __exidx_end = .

.rel.dyn        0x000000000002a8dc        0x0
 .rel.iplt      0x000000000002a8dc        0x0 /usr/bin/../lib/gcc/arm-none-eabi/7.3.1/thumb/v7e-m/fpv4-sp/hard/crtbegin.o
                0x000000000002a8dc                . = ALIGN (0x4)
                0x000000000002a8dc                __etext = .

.data           0x0000000020002300      0x200 load address 0x000000000002a8dc
                0x0000000020002300                __data_start__ = .
 *(vtable)
 *(.data*)
 .data.m_uart   0x0000000020002300       0x14 _build/nrf52840_xxaa/nrf_log_backend_uart.c.o
                0x0000000020002300                m_uart
 .data.log_backend_cb_uart_log_backend
                0x0000000020002314        0x8 _build/nrf52840_xxaa/nrf_log_default_backends.c.o
 .data.m_rtc_inst
                0x000000002000231c        0x8 _build/nrf52840_xxaa/app_timer2.c.o
 .data.SystemCoreClock
                0x0000000020002324        0x4 _build/nrf52840_xxaa/system_nrf52840.c.o
                0x0000000020002324                SystemCoreClock
 .data._impure_ptr
                0x0000000020002328        0x4 /usr/bin/../lib/gcc/arm-none-eabi/7.3.1/../../../../arm-none-eabi/lib/thumb/v7e-m/fpv4-sp/hard/libc_nano.a(lib_a-impure.o)
                0x0000000020002328                _impure_ptr
 .data.impure_data
                0x000000002000232c       0x60 /usr/bin/../lib/gcc/arm-none-eabi/7.3.1/../../../../arm-none-eabi/lib/thumb/v7e-m/fpv4-sp/hard/libc_nano.a(lib_a-impure.o)
 .data.__global_locale
                0x000000002000238c      0x16c /usr/bin/../lib/gcc/arm-none-eabi/7.3.1/../../../../arm-none-eabi/lib/thumb/v7e-m/fpv4-sp/hard/libc_nano.a(lib_a-locale.o)
                0x000000002000238c                __global_locale
                0x00000000200024f8                . = ALIGN (0x4)
                0x00000000200024f8                PROVIDE (__preinit_array_start = .)
 *(.preinit_array)
                0x00000000200024f8                PROVIDE (__preinit_array_end = .)
                0x00000000200024f8                . = ALIGN (0x4)
                0x00000000200024f8                PROVIDE (__init_array_start = .)
 *(SORT_BY_NAME(.init_array.*))
 *(.init_array)
 .init_array    0x00000000200024f8        0x4 /usr/bin/../lib/gcc/arm-none-eabi/7.3.1/thumb/v7e-m/fpv4-sp/hard/crtbegin.o
                0x00000000200024fc                PROVIDE (__init_array_end = .)
                0x00000000200024fc                . = ALIGN (0x4)
                [!provide]                        PROVIDE (__fini_array_start = .)
 *(SORT_BY_NAME(.fini_array.*))
 *(.fini_array)
 .fini_array    0x00000000200024fc        0x4 /usr/bin/../lib/gcc/arm-none-eabi/7.3.1/thumb/v7e-m/fpv4-sp/hard/crtbegin.o
                [!provide]                        PROVIDE (__fini_array_end = .)
 *(.jcr*)
                0x0000000020002500                . = ALIGN (0x4)
                0x0000000020002500                __data_end__ = .
LOAD /usr/bin/../lib/gcc/arm-none-eabi/7.3.1/thumb/v7e-m/fpv4-sp/hard/crti.o
LOAD /usr/bin/../lib/gcc/arm-none-eabi/7.3.1/thumb/v7e-m/fpv4-sp/hard/crtbegin.o
LOAD /usr/bin/../lib/gcc/arm-none-eabi/7.3.1/../../../../arm-none-eabi/lib/thumb/v7e-m/fpv4-sp/hard/crt0.o
LOAD _build/nrf52840_xxaa/gcc_startup_nrf52840.S.o
LOAD _build/nrf52840_xxaa/nrf_log_backend_rtt.c.o
LOAD _build/nrf52840_xxaa/nrf_log_backend_serial.c.o
LOAD _build/nrf52840_xxaa/nrf_log_backend_uart.c.o
LOAD _build/nrf52840_xxaa/nrf_log_default_backends.c.o
LOAD _build/nrf52840_xxaa/nrf_log_frontend.c.o
LOAD _build/nrf52840_xxaa/nrf_log_str_formatter.c.o
LOAD _build/nrf52840_xxaa/app_button.c.o
LOAD _build/nrf52840_xxaa/app_error.c.o
LOAD _build/nrf52840_xxaa/app_error_handler_gcc.c.o
LOAD _build/nrf52840_xxaa/app_error_weak.c.o
LOAD _build/nrf52840_xxaa/app_scheduler.c.o
LOAD _build/nrf52840_xxaa/app_timer2.c.o
LOAD _build/nrf52840_xxaa/app_util_platform.c.o
LOAD _build/nrf52840_xxaa/drv_rtc.c.o
LOAD _build/nrf52840_xxaa/hardfault_implementation.c.o
LOAD _build/nrf52840_xxaa/nrf_assert.c.o
LOAD _build/nrf52840_xxaa/nrf_atfifo.c.o
LOAD _build/nrf52840_xxaa/nrf_atflags.c.o
LOAD _build/nrf52840_xxaa/nrf_atomic.c.o
LOAD _build/nrf52840_xxaa/nrf_balloc.c.o
LOAD _build/nrf52840_xxaa/nrf_fprintf.c.o
LOAD _build/nrf52840_xxaa/nrf_fprintf_format.c.o
LOAD _build/nrf52840_xxaa/nrf_memobj.c.o
LOAD _build/nrf52840_xxaa/nrf_pwr_mgmt.c.o
LOAD _build/nrf52840_xxaa/nrf_ringbuf.c.o
LOAD _build/nrf52840_xxaa/nrf_section_iter.c.o
LOAD _build/nrf52840_xxaa/nrf_sortlist.c.o
LOAD _build/nrf52840_xxaa/nrf_strerror.c.o
LOAD _build/nrf52840_xxaa/system_nrf52840.c.o
LOAD _build/nrf52840_xxaa/boards.c.o
LOAD _build/nrf52840_xxaa/nrf_drv_clock.c.o
LOAD _build/nrf52840_xxaa/nrf_drv_uart.c.o
LOAD _build/nrf52840_xxaa/nrfx_atomic.c.o
LOAD _build/nrf52840_xxaa/nrfx_clock.c.o
LOAD _build/nrf52840_xxaa/nrfx_gpiote.c.o
LOAD _build/nrf52840_xxaa/nrfx_prs.c.o
LOAD _build/nrf52840_xxaa/nrfx_uart.c.o
LOAD _build/nrf52840_xxaa/nrfx_uarte.c.o
LOAD _build/nrf52840_xxaa/main.c.o
LOAD _build/nrf52840_xxaa/SEGGER_RTT.c.o
LOAD _build/nrf52840_xxaa/SEGGER_RTT_Syscalls_GCC.c.o
LOAD _build/nrf52840_xxaa/SEGGER_RTT_printf.c.o
LOAD _build/nrf52840_xxaa/ble_advdata.c.o
LOAD _build/nrf52840_xxaa/ble_conn_params.c.o
LOAD _build/nrf52840_xxaa/ble_conn_state.c.o
LOAD _build/nrf52840_xxaa/ble_srv_common.c.o
LOAD _build/nrf52840_xxaa/nrf_ble_gatt.c.o
LOAD _build/nrf52840_xxaa/nrf_ble_qwr.c.o
LOAD _build/nrf52840_xxaa/utf.c.o
LOAD _build/nrf52840_xxaa/ble_lbs.c.o
LOAD _build/nrf52840_xxaa/nrf_sdh.c.o
LOAD _build/nrf52840_xxaa/nrf_sdh_ble.c.o
LOAD _build/nrf52840_xxaa/nrf_sdh_soc.c.o
LOAD /usr/bin/../lib/gcc/arm-none-eabi/7.3.1/../../../../arm-none-eabi/lib/thumb/v7e-m/fpv4-sp/hard/libc_nano.a
LOAD /usr/bin/../lib/gcc/arm-none-eabi/7.3.1/../../../../arm-none-eabi/lib/thumb/v7e-m/fpv4-sp/hard/libnosys.a
LOAD /usr/bin/../lib/gcc/arm-none-eabi/7.3.1/../../../../arm-none-eabi/lib/thumb/v7e-m/fpv4-sp/hard/libm.a
START GROUP
LOAD /usr/bin/../lib/gcc/arm-none-eabi/7.3.1/thumb/v7e-m/fpv4-sp/hard/libgcc.a
LOAD /usr/bin/../lib/gcc/arm-none-eabi/7.3.1/../../../../arm-none-eabi/lib/thumb/v7e-m/fpv4-sp/hard/libg_nano.a
LOAD /usr/bin/../lib/gcc/arm-none-eabi/7.3.1/../../../../arm-none-eabi/lib/thumb/v7e-m/fpv4-sp/hard/libc_nano.a
END GROUP
START GROUP
LOAD /usr/bin/../lib/gcc/arm-none-eabi/7.3.1/thumb/v7e-m/fpv4-sp/hard/libgcc.a
LOAD /usr/bin/../lib/gcc/arm-none-eabi/7.3.1/../../../../arm-none-eabi/lib/thumb/v7e-m/fpv4-sp/hard/libc_nano.a
END GROUP
LOAD /usr/bin/../lib/gcc/arm-none-eabi/7.3.1/thumb/v7e-m/fpv4-sp/hard/crtend.o
LOAD /usr/bin/../lib/gcc/arm-none-eabi/7.3.1/thumb/v7e-m/fpv4-sp/hard/crtn.o
START GROUP
LOAD /usr/bin/../lib/gcc/arm-none-eabi/7.3.1/thumb/v7e-m/fpv4-sp/hard/libgcc.a
LOAD /usr/bin/../lib/gcc/arm-none-eabi/7.3.1/../../../../arm-none-eabi/lib/thumb/v7e-m/fpv4-sp/hard/libc.a
LOAD /usr/bin/../lib/gcc/arm-none-eabi/7.3.1/../../../../arm-none-eabi/lib/thumb/v7e-m/fpv4-sp/hard/libnosys.a
END GROUP

.igot.plt       0x0000000020002500        0x0 load address 0x000000000002aadc
 .igot.plt      0x0000000020002500        0x0 /usr/bin/../lib/gcc/arm-none-eabi/7.3.1/thumb/v7e-m/fpv4-sp/hard/crtbegin.o
                0x0000000020002500                . = ALIGN (0x4)

.mem_section_dummy_ram

.cli_sorted_cmd_ptrs
                0x0000000020002500        0x0
                [!provide]                        PROVIDE (__start_cli_sorted_cmd_ptrs = .)
 *(.cli_sorted_cmd_ptrs)
                [!provide]                        PROVIDE (__stop_cli_sorted_cmd_ptrs = .)

.fs_data        0x0000000020002500        0x0
                [!provide]                        PROVIDE (__start_fs_data = .)
 *(.fs_data)
                [!provide]                        PROVIDE (__stop_fs_data = .)

.log_dynamic_data
                0x0000000020002500        0x0
                0x0000000020002500                PROVIDE (__start_log_dynamic_data = .)
 *(SORT_BY_NAME(.log_dynamic_data*))
                [!provide]                        PROVIDE (__stop_log_dynamic_data = .)

.log_filter_data
                0x0000000020002500        0x0
                [!provide]                        PROVIDE (__start_log_filter_data = .)
 *(SORT_BY_NAME(.log_filter_data*))
                [!provide]                        PROVIDE (__stop_log_filter_data = .)

.bss            0x0000000020002500      0x73c load address 0x000000000002aae0
                0x0000000020002500                . = ALIGN (0x4)
                0x0000000020002500                __bss_start__ = .
 *(.bss*)
 .bss           0x0000000020002500       0x1c /usr/bin/../lib/gcc/arm-none-eabi/7.3.1/thumb/v7e-m/fpv4-sp/hard/crtbegin.o
 .bss.m_async_mode
                0x000000002000251c        0x1 _build/nrf52840_xxaa/nrf_log_backend_uart.c.o
 *fill*         0x000000002000251d        0x3 
 .bss.m_string_buff
                0x0000000020002520       0x40 _build/nrf52840_xxaa/nrf_log_backend_uart.c.o
 .bss.m_xfer_done
                0x0000000020002560        0x1 _build/nrf52840_xxaa/nrf_log_backend_uart.c.o
 *fill*         0x0000000020002561        0x3 
 .bss.log_mempool_nrf_balloc_cb
                0x0000000020002564        0x8 _build/nrf52840_xxaa/nrf_log_frontend.c.o
 .bss.log_mempool_nrf_balloc_pool_mem
                0x000000002000256c       0xc0 _build/nrf52840_xxaa/nrf_log_frontend.c.o
 .bss.log_mempool_nrf_balloc_pool_stack
                0x000000002000262c        0x8 _build/nrf52840_xxaa/nrf_log_frontend.c.o
 .bss.m_log_data
                0x0000000020002634      0x420 _build/nrf52840_xxaa/nrf_log_frontend.c.o
 *fill*         0x0000000020002a54        0x4 
 .bss.m_base_counter
                0x0000000020002a58        0x8 _build/nrf52840_xxaa/app_timer2.c.o
 .bss.m_req_fifo_inst
                0x0000000020002a60       0x10 _build/nrf52840_xxaa/app_timer2.c.o
 .bss.m_stamp64
                0x0000000020002a70        0x8 _build/nrf52840_xxaa/app_timer2.c.o
 .bss.m_cb      0x0000000020002a78        0x8 _build/nrf52840_xxaa/drv_rtc.c.o
 .bss.m_handlers
                0x0000000020002a80        0x4 _build/nrf52840_xxaa/drv_rtc.c.o
 .bss.m_clock_cb
                0x0000000020002a84       0x14 _build/nrf52840_xxaa/nrf_drv_clock.c.o
 .bss.m_contexts
                0x0000000020002a98        0x8 _build/nrf52840_xxaa/nrf_drv_uart.c.o
 .bss.m_handlers
                0x0000000020002aa0        0x8 _build/nrf52840_xxaa/nrf_drv_uart.c.o
 .bss.m_clock_cb
                0x0000000020002aa8        0x8 _build/nrf52840_xxaa/nrfx_clock.c.o
 .bss.m_cb      0x0000000020002ab0       0x6c _build/nrf52840_xxaa/nrfx_gpiote.c.o
 .bss.m_prs_box_4
                0x0000000020002b1c        0x8 _build/nrf52840_xxaa/nrfx_prs.c.o
 .bss.m_cb      0x0000000020002b24       0x2c _build/nrf52840_xxaa/nrfx_uart.c.o
 .bss.m_cb      0x0000000020002b50       0x24 _build/nrf52840_xxaa/nrfx_uarte.c.o
 .bss.m_conn_params_config
                0x0000000020002b74       0x1c _build/nrf52840_xxaa/ble_conn_params.c.o
 .bss.m_conn_params_instances
                0x0000000020002b90       0x14 _build/nrf52840_xxaa/ble_conn_params.c.o
 .bss.m_preferred_conn_params
                0x0000000020002ba4        0x8 _build/nrf52840_xxaa/ble_conn_params.c.o
 .bss.m_bcs     0x0000000020002bac       0x7c _build/nrf52840_xxaa/ble_conn_state.c.o
 .bss.m_nrf_sdh_enabled
                0x0000000020002c28        0x1 _build/nrf52840_xxaa/nrf_sdh.c.o
 .bss.m_stack_is_enabled
                0x0000000020002c29        0x1 _build/nrf52840_xxaa/nrf_sdh_ble.c.o
 *(COMMON)
 *fill*         0x0000000020002c2a        0x2 
 COMMON         0x0000000020002c2c        0xc _build/nrf52840_xxaa/app_util_platform.c.o
                0x0000000020002c2c                nrf_nvic_state
 COMMON         0x0000000020002c38        0x2 _build/nrf52840_xxaa/nrf_drv_uart.c.o
                0x0000000020002c38                nrf_drv_uart_use_easy_dma
                0x0000000020002c3c                . = ALIGN (0x4)
 *fill*         0x0000000020002c3a        0x2 
                0x0000000020002c3c                __bss_end__ = .

.heap           0x0000000020002c40     0x2000
                0x0000000020002c40                __HeapBase = .
                0x0000000020002c40                __end__ = .
                [!provide]                        PROVIDE (end = .)
 *(.heap*)
 .heap          0x0000000020002c40     0x2000 _build/nrf52840_xxaa/gcc_startup_nrf52840.S.o
                0x0000000020004c40                __HeapLimit = .

.stack_dummy    0x0000000020002c40     0x2000
 *(.stack*)
 .stack         0x0000000020002c40     0x2000 _build/nrf52840_xxaa/gcc_startup_nrf52840.S.o
                0x0000000020040000                __StackTop = (ORIGIN (RAM) + LENGTH (RAM))
                0x000000002003e000                __StackLimit = (__StackTop - SIZEOF (.stack_dummy))
                0x0000000020040000                PROVIDE (__stack = __StackTop)
                0x0000000000000001                ASSERT ((__StackLimit >= __HeapLimit), region RAM overflowed with stack)
                0x0000000000000200                DataInitFlashUsed = (__bss_start__ - __data_start__)
                0x00000000000038dc                CodeFlashUsed = (__etext - ORIGIN (FLASH))
                0x0000000000003adc                TotalFlashUsed = (CodeFlashUsed + DataInitFlashUsed)
                0x0000000000000001                ASSERT ((TotalFlashUsed <= LENGTH (FLASH)), region FLASH overflowed with .data and user data)
OUTPUT(_build/nrf52840_xxaa.out elf32-littlearm)

.ARM.attributes
                0x0000000000000000       0x30
 .ARM.attributes
                0x0000000000000000       0x22 /usr/bin/../lib/gcc/arm-none-eabi/7.3.1/thumb/v7e-m/fpv4-sp/hard/crti.o
 .ARM.attributes
                0x0000000000000022       0x34 /usr/bin/../lib/gcc/arm-none-eabi/7.3.1/thumb/v7e-m/fpv4-sp/hard/crtbegin.o
 .ARM.attributes
                0x0000000000000056       0x20 /usr/bin/../lib/gcc/arm-none-eabi/7.3.1/../../../../arm-none-eabi/lib/thumb/v7e-m/fpv4-sp/hard/crt0.o
 .ARM.attributes
                0x0000000000000076       0x20 _build/nrf52840_xxaa/gcc_startup_nrf52840.S.o
 .ARM.attributes
                0x0000000000000096       0x39 _build/nrf52840_xxaa/nrf_log_backend_serial.c.o
 .ARM.attributes
                0x00000000000000cf       0x39 _build/nrf52840_xxaa/nrf_log_backend_uart.c.o
 .ARM.attributes
                0x0000000000000108       0x39 _build/nrf52840_xxaa/nrf_log_default_backends.c.o
 .ARM.attributes
                0x0000000000000141       0x39 _build/nrf52840_xxaa/nrf_log_frontend.c.o
 .ARM.attributes
                0x000000000000017a       0x39 _build/nrf52840_xxaa/nrf_log_str_formatter.c.o
 .ARM.attributes
                0x00000000000001b3       0x39 _build/nrf52840_xxaa/app_button.c.o
 .ARM.attributes
                0x00000000000001ec       0x39 _build/nrf52840_xxaa/app_error.c.o
 .ARM.attributes
                0x0000000000000225       0x39 _build/nrf52840_xxaa/app_error_weak.c.o
 .ARM.attributes
                0x000000000000025e       0x39 _build/nrf52840_xxaa/app_timer2.c.o
 .ARM.attributes
                0x0000000000000297       0x39 _build/nrf52840_xxaa/app_util_platform.c.o
 .ARM.attributes
                0x00000000000002d0       0x39 _build/nrf52840_xxaa/drv_rtc.c.o
 .ARM.attributes
                0x0000000000000309       0x39 _build/nrf52840_xxaa/nrf_atfifo.c.o
 .ARM.attributes
                0x0000000000000342       0x39 _build/nrf52840_xxaa/nrf_atflags.c.o
 .ARM.attributes
                0x000000000000037b       0x39 _build/nrf52840_xxaa/nrf_atomic.c.o
 .ARM.attributes
                0x00000000000003b4       0x39 _build/nrf52840_xxaa/nrf_balloc.c.o
 .ARM.attributes
                0x00000000000003ed       0x39 _build/nrf52840_xxaa/nrf_fprintf.c.o
 .ARM.attributes
                0x0000000000000426       0x39 _build/nrf52840_xxaa/nrf_fprintf_format.c.o
 .ARM.attributes
                0x000000000000045f       0x39 _build/nrf52840_xxaa/nrf_memobj.c.o
 .ARM.attributes
                0x0000000000000498       0x39 _build/nrf52840_xxaa/nrf_pwr_mgmt.c.o
 .ARM.attributes
                0x00000000000004d1       0x39 _build/nrf52840_xxaa/nrf_section_iter.c.o
 .ARM.attributes
                0x000000000000050a       0x39 _build/nrf52840_xxaa/nrf_sortlist.c.o
 .ARM.attributes
                0x0000000000000543       0x39 _build/nrf52840_xxaa/system_nrf52840.c.o
 .ARM.attributes
                0x000000000000057c       0x39 _build/nrf52840_xxaa/boards.c.o
 .ARM.attributes
                0x00000000000005b5       0x39 _build/nrf52840_xxaa/nrf_drv_clock.c.o
 .ARM.attributes
                0x00000000000005ee       0x39 _build/nrf52840_xxaa/nrf_drv_uart.c.o
 .ARM.attributes
                0x0000000000000627       0x39 _build/nrf52840_xxaa/nrfx_clock.c.o
 .ARM.attributes
                0x0000000000000660       0x39 _build/nrf52840_xxaa/nrfx_gpiote.c.o
 .ARM.attributes
                0x0000000000000699       0x39 _build/nrf52840_xxaa/nrfx_prs.c.o
 .ARM.attributes
                0x00000000000006d2       0x39 _build/nrf52840_xxaa/nrfx_uart.c.o
 .ARM.attributes
                0x000000000000070b       0x39 _build/nrf52840_xxaa/nrfx_uarte.c.o
 .ARM.attributes
                0x0000000000000744       0x39 _build/nrf52840_xxaa/main.c.o
 .ARM.attributes
                0x000000000000077d       0x39 _build/nrf52840_xxaa/ble_conn_params.c.o
 .ARM.attributes
                0x00000000000007b6       0x39 _build/nrf52840_xxaa/ble_conn_state.c.o
 .ARM.attributes
                0x00000000000007ef       0x39 _build/nrf52840_xxaa/ble_srv_common.c.o
 .ARM.attributes
                0x0000000000000828       0x39 _build/nrf52840_xxaa/nrf_ble_gatt.c.o
 .ARM.attributes
                0x0000000000000861       0x39 _build/nrf52840_xxaa/nrf_sdh.c.o
 .ARM.attributes
                0x000000000000089a       0x39 _build/nrf52840_xxaa/nrf_sdh_ble.c.o
 .ARM.attributes
                0x00000000000008d3       0x39 _build/nrf52840_xxaa/nrf_sdh_soc.c.o
 .ARM.attributes
                0x000000000000090c       0x34 /usr/bin/../lib/gcc/arm-none-eabi/7.3.1/../../../../arm-none-eabi/lib/thumb/v7e-m/fpv4-sp/hard/libc_nano.a(lib_a-exit.o)
 .ARM.attributes
                0x0000000000000940       0x34 /usr/bin/../lib/gcc/arm-none-eabi/7.3.1/../../../../arm-none-eabi/lib/thumb/v7e-m/fpv4-sp/hard/libc_nano.a(lib_a-impure.o)
 .ARM.attributes
                0x0000000000000974       0x34 /usr/bin/../lib/gcc/arm-none-eabi/7.3.1/../../../../arm-none-eabi/lib/thumb/v7e-m/fpv4-sp/hard/libc_nano.a(lib_a-init.o)
 .ARM.attributes
                0x00000000000009a8       0x34 /usr/bin/../lib/gcc/arm-none-eabi/7.3.1/../../../../arm-none-eabi/lib/thumb/v7e-m/fpv4-sp/hard/libc_nano.a(lib_a-locale.o)
 .ARM.attributes
                0x00000000000009dc       0x34 /usr/bin/../lib/gcc/arm-none-eabi/7.3.1/../../../../arm-none-eabi/lib/thumb/v7e-m/fpv4-sp/hard/libc_nano.a(lib_a-mbtowc_r.o)
 .ARM.attributes
                0x0000000000000a10       0x34 /usr/bin/../lib/gcc/arm-none-eabi/7.3.1/../../../../arm-none-eabi/lib/thumb/v7e-m/fpv4-sp/hard/libc_nano.a(lib_a-memcpy-stub.o)
 .ARM.attributes
                0x0000000000000a44       0x34 /usr/bin/../lib/gcc/arm-none-eabi/7.3.1/../../../../arm-none-eabi/lib/thumb/v7e-m/fpv4-sp/hard/libc_nano.a(lib_a-memset.o)
 .ARM.attributes
                0x0000000000000a78       0x1b /usr/bin/../lib/gcc/arm-none-eabi/7.3.1/../../../../arm-none-eabi/lib/thumb/v7e-m/fpv4-sp/hard/libc_nano.a(lib_a-strlen.o)
 .ARM.attributes
                0x0000000000000a93       0x34 /usr/bin/../lib/gcc/arm-none-eabi/7.3.1/../../../../arm-none-eabi/lib/thumb/v7e-m/fpv4-sp/hard/libc_nano.a(lib_a-wctomb_r.o)
 .ARM.attributes
                0x0000000000000ac7       0x34 /usr/bin/../lib/gcc/arm-none-eabi/7.3.1/../../../../arm-none-eabi/lib/thumb/v7e-m/fpv4-sp/hard/libc_nano.a(lib_a-ctype_.o)
 .ARM.attributes
                0x0000000000000afb       0x34 /usr/bin/../lib/gcc/arm-none-eabi/7.3.1/../../../../arm-none-eabi/lib/thumb/v7e-m/fpv4-sp/hard/libnosys.a(_exit.o)
 .ARM.attributes
                0x0000000000000b2f       0x34 /usr/bin/../lib/gcc/arm-none-eabi/7.3.1/thumb/v7e-m/fpv4-sp/hard/crtend.o
 .ARM.attributes
                0x0000000000000b63       0x22 /usr/bin/../lib/gcc/arm-none-eabi/7.3.1/thumb/v7e-m/fpv4-sp/hard/crtn.o

.comment        0x0000000000000000       0x7f
 .comment       0x0000000000000000       0x7f _build/nrf52840_xxaa/nrf_log_backend_serial.c.o
                                         0x80 (size before relaxing)
 .comment       0x000000000000007f       0x80 _build/nrf52840_xxaa/nrf_log_backend_uart.c.o
 .comment       0x000000000000007f       0x80 _build/nrf52840_xxaa/nrf_log_default_backends.c.o
 .comment       0x000000000000007f       0x80 _build/nrf52840_xxaa/nrf_log_frontend.c.o
 .comment       0x000000000000007f       0x80 _build/nrf52840_xxaa/nrf_log_str_formatter.c.o
 .comment       0x000000000000007f       0x80 _build/nrf52840_xxaa/app_button.c.o
 .comment       0x000000000000007f       0x80 _build/nrf52840_xxaa/app_error.c.o
 .comment       0x000000000000007f       0x80 _build/nrf52840_xxaa/app_error_weak.c.o
 .comment       0x000000000000007f       0x80 _build/nrf52840_xxaa/app_timer2.c.o
 .comment       0x000000000000007f       0x80 _build/nrf52840_xxaa/app_util_platform.c.o
 .comment       0x000000000000007f       0x80 _build/nrf52840_xxaa/drv_rtc.c.o
 .comment       0x000000000000007f       0x80 _build/nrf52840_xxaa/nrf_atfifo.c.o
 .comment       0x000000000000007f       0x80 _build/nrf52840_xxaa/nrf_atflags.c.o
 .comment       0x000000000000007f       0x80 _build/nrf52840_xxaa/nrf_atomic.c.o
 .comment       0x000000000000007f       0x80 _build/nrf52840_xxaa/nrf_balloc.c.o
 .comment       0x000000000000007f       0x80 _build/nrf52840_xxaa/nrf_fprintf.c.o
 .comment       0x000000000000007f       0x80 _build/nrf52840_xxaa/nrf_fprintf_format.c.o
 .comment       0x000000000000007f       0x80 _build/nrf52840_xxaa/nrf_memobj.c.o
 .comment       0x000000000000007f       0x80 _build/nrf52840_xxaa/nrf_pwr_mgmt.c.o
 .comment       0x000000000000007f       0x80 _build/nrf52840_xxaa/nrf_section_iter.c.o
 .comment       0x000000000000007f       0x80 _build/nrf52840_xxaa/nrf_sortlist.c.o
 .comment       0x000000000000007f       0x80 _build/nrf52840_xxaa/system_nrf52840.c.o
 .comment       0x000000000000007f       0x80 _build/nrf52840_xxaa/boards.c.o
 .comment       0x000000000000007f       0x80 _build/nrf52840_xxaa/nrf_drv_clock.c.o
 .comment       0x000000000000007f       0x80 _build/nrf52840_xxaa/nrf_drv_uart.c.o
 .comment       0x000000000000007f       0x80 _build/nrf52840_xxaa/nrfx_clock.c.o
 .comment       0x000000000000007f       0x80 _build/nrf52840_xxaa/nrfx_gpiote.c.o
 .comment       0x000000000000007f       0x80 _build/nrf52840_xxaa/nrfx_prs.c.o
 .comment       0x000000000000007f       0x80 _build/nrf52840_xxaa/nrfx_uart.c.o
 .comment       0x000000000000007f       0x80 _build/nrf52840_xxaa/nrfx_uarte.c.o
 .comment       0x000000000000007f       0x80 _build/nrf52840_xxaa/main.c.o
 .comment       0x000000000000007f       0x80 _build/nrf52840_xxaa/ble_conn_params.c.o
 .comment       0x000000000000007f       0x80 _build/nrf52840_xxaa/ble_conn_state.c.o
 .comment       0x000000000000007f       0x80 _build/nrf52840_xxaa/ble_srv_common.c.o
 .comment       0x000000000000007f       0x80 _build/nrf52840_xxaa/nrf_ble_gatt.c.o
 .comment       0x000000000000007f       0x80 _build/nrf52840_xxaa/nrf_sdh.c.o
 .comment       0x000000000000007f       0x80 _build/nrf52840_xxaa/nrf_sdh_ble.c.o
 .comment       0x000000000000007f       0x80 _build/nrf52840_xxaa/nrf_sdh_soc.c.o

.debug_line     0x0000000000000000    0x150df
 .debug_line    0x0000000000000000       0x89 _build/nrf52840_xxaa/gcc_startup_nrf52840.S.o
 .debug_line    0x0000000000000089      0x79c _build/nrf52840_xxaa/nrf_log_backend_serial.c.o
 .debug_line    0x0000000000000825      0xa27 _build/nrf52840_xxaa/nrf_log_backend_uart.c.o
 .debug_line    0x000000000000124c      0x71a _build/nrf52840_xxaa/nrf_log_default_backends.c.o
 .debug_line    0x0000000000001966      0xe4e _build/nrf52840_xxaa/nrf_log_frontend.c.o
 .debug_line    0x00000000000027b4      0x80f _build/nrf52840_xxaa/nrf_log_str_formatter.c.o
 .debug_line    0x0000000000002fc3      0xb8e _build/nrf52840_xxaa/app_button.c.o
 .debug_line    0x0000000000003b51      0x42b _build/nrf52840_xxaa/app_error.c.o
 .debug_line    0x0000000000003f7c      0x794 _build/nrf52840_xxaa/app_error_weak.c.o
 .debug_line    0x0000000000004710      0xbef _build/nrf52840_xxaa/app_timer2.c.o
 .debug_line    0x00000000000052ff      0x550 _build/nrf52840_xxaa/app_util_platform.c.o
 .debug_line    0x000000000000584f      0xd32 _build/nrf52840_xxaa/drv_rtc.c.o
 .debug_line    0x0000000000006581      0x70a _build/nrf52840_xxaa/nrf_atfifo.c.o
 .debug_line    0x0000000000006c8b      0x5da _build/nrf52840_xxaa/nrf_atflags.c.o
 .debug_line    0x0000000000007265      0x62e _build/nrf52840_xxaa/nrf_atomic.c.o
 .debug_line    0x0000000000007893      0x6ec _build/nrf52840_xxaa/nrf_balloc.c.o
 .debug_line    0x0000000000007f7f      0x4c7 _build/nrf52840_xxaa/nrf_fprintf.c.o
 .debug_line    0x0000000000008446      0x6d8 _build/nrf52840_xxaa/nrf_fprintf_format.c.o
 .debug_line    0x0000000000008b1e      0x7c9 _build/nrf52840_xxaa/nrf_memobj.c.o
 .debug_line    0x00000000000092e7      0xb32 _build/nrf52840_xxaa/nrf_pwr_mgmt.c.o
 .debug_line    0x0000000000009e19      0x4d1 _build/nrf52840_xxaa/nrf_section_iter.c.o
 .debug_line    0x000000000000a2ea      0x62b _build/nrf52840_xxaa/nrf_sortlist.c.o
 .debug_line    0x000000000000a915      0x4dd _build/nrf52840_xxaa/system_nrf52840.c.o
 .debug_line    0x000000000000adf2      0x881 _build/nrf52840_xxaa/boards.c.o
 .debug_line    0x000000000000b673      0xbf1 _build/nrf52840_xxaa/nrf_drv_clock.c.o
 .debug_line    0x000000000000c264      0x77e _build/nrf52840_xxaa/nrf_drv_uart.c.o
 .debug_line    0x000000000000c9e2      0xb28 _build/nrf52840_xxaa/nrfx_clock.c.o
 .debug_line    0x000000000000d50a     0x129a _build/nrf52840_xxaa/nrfx_gpiote.c.o
 .debug_line    0x000000000000e7a4      0x877 _build/nrf52840_xxaa/nrfx_prs.c.o
 .debug_line    0x000000000000f01b      0xf8a _build/nrf52840_xxaa/nrfx_uart.c.o
 .debug_line    0x000000000000ffa5      0xfa4 _build/nrf52840_xxaa/nrfx_uarte.c.o
 .debug_line    0x0000000000010f49      0x6de _build/nrf52840_xxaa/main.c.o
 .debug_line    0x0000000000011627      0x97e _build/nrf52840_xxaa/ble_conn_params.c.o
 .debug_line    0x0000000000011fa5      0xa84 _build/nrf52840_xxaa/ble_conn_state.c.o
 .debug_line    0x0000000000012a29      0x6c2 _build/nrf52840_xxaa/ble_srv_common.c.o
 .debug_line    0x00000000000130eb      0x821 _build/nrf52840_xxaa/nrf_ble_gatt.c.o
 .debug_line    0x000000000001390c      0x900 _build/nrf52840_xxaa/nrf_sdh.c.o
 .debug_line    0x000000000001420c      0x82d _build/nrf52840_xxaa/nrf_sdh_ble.c.o
 .debug_line    0x0000000000014a39      0x6a6 _build/nrf52840_xxaa/nrf_sdh_soc.c.o

.debug_info     0x0000000000000000    0x41c9b
 .debug_info    0x0000000000000000       0x26 _build/nrf52840_xxaa/gcc_startup_nrf52840.S.o
 .debug_info    0x0000000000000026     0x1125 _build/nrf52840_xxaa/nrf_log_backend_serial.c.o
 .debug_info    0x000000000000114b     0x1aeb _build/nrf52840_xxaa/nrf_log_backend_uart.c.o
 .debug_info    0x0000000000002c36      0xccc _build/nrf52840_xxaa/nrf_log_default_backends.c.o
 .debug_info    0x0000000000003902     0x3837 _build/nrf52840_xxaa/nrf_log_frontend.c.o
 .debug_info    0x0000000000007139     0x1380 _build/nrf52840_xxaa/nrf_log_str_formatter.c.o
 .debug_info    0x00000000000084b9     0x1a7f _build/nrf52840_xxaa/app_button.c.o
 .debug_info    0x0000000000009f38      0xad5 _build/nrf52840_xxaa/app_error.c.o
 .debug_info    0x000000000000aa0d      0xf00 _build/nrf52840_xxaa/app_error_weak.c.o
 .debug_info    0x000000000000b90d     0x222d _build/nrf52840_xxaa/app_timer2.c.o
 .debug_info    0x000000000000db3a     0x11c9 _build/nrf52840_xxaa/app_util_platform.c.o
 .debug_info    0x000000000000ed03     0x25cd _build/nrf52840_xxaa/drv_rtc.c.o
 .debug_info    0x00000000000112d0     0x139d _build/nrf52840_xxaa/nrf_atfifo.c.o
 .debug_info    0x000000000001266d      0xe8e _build/nrf52840_xxaa/nrf_atflags.c.o
 .debug_info    0x00000000000134fb     0x122a _build/nrf52840_xxaa/nrf_atomic.c.o
 .debug_info    0x0000000000014725      0xd8d _build/nrf52840_xxaa/nrf_balloc.c.o
 .debug_info    0x00000000000154b2      0xaa8 _build/nrf52840_xxaa/nrf_fprintf.c.o
 .debug_info    0x0000000000015f5a     0x1338 _build/nrf52840_xxaa/nrf_fprintf_format.c.o
 .debug_info    0x0000000000017292     0x136c _build/nrf52840_xxaa/nrf_memobj.c.o
 .debug_info    0x00000000000185fe     0x1c62 _build/nrf52840_xxaa/nrf_pwr_mgmt.c.o
 .debug_info    0x000000000001a260      0xa21 _build/nrf52840_xxaa/nrf_section_iter.c.o
 .debug_info    0x000000000001ac81      0xc7e _build/nrf52840_xxaa/nrf_sortlist.c.o
 .debug_info    0x000000000001b8ff     0x16b3 _build/nrf52840_xxaa/system_nrf52840.c.o
 .debug_info    0x000000000001cfb2     0x1d91 _build/nrf52840_xxaa/boards.c.o
 .debug_info    0x000000000001ed43     0x20b7 _build/nrf52840_xxaa/nrf_drv_clock.c.o
 .debug_info    0x0000000000020dfa     0x197a _build/nrf52840_xxaa/nrf_drv_uart.c.o
 .debug_info    0x0000000000022774     0x1bf7 _build/nrf52840_xxaa/nrfx_clock.c.o
 .debug_info    0x000000000002436b     0x3ebb _build/nrf52840_xxaa/nrfx_gpiote.c.o
 .debug_info    0x0000000000028226     0x10d0 _build/nrf52840_xxaa/nrfx_prs.c.o
 .debug_info    0x00000000000292f6     0x3a13 _build/nrf52840_xxaa/nrfx_uart.c.o
 .debug_info    0x000000000002cd09     0x3979 _build/nrf52840_xxaa/nrfx_uarte.c.o
 .debug_info    0x0000000000030682      0x9f8 _build/nrf52840_xxaa/main.c.o
 .debug_info    0x000000000003107a     0x3235 _build/nrf52840_xxaa/ble_conn_params.c.o
 .debug_info    0x00000000000342af     0x3501 _build/nrf52840_xxaa/ble_conn_state.c.o
 .debug_info    0x00000000000377b0     0x1523 _build/nrf52840_xxaa/ble_srv_common.c.o
 .debug_info    0x0000000000038cd3     0x30a1 _build/nrf52840_xxaa/nrf_ble_gatt.c.o
 .debug_info    0x000000000003bd74     0x1e0d _build/nrf52840_xxaa/nrf_sdh.c.o
 .debug_info    0x000000000003db81     0x327a _build/nrf52840_xxaa/nrf_sdh_ble.c.o
 .debug_info    0x0000000000040dfb      0xea0 _build/nrf52840_xxaa/nrf_sdh_soc.c.o

.debug_abbrev   0x0000000000000000     0x8b41
 .debug_abbrev  0x0000000000000000       0x14 _build/nrf52840_xxaa/gcc_startup_nrf52840.S.o
 .debug_abbrev  0x0000000000000014      0x27f _build/nrf52840_xxaa/nrf_log_backend_serial.c.o
 .debug_abbrev  0x0000000000000293      0x3ca _build/nrf52840_xxaa/nrf_log_backend_uart.c.o
 .debug_abbrev  0x000000000000065d      0x256 _build/nrf52840_xxaa/nrf_log_default_backends.c.o
 .debug_abbrev  0x00000000000008b3      0x5b8 _build/nrf52840_xxaa/nrf_log_frontend.c.o
 .debug_abbrev  0x0000000000000e6b      0x2ba _build/nrf52840_xxaa/nrf_log_str_formatter.c.o
 .debug_abbrev  0x0000000000001125      0x3f1 _build/nrf52840_xxaa/app_button.c.o
 .debug_abbrev  0x0000000000001516      0x235 _build/nrf52840_xxaa/app_error.c.o
 .debug_abbrev  0x000000000000174b      0x2aa _build/nrf52840_xxaa/app_error_weak.c.o
 .debug_abbrev  0x00000000000019f5      0x516 _build/nrf52840_xxaa/app_timer2.c.o
 .debug_abbrev  0x0000000000001f0b      0x378 _build/nrf52840_xxaa/app_util_platform.c.o
 .debug_abbrev  0x0000000000002283      0x51b _build/nrf52840_xxaa/drv_rtc.c.o
 .debug_abbrev  0x000000000000279e      0x33b _build/nrf52840_xxaa/nrf_atfifo.c.o
 .debug_abbrev  0x0000000000002ad9      0x32c _build/nrf52840_xxaa/nrf_atflags.c.o
 .debug_abbrev  0x0000000000002e05      0x31f _build/nrf52840_xxaa/nrf_atomic.c.o
 .debug_abbrev  0x0000000000003124      0x302 _build/nrf52840_xxaa/nrf_balloc.c.o
 .debug_abbrev  0x0000000000003426      0x239 _build/nrf52840_xxaa/nrf_fprintf.c.o
 .debug_abbrev  0x000000000000365f      0x37f _build/nrf52840_xxaa/nrf_fprintf_format.c.o
 .debug_abbrev  0x00000000000039de      0x350 _build/nrf52840_xxaa/nrf_memobj.c.o
 .debug_abbrev  0x0000000000003d2e      0x46e _build/nrf52840_xxaa/nrf_pwr_mgmt.c.o
 .debug_abbrev  0x000000000000419c      0x1da _build/nrf52840_xxaa/nrf_section_iter.c.o
 .debug_abbrev  0x0000000000004376      0x263 _build/nrf52840_xxaa/nrf_sortlist.c.o
 .debug_abbrev  0x00000000000045d9      0x2c9 _build/nrf52840_xxaa/system_nrf52840.c.o
 .debug_abbrev  0x00000000000048a2      0x428 _build/nrf52840_xxaa/boards.c.o
 .debug_abbrev  0x0000000000004cca      0x56c _build/nrf52840_xxaa/nrf_drv_clock.c.o
 .debug_abbrev  0x0000000000005236      0x298 _build/nrf52840_xxaa/nrf_drv_uart.c.o
 .debug_abbrev  0x00000000000054ce      0x4d2 _build/nrf52840_xxaa/nrfx_clock.c.o
 .debug_abbrev  0x00000000000059a0      0x508 _build/nrf52840_xxaa/nrfx_gpiote.c.o
 .debug_abbrev  0x0000000000005ea8      0x30c _build/nrf52840_xxaa/nrfx_prs.c.o
 .debug_abbrev  0x00000000000061b4      0x527 _build/nrf52840_xxaa/nrfx_uart.c.o
 .debug_abbrev  0x00000000000066db      0x4e0 _build/nrf52840_xxaa/nrfx_uarte.c.o
 .debug_abbrev  0x0000000000006bbb      0x1ea _build/nrf52840_xxaa/main.c.o
 .debug_abbrev  0x0000000000006da5      0x4fb _build/nrf52840_xxaa/ble_conn_params.c.o
 .debug_abbrev  0x00000000000072a0      0x4fc _build/nrf52840_xxaa/ble_conn_state.c.o
 .debug_abbrev  0x000000000000779c      0x34f _build/nrf52840_xxaa/ble_srv_common.c.o
 .debug_abbrev  0x0000000000007aeb      0x442 _build/nrf52840_xxaa/nrf_ble_gatt.c.o
 .debug_abbrev  0x0000000000007f2d      0x50e _build/nrf52840_xxaa/nrf_sdh.c.o
 .debug_abbrev  0x000000000000843b      0x444 _build/nrf52840_xxaa/nrf_sdh_ble.c.o
 .debug_abbrev  0x000000000000887f      0x2c2 _build/nrf52840_xxaa/nrf_sdh_soc.c.o

.debug_aranges  0x0000000000000000      0xd80
 .debug_aranges
                0x0000000000000000       0x20 _build/nrf52840_xxaa/gcc_startup_nrf52840.S.o
 .debug_aranges
                0x0000000000000020       0x20 _build/nrf52840_xxaa/nrf_log_backend_serial.c.o
 .debug_aranges
                0x0000000000000040       0x48 _build/nrf52840_xxaa/nrf_log_backend_uart.c.o
 .debug_aranges
                0x0000000000000088       0x20 _build/nrf52840_xxaa/nrf_log_default_backends.c.o
 .debug_aranges
                0x00000000000000a8       0xd0 _build/nrf52840_xxaa/nrf_log_frontend.c.o
 .debug_aranges
                0x0000000000000178       0x30 _build/nrf52840_xxaa/nrf_log_str_formatter.c.o
 .debug_aranges
                0x00000000000001a8       0x50 _build/nrf52840_xxaa/app_button.c.o
 .debug_aranges
                0x00000000000001f8       0x28 _build/nrf52840_xxaa/app_error.c.o
 .debug_aranges
                0x0000000000000220       0x20 _build/nrf52840_xxaa/app_error_weak.c.o
 .debug_aranges
                0x0000000000000240       0x70 _build/nrf52840_xxaa/app_timer2.c.o
 .debug_aranges
                0x00000000000002b0       0x48 _build/nrf52840_xxaa/app_util_platform.c.o
 .debug_aranges
                0x00000000000002f8       0xb0 _build/nrf52840_xxaa/drv_rtc.c.o
 .debug_aranges
                0x00000000000003a8       0x58 _build/nrf52840_xxaa/nrf_atfifo.c.o
 .debug_aranges
                0x0000000000000400       0x58 _build/nrf52840_xxaa/nrf_atflags.c.o
 .debug_aranges
                0x0000000000000458       0xb0 _build/nrf52840_xxaa/nrf_atomic.c.o
 .debug_aranges
                0x0000000000000508       0x30 _build/nrf52840_xxaa/nrf_balloc.c.o
 .debug_aranges
                0x0000000000000538       0x28 _build/nrf52840_xxaa/nrf_fprintf.c.o
 .debug_aranges
                0x0000000000000560       0x28 _build/nrf52840_xxaa/nrf_fprintf_format.c.o
 .debug_aranges
                0x0000000000000588       0x50 _build/nrf52840_xxaa/nrf_memobj.c.o
 .debug_aranges
                0x00000000000005d8       0x48 _build/nrf52840_xxaa/nrf_pwr_mgmt.c.o
 .debug_aranges
                0x0000000000000620       0x28 _build/nrf52840_xxaa/nrf_section_iter.c.o
 .debug_aranges
                0x0000000000000648       0x40 _build/nrf52840_xxaa/nrf_sortlist.c.o
 .debug_aranges
                0x0000000000000688       0x38 _build/nrf52840_xxaa/system_nrf52840.c.o
 .debug_aranges
                0x00000000000006c0       0x78 _build/nrf52840_xxaa/boards.c.o
 .debug_aranges
                0x0000000000000738       0xa8 _build/nrf52840_xxaa/nrf_drv_clock.c.o
 .debug_aranges
                0x00000000000007e0       0x30 _build/nrf52840_xxaa/nrf_drv_uart.c.o
 .debug_aranges
                0x0000000000000810       0x78 _build/nrf52840_xxaa/nrfx_clock.c.o
 .debug_aranges
                0x0000000000000888       0xf8 _build/nrf52840_xxaa/nrfx_gpiote.c.o
 .debug_aranges
                0x0000000000000980       0x30 _build/nrf52840_xxaa/nrfx_prs.c.o
 .debug_aranges
                0x00000000000009b0       0x78 _build/nrf52840_xxaa/nrfx_uart.c.o
 .debug_aranges
                0x0000000000000a28       0x68 _build/nrf52840_xxaa/nrfx_uarte.c.o
 .debug_aranges
                0x0000000000000a90       0x20 _build/nrf52840_xxaa/main.c.o
 .debug_aranges
                0x0000000000000ab0       0x60 _build/nrf52840_xxaa/ble_conn_params.c.o
 .debug_aranges
                0x0000000000000b10       0xc8 _build/nrf52840_xxaa/ble_conn_state.c.o
 .debug_aranges
                0x0000000000000bd8       0x58 _build/nrf52840_xxaa/ble_srv_common.c.o
 .debug_aranges
                0x0000000000000c30       0x68 _build/nrf52840_xxaa/nrf_ble_gatt.c.o
 .debug_aranges
                0x0000000000000c98       0x70 _build/nrf52840_xxaa/nrf_sdh.c.o
 .debug_aranges
                0x0000000000000d08       0x50 _build/nrf52840_xxaa/nrf_sdh_ble.c.o
 .debug_aranges
                0x0000000000000d58       0x28 _build/nrf52840_xxaa/nrf_sdh_soc.c.o

.debug_str      0x0000000000000000    0xb5c62
 .debug_str     0x0000000000000000       0xaa _build/nrf52840_xxaa/gcc_startup_nrf52840.S.o
 .debug_str     0x00000000000000aa    0x8cefb _build/nrf52840_xxaa/nrf_log_backend_serial.c.o
                                      0x8f6a2 (size before relaxing)
 .debug_str     0x000000000008cfa5     0x86ad _build/nrf52840_xxaa/nrf_log_backend_uart.c.o
                                      0x97839 (size before relaxing)
 .debug_str     0x0000000000095652      0x11c _build/nrf52840_xxaa/nrf_log_default_backends.c.o
                                      0x8f459 (size before relaxing)
 .debug_str     0x000000000009576e     0x1395 _build/nrf52840_xxaa/nrf_log_frontend.c.o
                                      0x9092f (size before relaxing)
 .debug_str     0x0000000000096b03      0x6a4 _build/nrf52840_xxaa/nrf_log_str_formatter.c.o
                                      0x8fbba (size before relaxing)
 .debug_str     0x00000000000971a7     0x1ae8 _build/nrf52840_xxaa/app_button.c.o
                                      0x97608 (size before relaxing)
 .debug_str     0x0000000000098c8f      0x136 _build/nrf52840_xxaa/app_error.c.o
                                      0x7a24b (size before relaxing)
 .debug_str     0x0000000000098dc5      0xa3b _build/nrf52840_xxaa/app_error_weak.c.o
                                      0x904a3 (size before relaxing)
 .debug_str     0x0000000000099800     0x1180 _build/nrf52840_xxaa/app_timer2.c.o
                                      0x9737b (size before relaxing)
 .debug_str     0x000000000009a980      0x27e _build/nrf52840_xxaa/app_util_platform.c.o
                                      0x7b686 (size before relaxing)
 .debug_str     0x000000000009abfe      0x784 _build/nrf52840_xxaa/drv_rtc.c.o
                                      0x96c3d (size before relaxing)
 .debug_str     0x000000000009b382      0x15c _build/nrf52840_xxaa/nrf_atfifo.c.o
                                      0x8d3ee (size before relaxing)
 .debug_str     0x000000000009b4de      0x3ca _build/nrf52840_xxaa/nrf_atflags.c.o
                                      0x8a7da (size before relaxing)
 .debug_str     0x000000000009b8a8      0x65b _build/nrf52840_xxaa/nrf_atomic.c.o
                                      0x8ab0f (size before relaxing)
 .debug_str     0x000000000009bf03      0x154 _build/nrf52840_xxaa/nrf_balloc.c.o
                                      0x8f453 (size before relaxing)
 .debug_str     0x000000000009c057      0x144 _build/nrf52840_xxaa/nrf_fprintf.c.o
                                      0x8a768 (size before relaxing)
 .debug_str     0x000000000009c19b      0x511 _build/nrf52840_xxaa/nrf_fprintf_format.c.o
                                      0x8ac51 (size before relaxing)
 .debug_str     0x000000000009c6ac      0x1a5 _build/nrf52840_xxaa/nrf_memobj.c.o
                                      0x8d80b (size before relaxing)
 .debug_str     0x000000000009c851     0x17a1 _build/nrf52840_xxaa/nrf_pwr_mgmt.c.o
                                      0x98b34 (size before relaxing)
 .debug_str     0x000000000009dff2       0x54 _build/nrf52840_xxaa/nrf_section_iter.c.o
                                      0x8a937 (size before relaxing)
 .debug_str     0x000000000009e046       0xc5 _build/nrf52840_xxaa/nrf_sortlist.c.o
                                      0x8d03d (size before relaxing)
 .debug_str     0x000000000009e10b     0x838d _build/nrf52840_xxaa/system_nrf52840.c.o
                                      0x7eaa7 (size before relaxing)
 .debug_str     0x00000000000a6498      0xfc9 _build/nrf52840_xxaa/boards.c.o
                                      0x93fad (size before relaxing)
 .debug_str     0x00000000000a7461      0xf32 _build/nrf52840_xxaa/nrf_drv_clock.c.o
                                      0x978b8 (size before relaxing)
 .debug_str     0x00000000000a8393      0x45c _build/nrf52840_xxaa/nrf_drv_uart.c.o
                                      0x94024 (size before relaxing)
 .debug_str     0x00000000000a87ef      0x79f _build/nrf52840_xxaa/nrfx_clock.c.o
                                      0x96b5c (size before relaxing)
 .debug_str     0x00000000000a8f8e      0xdd2 _build/nrf52840_xxaa/nrfx_gpiote.c.o
                                      0x97f24 (size before relaxing)
 .debug_str     0x00000000000a9d60      0x334 _build/nrf52840_xxaa/nrfx_prs.c.o
                                      0x9629a (size before relaxing)
 .debug_str     0x00000000000aa094      0x6a7 _build/nrf52840_xxaa/nrfx_uart.c.o
                                      0x97493 (size before relaxing)
 .debug_str     0x00000000000aa73b      0x96a _build/nrf52840_xxaa/nrfx_uarte.c.o
                                      0x97927 (size before relaxing)
 .debug_str     0x00000000000ab0a5       0x15 _build/nrf52840_xxaa/main.c.o
                                      0x93770 (size before relaxing)
 .debug_str     0x00000000000ab0ba     0x8529 _build/nrf52840_xxaa/ble_conn_params.c.o
                                      0x94899 (size before relaxing)
 .debug_str     0x00000000000b35e3      0x861 _build/nrf52840_xxaa/ble_conn_state.c.o
                                      0x934bc (size before relaxing)
 .debug_str     0x00000000000b3e44      0x695 _build/nrf52840_xxaa/ble_srv_common.c.o
                                      0x88a02 (size before relaxing)
 .debug_str     0x00000000000b44d9      0x8f6 _build/nrf52840_xxaa/nrf_ble_gatt.c.o
                                      0x942ee (size before relaxing)
 .debug_str     0x00000000000b4dcf      0x50b _build/nrf52840_xxaa/nrf_sdh.c.o
                                      0x8fedc (size before relaxing)
 .debug_str     0x00000000000b52da      0x804 _build/nrf52840_xxaa/nrf_sdh_ble.c.o
                                      0x94f3e (size before relaxing)
 .debug_str     0x00000000000b5ade      0x184 _build/nrf52840_xxaa/nrf_sdh_soc.c.o
                                      0x8eecc (size before relaxing)

.debug_loc      0x0000000000000000    0x12050
 .debug_loc     0x0000000000000000      0x160 _build/nrf52840_xxaa/nrf_log_backend_serial.c.o
 .debug_loc     0x0000000000000160      0x227 _build/nrf52840_xxaa/nrf_log_backend_uart.c.o
 .debug_loc     0x0000000000000387       0x15 _build/nrf52840_xxaa/nrf_log_default_backends.c.o
 .debug_loc     0x000000000000039c     0x2bff _build/nrf52840_xxaa/nrf_log_frontend.c.o
 .debug_loc     0x0000000000002f9b      0x42f _build/nrf52840_xxaa/nrf_log_str_formatter.c.o
 .debug_loc     0x00000000000033ca      0xbbd _build/nrf52840_xxaa/app_button.c.o
 .debug_loc     0x0000000000003f87       0xca _build/nrf52840_xxaa/app_error.c.o
 .debug_loc     0x0000000000004051       0x63 _build/nrf52840_xxaa/app_error_weak.c.o
 .debug_loc     0x00000000000040b4      0x7af _build/nrf52840_xxaa/app_timer2.c.o
 .debug_loc     0x0000000000004863      0x125 _build/nrf52840_xxaa/app_util_platform.c.o
 .debug_loc     0x0000000000004988      0xf32 _build/nrf52840_xxaa/drv_rtc.c.o
 .debug_loc     0x00000000000058ba      0x563 _build/nrf52840_xxaa/nrf_atfifo.c.o
 .debug_loc     0x0000000000005e1d      0x420 _build/nrf52840_xxaa/nrf_atflags.c.o
 .debug_loc     0x000000000000623d      0x35c _build/nrf52840_xxaa/nrf_atomic.c.o
 .debug_loc     0x0000000000006599      0x169 _build/nrf52840_xxaa/nrf_balloc.c.o
 .debug_loc     0x0000000000006702       0x4a _build/nrf52840_xxaa/nrf_fprintf.c.o
 .debug_loc     0x000000000000674c     0x1169 _build/nrf52840_xxaa/nrf_fprintf_format.c.o
 .debug_loc     0x00000000000078b5      0xb27 _build/nrf52840_xxaa/nrf_memobj.c.o
 .debug_loc     0x00000000000083dc       0xb5 _build/nrf52840_xxaa/nrf_pwr_mgmt.c.o
 .debug_loc     0x0000000000008491      0x12f _build/nrf52840_xxaa/nrf_sortlist.c.o
 .debug_loc     0x00000000000085c0      0x221 _build/nrf52840_xxaa/system_nrf52840.c.o
 .debug_loc     0x00000000000087e1      0x881 _build/nrf52840_xxaa/boards.c.o
 .debug_loc     0x0000000000009062      0x4a2 _build/nrf52840_xxaa/nrf_drv_clock.c.o
 .debug_loc     0x0000000000009504      0x1ae _build/nrf52840_xxaa/nrf_drv_uart.c.o
 .debug_loc     0x00000000000096b2      0x264 _build/nrf52840_xxaa/nrfx_clock.c.o
 .debug_loc     0x0000000000009916     0x23f6 _build/nrf52840_xxaa/nrfx_gpiote.c.o
 .debug_loc     0x000000000000bd0c       0xb8 _build/nrf52840_xxaa/nrfx_prs.c.o
 .debug_loc     0x000000000000bdc4     0x1ac7 _build/nrf52840_xxaa/nrfx_uart.c.o
 .debug_loc     0x000000000000d88b     0x178b _build/nrf52840_xxaa/nrfx_uarte.c.o
 .debug_loc     0x000000000000f016      0xb45 _build/nrf52840_xxaa/ble_conn_params.c.o
 .debug_loc     0x000000000000fb5b      0xdae _build/nrf52840_xxaa/ble_conn_state.c.o
 .debug_loc     0x0000000000010909      0x545 _build/nrf52840_xxaa/ble_srv_common.c.o
 .debug_loc     0x0000000000010e4e      0xc4f _build/nrf52840_xxaa/nrf_ble_gatt.c.o
 .debug_loc     0x0000000000011a9d      0x2ab _build/nrf52840_xxaa/nrf_sdh.c.o
 .debug_loc     0x0000000000011d48      0x294 _build/nrf52840_xxaa/nrf_sdh_ble.c.o
 .debug_loc     0x0000000000011fdc       0x74 _build/nrf52840_xxaa/nrf_sdh_soc.c.o

.debug_ranges   0x0000000000000000     0x4140
 .debug_ranges  0x0000000000000000       0x28 _build/nrf52840_xxaa/nrf_log_backend_serial.c.o
 .debug_ranges  0x0000000000000028       0xb0 _build/nrf52840_xxaa/nrf_log_backend_uart.c.o
 .debug_ranges  0x00000000000000d8       0x10 _build/nrf52840_xxaa/nrf_log_default_backends.c.o
 .debug_ranges  0x00000000000000e8      0x8b8 _build/nrf52840_xxaa/nrf_log_frontend.c.o
 .debug_ranges  0x00000000000009a0       0xb8 _build/nrf52840_xxaa/nrf_log_str_formatter.c.o
 .debug_ranges  0x0000000000000a58      0x3e8 _build/nrf52840_xxaa/app_button.c.o
 .debug_ranges  0x0000000000000e40       0x18 _build/nrf52840_xxaa/app_error.c.o
 .debug_ranges  0x0000000000000e58       0x10 _build/nrf52840_xxaa/app_error_weak.c.o
 .debug_ranges  0x0000000000000e68      0x310 _build/nrf52840_xxaa/app_timer2.c.o
 .debug_ranges  0x0000000000001178       0x80 _build/nrf52840_xxaa/app_util_platform.c.o
 .debug_ranges  0x00000000000011f8      0x2b8 _build/nrf52840_xxaa/drv_rtc.c.o
 .debug_ranges  0x00000000000014b0       0x78 _build/nrf52840_xxaa/nrf_atfifo.c.o
 .debug_ranges  0x0000000000001528      0x148 _build/nrf52840_xxaa/nrf_atflags.c.o
 .debug_ranges  0x0000000000001670       0xb8 _build/nrf52840_xxaa/nrf_atomic.c.o
 .debug_ranges  0x0000000000001728       0x78 _build/nrf52840_xxaa/nrf_balloc.c.o
 .debug_ranges  0x00000000000017a0       0x18 _build/nrf52840_xxaa/nrf_fprintf.c.o
 .debug_ranges  0x00000000000017b8      0x310 _build/nrf52840_xxaa/nrf_fprintf_format.c.o
 .debug_ranges  0x0000000000001ac8       0xb0 _build/nrf52840_xxaa/nrf_memobj.c.o
 .debug_ranges  0x0000000000001b78       0x80 _build/nrf52840_xxaa/nrf_pwr_mgmt.c.o
 .debug_ranges  0x0000000000001bf8       0x18 _build/nrf52840_xxaa/nrf_section_iter.c.o
 .debug_ranges  0x0000000000001c10       0x30 _build/nrf52840_xxaa/nrf_sortlist.c.o
 .debug_ranges  0x0000000000001c40      0x128 _build/nrf52840_xxaa/system_nrf52840.c.o
 .debug_ranges  0x0000000000001d68       0xd8 _build/nrf52840_xxaa/boards.c.o
 .debug_ranges  0x0000000000001e40      0x2c0 _build/nrf52840_xxaa/nrf_drv_clock.c.o
 .debug_ranges  0x0000000000002100       0x20 _build/nrf52840_xxaa/nrf_drv_uart.c.o
 .debug_ranges  0x0000000000002120      0x2a0 _build/nrf52840_xxaa/nrfx_clock.c.o
 .debug_ranges  0x00000000000023c0      0x9a0 _build/nrf52840_xxaa/nrfx_gpiote.c.o
 .debug_ranges  0x0000000000002d60       0x50 _build/nrf52840_xxaa/nrfx_prs.c.o
 .debug_ranges  0x0000000000002db0      0x460 _build/nrf52840_xxaa/nrfx_uart.c.o
 .debug_ranges  0x0000000000003210      0x4b8 _build/nrf52840_xxaa/nrfx_uarte.c.o
 .debug_ranges  0x00000000000036c8       0x10 _build/nrf52840_xxaa/main.c.o
 .debug_ranges  0x00000000000036d8      0x228 _build/nrf52840_xxaa/ble_conn_params.c.o
 .debug_ranges  0x0000000000003900      0x308 _build/nrf52840_xxaa/ble_conn_state.c.o
 .debug_ranges  0x0000000000003c08      0x120 _build/nrf52840_xxaa/ble_srv_common.c.o
 .debug_ranges  0x0000000000003d28      0x118 _build/nrf52840_xxaa/nrf_ble_gatt.c.o
 .debug_ranges  0x0000000000003e40      0x220 _build/nrf52840_xxaa/nrf_sdh.c.o
 .debug_ranges  0x0000000000004060       0xb0 _build/nrf52840_xxaa/nrf_sdh_ble.c.o
 .debug_ranges  0x0000000000004110       0x30 _build/nrf52840_xxaa/nrf_sdh_soc.c.o

.debug_macro    0x0000000000000000     0xd517
 .debug_macro   0x0000000000000000      0x3c3 _build/nrf52840_xxaa/nrf_log_backend_serial.c.o
 .debug_macro   0x00000000000003c3       0x16 _build/nrf52840_xxaa/nrf_log_backend_serial.c.o
 .debug_macro   0x00000000000003d9       0x22 _build/nrf52840_xxaa/nrf_log_backend_serial.c.o
 .debug_macro   0x00000000000003fb       0x46 _build/nrf52840_xxaa/nrf_log_backend_serial.c.o
 .debug_macro   0x0000000000000441       0x88 _build/nrf52840_xxaa/nrf_log_backend_serial.c.o
 .debug_macro   0x00000000000004c9       0x3a _build/nrf52840_xxaa/nrf_log_backend_serial.c.o
 .debug_macro   0x0000000000000503       0x1c _build/nrf52840_xxaa/nrf_log_backend_serial.c.o
 .debug_macro   0x000000000000051f       0x10 _build/nrf52840_xxaa/nrf_log_backend_serial.c.o
 .debug_macro   0x000000000000052f       0x10 _build/nrf52840_xxaa/nrf_log_backend_serial.c.o
 .debug_macro   0x000000000000053f       0xb6 _build/nrf52840_xxaa/nrf_log_backend_serial.c.o
 .debug_macro   0x00000000000005f5       0x16 _build/nrf52840_xxaa/nrf_log_backend_serial.c.o
 .debug_macro   0x000000000000060b      0x129 _build/nrf52840_xxaa/nrf_log_backend_serial.c.o
 .debug_macro   0x0000000000000734       0x49 _build/nrf52840_xxaa/nrf_log_backend_serial.c.o
 .debug_macro   0x000000000000077d       0x8c _build/nrf52840_xxaa/nrf_log_backend_serial.c.o
 .debug_macro   0x0000000000000809       0x31 _build/nrf52840_xxaa/nrf_log_backend_serial.c.o
 .debug_macro   0x000000000000083a       0x55 _build/nrf52840_xxaa/nrf_log_backend_serial.c.o
 .debug_macro   0x000000000000088f       0x98 _build/nrf52840_xxaa/nrf_log_backend_serial.c.o
 .debug_macro   0x0000000000000927       0x10 _build/nrf52840_xxaa/nrf_log_backend_serial.c.o
 .debug_macro   0x0000000000000937       0x1d _build/nrf52840_xxaa/nrf_log_backend_serial.c.o
 .debug_macro   0x0000000000000954       0x2e _build/nrf52840_xxaa/nrf_log_backend_serial.c.o
 .debug_macro   0x0000000000000982       0x1c _build/nrf52840_xxaa/nrf_log_backend_serial.c.o
 .debug_macro   0x000000000000099e      0x185 _build/nrf52840_xxaa/nrf_log_backend_serial.c.o
 .debug_macro   0x0000000000000b23      0x4bf _build/nrf52840_xxaa/nrf_log_backend_uart.c.o
 .debug_macro   0x0000000000000fe2      0x462 _build/nrf52840_xxaa/nrf_log_backend_uart.c.o
 .debug_macro   0x0000000000001444       0x59 _build/nrf52840_xxaa/nrf_log_backend_uart.c.o
 .debug_macro   0x000000000000149d      0xe54 _build/nrf52840_xxaa/nrf_log_backend_uart.c.o
 .debug_macro   0x00000000000022f1      0x14e _build/nrf52840_xxaa/nrf_log_backend_uart.c.o
 .debug_macro   0x000000000000243f       0x5a _build/nrf52840_xxaa/nrf_log_backend_uart.c.o
 .debug_macro   0x0000000000002499       0x1d _build/nrf52840_xxaa/nrf_log_backend_uart.c.o
 .debug_macro   0x00000000000024b6       0xac _build/nrf52840_xxaa/nrf_log_backend_uart.c.o
 .debug_macro   0x0000000000002562       0x1c _build/nrf52840_xxaa/nrf_log_backend_uart.c.o
 .debug_macro   0x000000000000257e       0x40 _build/nrf52840_xxaa/nrf_log_backend_uart.c.o
 .debug_macro   0x00000000000025be       0x20 _build/nrf52840_xxaa/nrf_log_backend_uart.c.o
 .debug_macro   0x00000000000025de       0x10 _build/nrf52840_xxaa/nrf_log_backend_uart.c.o
 .debug_macro   0x00000000000025ee       0x10 _build/nrf52840_xxaa/nrf_log_backend_uart.c.o
 .debug_macro   0x00000000000025fe       0x10 _build/nrf52840_xxaa/nrf_log_backend_uart.c.o
 .debug_macro   0x000000000000260e       0x10 _build/nrf52840_xxaa/nrf_log_backend_uart.c.o
 .debug_macro   0x000000000000261e       0x10 _build/nrf52840_xxaa/nrf_log_backend_uart.c.o
 .debug_macro   0x000000000000262e       0x3f _build/nrf52840_xxaa/nrf_log_backend_uart.c.o
 .debug_macro   0x000000000000266d      0x3b4 _build/nrf52840_xxaa/nrf_log_default_backends.c.o
 .debug_macro   0x0000000000002a21       0x10 _build/nrf52840_xxaa/nrf_log_default_backends.c.o
 .debug_macro   0x0000000000002a31      0x435 _build/nrf52840_xxaa/nrf_log_frontend.c.o
 .debug_macro   0x0000000000002e66       0x16 _build/nrf52840_xxaa/nrf_log_frontend.c.o
 .debug_macro   0x0000000000002e7c       0x9a _build/nrf52840_xxaa/nrf_log_frontend.c.o
 .debug_macro   0x0000000000002f16       0x9e _build/nrf52840_xxaa/nrf_log_frontend.c.o
 .debug_macro   0x0000000000002fb4      0x405 _build/nrf52840_xxaa/nrf_log_str_formatter.c.o
 .debug_macro   0x00000000000033b9       0x9c _build/nrf52840_xxaa/nrf_log_str_formatter.c.o
 .debug_macro   0x0000000000003455      0x48f _build/nrf52840_xxaa/app_button.c.o
 .debug_macro   0x00000000000038e4       0x3f _build/nrf52840_xxaa/app_button.c.o
 .debug_macro   0x0000000000003923       0x19 _build/nrf52840_xxaa/app_button.c.o
 .debug_macro   0x000000000000393c       0x35 _build/nrf52840_xxaa/app_button.c.o
 .debug_macro   0x0000000000003971       0x7b _build/nrf52840_xxaa/app_button.c.o
 .debug_macro   0x00000000000039ec       0x1c _build/nrf52840_xxaa/app_button.c.o
 .debug_macro   0x0000000000003a08       0x1c _build/nrf52840_xxaa/app_button.c.o
 .debug_macro   0x0000000000003a24       0x37 _build/nrf52840_xxaa/app_button.c.o
 .debug_macro   0x0000000000003a5b       0x16 _build/nrf52840_xxaa/app_button.c.o
 .debug_macro   0x0000000000003a71       0x42 _build/nrf52840_xxaa/app_button.c.o
 .debug_macro   0x0000000000003ab3       0x17 _build/nrf52840_xxaa/app_button.c.o
 .debug_macro   0x0000000000003aca       0x45 _build/nrf52840_xxaa/app_button.c.o
 .debug_macro   0x0000000000003b0f       0xcc _build/nrf52840_xxaa/app_button.c.o
 .debug_macro   0x0000000000003bdb       0x10 _build/nrf52840_xxaa/app_button.c.o
 .debug_macro   0x0000000000003beb      0x17f _build/nrf52840_xxaa/app_button.c.o
 .debug_macro   0x0000000000003d6a      0x228 _build/nrf52840_xxaa/app_error.c.o
 .debug_macro   0x0000000000003f92      0x101 _build/nrf52840_xxaa/app_error.c.o
 .debug_macro   0x0000000000004093       0x40 _build/nrf52840_xxaa/app_error.c.o
 .debug_macro   0x00000000000040d3       0x16 _build/nrf52840_xxaa/app_error.c.o
 .debug_macro   0x00000000000040e9       0x97 _build/nrf52840_xxaa/app_error.c.o
 .debug_macro   0x0000000000004180      0x34d _build/nrf52840_xxaa/app_error.c.o
 .debug_macro   0x00000000000044cd       0xf6 _build/nrf52840_xxaa/app_error.c.o
 .debug_macro   0x00000000000045c3      0x3d5 _build/nrf52840_xxaa/app_error_weak.c.o
 .debug_macro   0x0000000000004998       0xfb _build/nrf52840_xxaa/app_error_weak.c.o
 .debug_macro   0x0000000000004a93       0x16 _build/nrf52840_xxaa/app_error_weak.c.o
 .debug_macro   0x0000000000004aa9       0x1c _build/nrf52840_xxaa/app_error_weak.c.o
 .debug_macro   0x0000000000004ac5      0x11b _build/nrf52840_xxaa/app_error_weak.c.o
 .debug_macro   0x0000000000004be0      0x474 _build/nrf52840_xxaa/app_timer2.c.o
 .debug_macro   0x0000000000005054       0x27 _build/nrf52840_xxaa/app_timer2.c.o
 .debug_macro   0x000000000000507b       0x45 _build/nrf52840_xxaa/app_timer2.c.o
 .debug_macro   0x00000000000050c0       0x5b _build/nrf52840_xxaa/app_timer2.c.o
 .debug_macro   0x000000000000511b       0x2e _build/nrf52840_xxaa/app_timer2.c.o
 .debug_macro   0x0000000000005149       0x28 _build/nrf52840_xxaa/app_timer2.c.o
 .debug_macro   0x0000000000005171      0x272 _build/nrf52840_xxaa/app_util_platform.c.o
 .debug_macro   0x00000000000053e3       0xe9 _build/nrf52840_xxaa/app_util_platform.c.o
 .debug_macro   0x00000000000054cc      0x45a _build/nrf52840_xxaa/drv_rtc.c.o
 .debug_macro   0x0000000000005926       0x10 _build/nrf52840_xxaa/drv_rtc.c.o
 .debug_macro   0x0000000000005936      0x2b1 _build/nrf52840_xxaa/nrf_atfifo.c.o
 .debug_macro   0x0000000000005be7       0x58 _build/nrf52840_xxaa/nrf_atfifo.c.o
 .debug_macro   0x0000000000005c3f       0x5c _build/nrf52840_xxaa/nrf_atfifo.c.o
 .debug_macro   0x0000000000005c9b       0x57 _build/nrf52840_xxaa/nrf_atfifo.c.o
 .debug_macro   0x0000000000005cf2      0x250 _build/nrf52840_xxaa/nrf_atflags.c.o
 .debug_macro   0x0000000000005f42       0x22 _build/nrf52840_xxaa/nrf_atflags.c.o
 .debug_macro   0x0000000000005f64      0x250 _build/nrf52840_xxaa/nrf_atomic.c.o
 .debug_macro   0x00000000000061b4       0x42 _build/nrf52840_xxaa/nrf_atomic.c.o
 .debug_macro   0x00000000000061f6      0x378 _build/nrf52840_xxaa/nrf_balloc.c.o
 .debug_macro   0x000000000000656e      0x25c _build/nrf52840_xxaa/nrf_fprintf.c.o
 .debug_macro   0x00000000000067ca       0x58 _build/nrf52840_xxaa/nrf_fprintf.c.o
 .debug_macro   0x0000000000006822      0x2ce _build/nrf52840_xxaa/nrf_fprintf_format.c.o
 .debug_macro   0x0000000000006af0      0x35f _build/nrf52840_xxaa/nrf_memobj.c.o
 .debug_macro   0x0000000000006e4f      0x10e _build/nrf52840_xxaa/nrf_memobj.c.o
 .debug_macro   0x0000000000006f5d       0x86 _build/nrf52840_xxaa/nrf_memobj.c.o
 .debug_macro   0x0000000000006fe3      0x559 _build/nrf52840_xxaa/nrf_pwr_mgmt.c.o
 .debug_macro   0x000000000000753c       0x11 _build/nrf52840_xxaa/nrf_pwr_mgmt.c.o
 .debug_macro   0x000000000000754d       0x10 _build/nrf52840_xxaa/nrf_pwr_mgmt.c.o
 .debug_macro   0x000000000000755d       0x28 _build/nrf52840_xxaa/nrf_pwr_mgmt.c.o
 .debug_macro   0x0000000000007585       0x31 _build/nrf52840_xxaa/nrf_pwr_mgmt.c.o
 .debug_macro   0x00000000000075b6      0x25f _build/nrf52840_xxaa/nrf_section_iter.c.o
 .debug_macro   0x0000000000007815      0x2af _build/nrf52840_xxaa/nrf_sortlist.c.o
 .debug_macro   0x0000000000007ac4      0x158 _build/nrf52840_xxaa/system_nrf52840.c.o
 .debug_macro   0x0000000000007c1c      0x44e _build/nrf52840_xxaa/system_nrf52840.c.o
 .debug_macro   0x000000000000806a      0xa28 _build/nrf52840_xxaa/system_nrf52840.c.o
 .debug_macro   0x0000000000008a92      0x520 _build/nrf52840_xxaa/system_nrf52840.c.o
 .debug_macro   0x0000000000008fb2      0x164 _build/nrf52840_xxaa/system_nrf52840.c.o
 .debug_macro   0x0000000000009116       0x10 _build/nrf52840_xxaa/system_nrf52840.c.o