coap.c:37:6:otCoapMessageInit	24	static
coap.c:55:9:otCoapMessageInitResponse	32	static
coap.c:75:9:otCoapMessageSetToken	32	static
coap.c:94:6:otCoapMessageGenerateToken	24	static
coap.c:111:9:otCoapMessageAppendContentFormatOption	24	static
coap.c:129:9:otCoapMessageAppendOption	32	static
coap.c:149:9:otCoapMessageAppendUintOption	32	static
coap.c:168:9:otCoapMessageAppendObserveOption	24	static
coap.c:186:9:otCoapMessageAppendUriPathOptions	24	static
coap.c:204:9:otCoapMessageAppendProxyUriOption	24	static
coap.c:222:9:otCoapMessageAppendMaxAgeOption	24	static
coap.c:240:9:otCoapMessageAppendUriQueryOption	24	static
coap.c:258:9:otCoapMessageSetPayloadMarker	24	static
coap.c:275:12:otCoapMessageGetType	24	static
coap.c:292:12:otCoapMessageGetCode	24	static
coap.c:309:13:otCoapMessageCodeToString	24	static
coap.c:326:10:otCoapMessageGetMessageId	24	static
coap.c:343:9:otCoapMessageGetTokenLength	24	static
coap.c:360:16:otCoapMessageGetToken	24	static
coap.c:377:21:otCoapMessageGetFirstOption	24	static
coap.c:394:21:otCoapMessageGetNextOption	24	static
coap.c:411:9:otCoapMessageGetOptionValue	24	static
coap.c:429:12:otCoapNewMessage	24	static
coap.c:447:9:otCoapSendRequest	32	static
coap.c:468:9:otCoapStart	24	static
coap.c:485:9:otCoapStop	24	static
coap.c:501:9:otCoapAddResource	24	static
coap.c:518:6:otCoapRemoveResource	24	static
coap.c:534:6:otCoapSetDefaultHandler	32	static
coap.c:553:9:otCoapSendResponse	32	static
