ip6.c:39:9:otIp6SetEnabled	24	static
ip6.c:56:6:otIp6IsEnabled	24	static
ip6.c:72:9:otIp6AddUnicastAddress	24	static
ip6.c:89:9:otIp6RemoveUnicastAddress	24	static
ip6.c:106:23:otIp6GetUnicastAddresses	24	static
ip6.c:122:9:otIp6SubscribeMulticastAddress	24	static
ip6.c:139:9:otIp6UnsubscribeMulticastAddress	24	static
ip6.c:156:32:otIp6GetMulticastAddresses	24	static
ip6.c:172:6:otIp6IsMulticastPromiscuousEnabled	24	static
ip6.c:188:6:otIp6SetMulticastPromiscuousEnabled	24	static
ip6.c:204:12:otIp6NewMessage	24	static
ip6.c:221:12:otIp6NewMessageFromBuffer	32	static
ip6.c:243:6:otIp6SetReceiveCallback	32	static
ip6.c:260:6:otIp6SetAddressCallback	32	static
ip6.c:277:6:otIp6IsReceiveFilterEnabled	24	static
ip6.c:291:6:otIp6SetReceiveFilterEnabled	24	static
ip6.c:307:9:otIp6Send	24	static
ip6.c:324:9:otIp6AddUnsecurePort	24	static
ip6.c:341:9:otIp6RemoveUnsecurePort	24	static
ip6.c:358:6:otIp6RemoveAllUnsecurePorts	24	static
ip6.c:371:17:otIp6GetUnsecurePorts	24	static
ip6.c:388:6:otIp6IsAddressEqual	24	static
ip6.c:406:9:otIp6AddressFromString	24	static
ip6.c:424:9:otIp6PrefixMatch	24	static
ip6.c:442:6:otIp6IsAddressUnspecified	24	static
ip6.c:459:9:otIp6SelectSourceAddress	24	static
ip6.c:476:6:otIp6IsSlaacEnabled	24	static
ip6.c:492:6:otIp6SetSlaacEnabled	24	static
ip6.c:508:6:otIp6SetSlaacPrefixFilter	24	static
