thread_ftd.c:36:10:otThreadGetMaxAllowedChildren	24	static
thread_ftd.c:52:9:otThreadSetMaxAllowedChildren	24	static
thread_ftd.c:69:6:otThreadIsRouterRoleEnabled	24	static
thread_ftd.c:85:6:otThreadSetRouterRoleEnabled	24	static
thread_ftd.c:101:9:otThreadSetPreferredRouterId	24	static
thread_ftd.c:118:9:otThreadGetLocalLeaderWeight	24	static
thread_ftd.c:134:6:otThreadSetLocalLeaderWeight	24	static
thread_ftd.c:150:10:otThreadGetLocalLeaderPartitionId	24	static
thread_ftd.c:166:6:otThreadSetLocalLeaderPartitionId	24	static
thread_ftd.c:182:10:otThreadGetJoinerUdpPort	24	static
thread_ftd.c:198:9:otThreadSetJoinerUdpPort	24	static
thread_ftd.c:215:6:otThreadSetSteeringData	24	static
thread_ftd.c:231:10:otThreadGetContextIdReuseDelay	24	static
thread_ftd.c:247:6:otThreadSetContextIdReuseDelay	24	static
thread_ftd.c:263:9:otThreadGetNetworkIdTimeout	24	static
thread_ftd.c:279:6:otThreadSetNetworkIdTimeout	24	static
thread_ftd.c:295:9:otThreadGetRouterUpgradeThreshold	24	static
thread_ftd.c:311:6:otThreadSetRouterUpgradeThreshold	24	static
thread_ftd.c:327:9:otThreadReleaseRouterId	24	static
thread_ftd.c:344:9:otThreadBecomeRouter	24	static
thread_ftd.c:360:9:otThreadBecomeLeader	24	static
thread_ftd.c:376:9:otThreadGetRouterDowngradeThreshold	24	static
thread_ftd.c:392:6:otThreadSetRouterDowngradeThreshold	24	static
thread_ftd.c:408:9:otThreadGetRouterSelectionJitter	24	static
thread_ftd.c:424:6:otThreadSetRouterSelectionJitter	24	static
thread_ftd.c:440:9:otThreadGetChildInfoById	32	static
thread_ftd.c:458:9:otThreadGetChildInfoByIndex	32	static
thread_ftd.c:476:9:otThreadGetChildNextIp6Address	32	static
thread_ftd.c:498:9:otThreadGetRouterIdSequence	24	static
thread_ftd.c:514:9:otThreadGetMaxRouterId	24	static
thread_ftd.c:530:9:otThreadGetRouterInfo	32	static
thread_ftd.c:548:9:otThreadGetEidCacheEntry	32	static
thread_ftd.c:566:15:otThreadGetPskc	24	static
thread_ftd.c:582:9:otThreadSetPskc	24	static
thread_ftd.c:599:8:otThreadGetParentPriority	24	static
thread_ftd.c:615:9:otThreadSetParentPriority	24	static
thread_ftd.c:632:6:otThreadRegisterNeighborTableCallback	24	static
