thread.c:35:9:otThreadSetEnabled	24	static
thread.c:52:10:otThreadGetVersion	16	static
thread.c:68:6:otThreadIsSingleton	24	static
thread.c:84:9:otThreadDiscover	32	static
thread.c:112:6:otThreadIsDiscoverInProgress	24	static
thread.c:128:10:otThreadGetChildTimeout	24	static
thread.c:144:6:otThreadSetChildTimeout	24	static
thread.c:160:24:otThreadGetExtendedPanId	24	static
thread.c:176:9:otThreadSetExtendedPanId	24	static
thread.c:193:9:otThreadGetLeaderRloc	24	static
thread.c:210:18:otThreadGetLinkMode	24	static
thread.c:235:9:otThreadSetLinkMode	24	static
thread.c:257:20:otThreadGetMasterKey	24	static
thread.c:273:9:otThreadSetMasterKey	24	static
thread.c:290:21:otThreadGetRloc	24	static
thread.c:306:21:otThreadGetMeshLocalEid	24	static
thread.c:322:26:otThreadGetMeshLocalPrefix	24	static
thread.c:338:9:otThreadSetMeshLocalPrefix	24	static
thread.c:355:21:otThreadGetLinkLocalIp6Address	24	static
thread.c:371:13:otThreadGetNetworkName	24	static
thread.c:387:9:otThreadSetNetworkName	24	static
thread.c:404:10:otThreadGetKeySequenceCounter	24	static
thread.c:420:6:otThreadSetKeySequenceCounter	24	static
thread.c:436:10:otThreadGetKeySwitchGuardTime	24	static
thread.c:452:6:otThreadSetKeySwitchGuardTime	24	static
thread.c:468:9:otThreadBecomeDetached	24	static
thread.c:484:9:otThreadBecomeChild	24	static
thread.c:500:9:otThreadGetNextNeighborInfo	32	static
thread.c:519:14:otThreadGetDeviceRole	24	static
thread.c:535:9:otThreadGetLeaderData	24	static
thread.c:552:9:otThreadGetLeaderRouterId	24	static
thread.c:568:9:otThreadGetLeaderWeight	24	static
thread.c:584:10:otThreadGetPartitionId	24	static
thread.c:600:10:otThreadGetRloc16	24	static
thread.c:616:9:otThreadGetParentInfo	24	static
thread.c:633:9:otThreadGetParentAverageRssi	24	static
thread.c:650:9:otThreadGetParentLastRssi	24	static
thread.c:667:6:otThreadSetReceiveDiagnosticGetCallback	32	static
thread.c:686:9:otThreadSendDiagnosticGet	32	static
thread.c:708:9:otThreadSendDiagnosticReset	32	static
thread.c:730:21:otThreadGetIp6Counters	24	static
thread.c:746:6:otThreadResetIp6Counters	24	static
thread.c:761:22:otThreadGetMleCounters	24	static
thread.c:777:6:otThreadResetMleCounters	24	static
thread.c:790:6:otThreadRegisterParentResponseCallback	32	static
