stm32wbxx_ll_system.h:2221:26:LL_FLASH_GetUDN	4	static
stm32wbxx_ll_system.h:2233:26:LL_FLASH_GetDeviceID	4	static
stm32wbxx_ll_system.h:2245:26:LL_FLASH_GetSTCompanyID	4	static
app_ble.c:370:6:APP_BLE_Init_Dyn_1	64	static
app_ble.c:472:6:APP_BLE_Init_Dyn_2	8	static
app_ble.c:496:28:SVCCTL_App_Notification	40	static
app_ble.c:646:22:APP_BLE_Get_Server_Connection_Status	4	static
app_ble.c:652:6:APP_BLE_Key_Button1_Action	8	static
app_ble.c:657:6:APP_BLE_Key_Button2_Action	8	static
app_ble.c:669:6:APP_BLE_Key_Button3_Action	4	static
app_ble.c:673:6:APP_BLE_Stop	8	static
app_ble.c:688:13:Ble_Tl_Init	16	static
app_ble.c:699:14:Ble_Hci_Gap_Gatt_Init	88	static
app_ble.c:841:13:Adv_Request	56	static
app_ble.c:927:16:BleGetBdAddress	32	static
app_ble.c:984:13:Adv_Cancel	16	static
app_ble.c:1030:13:Switch_OFF_GPIO	8	static
app_ble.c:1037:6:BLE_SVC_L2CAP_Conn_Update	48	static
app_ble.c:1078:6:hci_notify_asynch_evt	16	static
app_ble.c:1084:6:hci_cmd_resp_release	16	static
app_ble.c:1090:6:hci_cmd_resp_wait	16	static
app_ble.c:1096:13:BLE_UserEvtRx	24	static
app_ble.c:1114:13:BLE_StatusNot	24	static
app_ble.c:1145:6:SVCCTL_ResumeUserEventFlow	8	static
