app_thread.c:148:6:APP_THREAD_Init_Dyn_1	16	static
app_thread.c:194:6:APP_THREAD_Init_Dyn_2	8	static
app_thread.c:204:6:APP_THREAD_Stop	16	static
app_thread.c:215:6:APP_THREAD_CleanCallbacks	8	static
app_thread.c:231:6:APP_THREAD_Error	16	static
app_thread.c:305:13:APP_THREAD_DeviceConfig	16	static
app_thread.c:368:13:APP_THREAD_StateNotif	16	static
app_thread.c:441:13:APP_THREAD_TraceError	24	static
app_thread.c:463:13:APP_THREAD_CheckWirelessFirmwareInfo	40	static
app_thread.c:513:13:APP_THREAD_CoapSendRequest	48	static
app_thread.c:604:13:APP_THREAD_SetSleepyEndDeviceMode	16	static
app_thread.c:661:13:APP_THREAD_SendCoapMsg	8	static
app_thread.c:673:13:APP_THREAD_CoapRequestHandler	24	static
app_thread.c:709:13:APP_THREAD_SendCoapMulticastRequest	40	static
app_thread.c:741:13:APP_THREAD_CoapTimingElapsed	8	static
app_thread.c:754:6:APP_THREAD_RegisterCmdBuffer	16	static
app_thread.c:760:26:THREAD_Get_OTCmdPayloadBuffer	4	static
app_thread.c:765:26:THREAD_Get_OTCmdRspPayloadBuffer	4	static
app_thread.c:770:26:THREAD_Get_NotificationPayloadBuffer	4	static
app_thread.c:775:13:Ot_Cmd_Transfer_Common	16	static
app_thread.c:797:6:Ot_Cmd_Transfer	8	static
app_thread.c:809:6:Ot_Cmd_TransferWithNotif	8	static
app_thread.c:823:6:TL_OT_CmdEvtReceived	16	static
app_thread.c:840:6:TL_THREAD_NotReceived	16	static
app_thread.c:855:6:Pre_OtCmdProcessing	8	static
app_thread.c:866:13:Wait_Getting_Ack_From_M0	8	static
app_thread.c:878:13:Receive_Ack_From_M0	8	static
app_thread.c:889:13:Receive_Notification_From_M0	8	static
app_thread.c:898:13:RxCpltCallback	8	static
app_thread.c:965:13:Send_CLI_To_M0	8	static
app_thread.c:986:13:Send_CLI_Ack_For_OT	8	static
app_thread.c:998:6:APP_THREAD_Init_UART_CLI	8	static
app_thread.c:1018:6:APP_THREAD_TL_THREAD_INIT	8	static
app_thread.c:1033:6:TL_THREAD_CliNotReceived	24	static
app_thread.c:1060:6:HostTxCb	8	static
app_thread.c:1070:6:APP_THREAD_ProcessMsgM0ToM4	8	static
